<!doctype html public "-//w3c//dtd html 4.0 transitional//en">
<html><head>
<title>Static Call Graph - [.\Objects\Demo_mini_Project.axf]</title></head>
<body><HR>
<H1>Static Call Graph for image .\Objects\Demo_mini_Project.axf</H1><HR>
<BR><P>#&#060CALLGRAPH&#062# ARM Linker, 6240002: Last Updated: Thu Jun 11 11:11:42 2026
<BR><P>
<H3>Maximum Stack Usage =        288 bytes + Unknown(Functions without stacksize, Cycles, Untraceable Function Pointers)</H3><H3>
Call chain for Maximum Stack Depth:</H3>
__rt_entry_main &rArr; main &rArr; App_Run &rArr; UpdateLCD &rArr; LCD_PrintTemp &rArr; lcd_print &rArr; lcd_write_cmd &rArr; delay_us
<P>
<H3>
Functions with no stack information
</H3><UL>
 <LI><a href="#[5b]">__user_initial_stackheap</a>
</UL>
</UL>
<P>
<H3>
Mutually Recursive functions
</H3> <LI><a href="#[1]">NMI_Handler</a>&nbsp;&nbsp;&nbsp;&rArr;&nbsp;&nbsp;&nbsp;<a href="#[1]">NMI_Handler</a><BR>
 <LI><a href="#[2]">HardFault_Handler</a>&nbsp;&nbsp;&nbsp;&rArr;&nbsp;&nbsp;&nbsp;<a href="#[2]">HardFault_Handler</a><BR>
 <LI><a href="#[3]">MemManage_Handler</a>&nbsp;&nbsp;&nbsp;&rArr;&nbsp;&nbsp;&nbsp;<a href="#[3]">MemManage_Handler</a><BR>
 <LI><a href="#[4]">BusFault_Handler</a>&nbsp;&nbsp;&nbsp;&rArr;&nbsp;&nbsp;&nbsp;<a href="#[4]">BusFault_Handler</a><BR>
 <LI><a href="#[5]">UsageFault_Handler</a>&nbsp;&nbsp;&nbsp;&rArr;&nbsp;&nbsp;&nbsp;<a href="#[5]">UsageFault_Handler</a><BR>
 <LI><a href="#[6]">SVC_Handler</a>&nbsp;&nbsp;&nbsp;&rArr;&nbsp;&nbsp;&nbsp;<a href="#[6]">SVC_Handler</a><BR>
 <LI><a href="#[7]">DebugMon_Handler</a>&nbsp;&nbsp;&nbsp;&rArr;&nbsp;&nbsp;&nbsp;<a href="#[7]">DebugMon_Handler</a><BR>
 <LI><a href="#[8]">PendSV_Handler</a>&nbsp;&nbsp;&nbsp;&rArr;&nbsp;&nbsp;&nbsp;<a href="#[8]">PendSV_Handler</a><BR>
 <LI><a href="#[1c]">ADC_IRQHandler</a>&nbsp;&nbsp;&nbsp;&rArr;&nbsp;&nbsp;&nbsp;<a href="#[1c]">ADC_IRQHandler</a><BR>
</UL>
<P>
<H3>
Function Pointers
</H3><UL>
 <LI><a href="#[1c]">ADC_IRQHandler</a> from startup_stm32f401xe.o(.text) referenced from startup_stm32f401xe.o(RESET)
 <LI><a href="#[4]">BusFault_Handler</a> from startup_stm32f401xe.o(.text) referenced from startup_stm32f401xe.o(RESET)
 <LI><a href="#[15]">DMA1_Stream0_IRQHandler</a> from startup_stm32f401xe.o(.text) referenced from startup_stm32f401xe.o(RESET)
 <LI><a href="#[16]">DMA1_Stream1_IRQHandler</a> from startup_stm32f401xe.o(.text) referenced from startup_stm32f401xe.o(RESET)
 <LI><a href="#[17]">DMA1_Stream2_IRQHandler</a> from startup_stm32f401xe.o(.text) referenced from startup_stm32f401xe.o(RESET)
 <LI><a href="#[18]">DMA1_Stream3_IRQHandler</a> from startup_stm32f401xe.o(.text) referenced from startup_stm32f401xe.o(RESET)
 <LI><a href="#[19]">DMA1_Stream4_IRQHandler</a> from startup_stm32f401xe.o(.text) referenced from startup_stm32f401xe.o(RESET)
 <LI><a href="#[1a]">DMA1_Stream5_IRQHandler</a> from startup_stm32f401xe.o(.text) referenced from startup_stm32f401xe.o(RESET)
 <LI><a href="#[1b]">DMA1_Stream6_IRQHandler</a> from startup_stm32f401xe.o(.text) referenced from startup_stm32f401xe.o(RESET)
 <LI><a href="#[30]">DMA1_Stream7_IRQHandler</a> from startup_stm32f401xe.o(.text) referenced from startup_stm32f401xe.o(RESET)
 <LI><a href="#[34]">DMA2_Stream0_IRQHandler</a> from startup_stm32f401xe.o(.text) referenced from startup_stm32f401xe.o(RESET)
 <LI><a href="#[35]">DMA2_Stream1_IRQHandler</a> from startup_stm32f401xe.o(.text) referenced from startup_stm32f401xe.o(RESET)
 <LI><a href="#[36]">DMA2_Stream2_IRQHandler</a> from startup_stm32f401xe.o(.text) referenced from startup_stm32f401xe.o(RESET)
 <LI><a href="#[37]">DMA2_Stream3_IRQHandler</a> from startup_stm32f401xe.o(.text) referenced from startup_stm32f401xe.o(RESET)
 <LI><a href="#[38]">DMA2_Stream4_IRQHandler</a> from startup_stm32f401xe.o(.text) referenced from startup_stm32f401xe.o(RESET)
 <LI><a href="#[3a]">DMA2_Stream5_IRQHandler</a> from startup_stm32f401xe.o(.text) referenced from startup_stm32f401xe.o(RESET)
 <LI><a href="#[3b]">DMA2_Stream6_IRQHandler</a> from startup_stm32f401xe.o(.text) referenced from startup_stm32f401xe.o(RESET)
 <LI><a href="#[3c]">DMA2_Stream7_IRQHandler</a> from startup_stm32f401xe.o(.text) referenced from startup_stm32f401xe.o(RESET)
 <LI><a href="#[7]">DebugMon_Handler</a> from startup_stm32f401xe.o(.text) referenced from startup_stm32f401xe.o(RESET)
 <LI><a href="#[10]">EXTI0_IRQHandler</a> from gpio.o(.text.EXTI0_IRQHandler) referenced from startup_stm32f401xe.o(RESET)
 <LI><a href="#[2d]">EXTI15_10_IRQHandler</a> from gpio.o(.text.EXTI15_10_IRQHandler) referenced from startup_stm32f401xe.o(RESET)
 <LI><a href="#[11]">EXTI1_IRQHandler</a> from gpio.o(.text.EXTI1_IRQHandler) referenced from startup_stm32f401xe.o(RESET)
 <LI><a href="#[12]">EXTI2_IRQHandler</a> from gpio.o(.text.EXTI2_IRQHandler) referenced from startup_stm32f401xe.o(RESET)
 <LI><a href="#[13]">EXTI3_IRQHandler</a> from gpio.o(.text.EXTI3_IRQHandler) referenced from startup_stm32f401xe.o(RESET)
 <LI><a href="#[14]">EXTI4_IRQHandler</a> from gpio.o(.text.EXTI4_IRQHandler) referenced from startup_stm32f401xe.o(RESET)
 <LI><a href="#[1d]">EXTI9_5_IRQHandler</a> from gpio.o(.text.EXTI9_5_IRQHandler) referenced from startup_stm32f401xe.o(RESET)
 <LI><a href="#[e]">FLASH_IRQHandler</a> from startup_stm32f401xe.o(.text) referenced from startup_stm32f401xe.o(RESET)
 <LI><a href="#[40]">FPU_IRQHandler</a> from startup_stm32f401xe.o(.text) referenced from startup_stm32f401xe.o(RESET)
 <LI><a href="#[2]">HardFault_Handler</a> from startup_stm32f401xe.o(.text) referenced from startup_stm32f401xe.o(RESET)
 <LI><a href="#[26]">I2C1_ER_IRQHandler</a> from startup_stm32f401xe.o(.text) referenced from startup_stm32f401xe.o(RESET)
 <LI><a href="#[25]">I2C1_EV_IRQHandler</a> from startup_stm32f401xe.o(.text) referenced from startup_stm32f401xe.o(RESET)
 <LI><a href="#[28]">I2C2_ER_IRQHandler</a> from startup_stm32f401xe.o(.text) referenced from startup_stm32f401xe.o(RESET)
 <LI><a href="#[27]">I2C2_EV_IRQHandler</a> from startup_stm32f401xe.o(.text) referenced from startup_stm32f401xe.o(RESET)
 <LI><a href="#[3f]">I2C3_ER_IRQHandler</a> from startup_stm32f401xe.o(.text) referenced from startup_stm32f401xe.o(RESET)
 <LI><a href="#[3e]">I2C3_EV_IRQHandler</a> from startup_stm32f401xe.o(.text) referenced from startup_stm32f401xe.o(RESET)
 <LI><a href="#[3]">MemManage_Handler</a> from startup_stm32f401xe.o(.text) referenced from startup_stm32f401xe.o(RESET)
 <LI><a href="#[1]">NMI_Handler</a> from startup_stm32f401xe.o(.text) referenced from startup_stm32f401xe.o(RESET)
 <LI><a href="#[39]">OTG_FS_IRQHandler</a> from startup_stm32f401xe.o(.text) referenced from startup_stm32f401xe.o(RESET)
 <LI><a href="#[2f]">OTG_FS_WKUP_IRQHandler</a> from startup_stm32f401xe.o(.text) referenced from startup_stm32f401xe.o(RESET)
 <LI><a href="#[b]">PVD_IRQHandler</a> from startup_stm32f401xe.o(.text) referenced from startup_stm32f401xe.o(RESET)
 <LI><a href="#[8]">PendSV_Handler</a> from startup_stm32f401xe.o(.text) referenced from startup_stm32f401xe.o(RESET)
 <LI><a href="#[f]">RCC_IRQHandler</a> from startup_stm32f401xe.o(.text) referenced from startup_stm32f401xe.o(RESET)
 <LI><a href="#[2e]">RTC_Alarm_IRQHandler</a> from startup_stm32f401xe.o(.text) referenced from startup_stm32f401xe.o(RESET)
 <LI><a href="#[d]">RTC_WKUP_IRQHandler</a> from startup_stm32f401xe.o(.text) referenced from startup_stm32f401xe.o(RESET)
 <LI><a href="#[0]">Reset_Handler</a> from startup_stm32f401xe.o(.text) referenced from startup_stm32f401xe.o(RESET)
 <LI><a href="#[31]">SDIO_IRQHandler</a> from startup_stm32f401xe.o(.text) referenced from startup_stm32f401xe.o(RESET)
 <LI><a href="#[29]">SPI1_IRQHandler</a> from startup_stm32f401xe.o(.text) referenced from startup_stm32f401xe.o(RESET)
 <LI><a href="#[2a]">SPI2_IRQHandler</a> from startup_stm32f401xe.o(.text) referenced from startup_stm32f401xe.o(RESET)
 <LI><a href="#[33]">SPI3_IRQHandler</a> from startup_stm32f401xe.o(.text) referenced from startup_stm32f401xe.o(RESET)
 <LI><a href="#[41]">SPI4_IRQHandler</a> from startup_stm32f401xe.o(.text) referenced from startup_stm32f401xe.o(RESET)
 <LI><a href="#[6]">SVC_Handler</a> from startup_stm32f401xe.o(.text) referenced from startup_stm32f401xe.o(RESET)
 <LI><a href="#[9]">SysTick_Handler</a> from timer.o(.text.SysTick_Handler) referenced from startup_stm32f401xe.o(RESET)
 <LI><a href="#[42]">SystemInit</a> from system_stm32f4xx.o(.text.SystemInit) referenced from startup_stm32f401xe.o(.text)
 <LI><a href="#[c]">TAMP_STAMP_IRQHandler</a> from startup_stm32f401xe.o(.text) referenced from startup_stm32f401xe.o(RESET)
 <LI><a href="#[1e]">TIM1_BRK_TIM9_IRQHandler</a> from startup_stm32f401xe.o(.text) referenced from startup_stm32f401xe.o(RESET)
 <LI><a href="#[21]">TIM1_CC_IRQHandler</a> from startup_stm32f401xe.o(.text) referenced from startup_stm32f401xe.o(RESET)
 <LI><a href="#[20]">TIM1_TRG_COM_TIM11_IRQHandler</a> from startup_stm32f401xe.o(.text) referenced from startup_stm32f401xe.o(RESET)
 <LI><a href="#[1f]">TIM1_UP_TIM10_IRQHandler</a> from startup_stm32f401xe.o(.text) referenced from startup_stm32f401xe.o(RESET)
 <LI><a href="#[22]">TIM2_IRQHandler</a> from timer_delay.o(.text.TIM2_IRQHandler) referenced from startup_stm32f401xe.o(RESET)
 <LI><a href="#[23]">TIM3_IRQHandler</a> from startup_stm32f401xe.o(.text) referenced from startup_stm32f401xe.o(RESET)
 <LI><a href="#[24]">TIM4_IRQHandler</a> from startup_stm32f401xe.o(.text) referenced from startup_stm32f401xe.o(RESET)
 <LI><a href="#[32]">TIM5_IRQHandler</a> from startup_stm32f401xe.o(.text) referenced from startup_stm32f401xe.o(RESET)
 <LI><a href="#[2b]">USART1_IRQHandler</a> from startup_stm32f401xe.o(.text) referenced from startup_stm32f401xe.o(RESET)
 <LI><a href="#[2c]">USART2_IRQHandler</a> from uart.o(.text.USART2_IRQHandler) referenced from startup_stm32f401xe.o(RESET)
 <LI><a href="#[3d]">USART6_IRQHandler</a> from startup_stm32f401xe.o(.text) referenced from startup_stm32f401xe.o(RESET)
 <LI><a href="#[5]">UsageFault_Handler</a> from startup_stm32f401xe.o(.text) referenced from startup_stm32f401xe.o(RESET)
 <LI><a href="#[a]">WWDG_IRQHandler</a> from startup_stm32f401xe.o(.text) referenced from startup_stm32f401xe.o(RESET)
 <LI><a href="#[43]">__main</a> from __main.o(!!!main) referenced from startup_stm32f401xe.o(.text)
</UL>
<P>
<H3>
Global Symbols
</H3>
<P><STRONG><a name="[43]"></a>__main</STRONG> (Thumb, 8 bytes, Stack size 0 bytes, __main.o(!!!main))
<BR><BR>[Calls]<UL><LI><a href="#[44]">&gt;&gt;</a>&nbsp;&nbsp;&nbsp;__scatterload
<LI><a href="#[45]">&gt;&gt;</a>&nbsp;&nbsp;&nbsp;__rt_entry
</UL>
<BR>[Address Reference Count : 1]<UL><LI> startup_stm32f401xe.o(.text)
</UL>
<P><STRONG><a name="[44]"></a>__scatterload</STRONG> (Thumb, 0 bytes, Stack size unknown bytes, __scatter.o(!!!scatter))
<BR><BR>[Called By]<UL><LI><a href="#[43]">&gt;&gt;</a>&nbsp;&nbsp;&nbsp;__main
</UL>

<P><STRONG><a name="[46]"></a>__scatterload_rt2</STRONG> (Thumb, 84 bytes, Stack size unknown bytes, __scatter.o(!!!scatter), UNUSED)
<BR><BR>[Calls]<UL><LI><a href="#[45]">&gt;&gt;</a>&nbsp;&nbsp;&nbsp;__rt_entry
</UL>

<P><STRONG><a name="[c6]"></a>__scatterload_rt2_thumb_only</STRONG> (Thumb, 0 bytes, Stack size unknown bytes, __scatter.o(!!!scatter), UNUSED)

<P><STRONG><a name="[c7]"></a>__scatterload_loop</STRONG> (Thumb, 0 bytes, Stack size unknown bytes, __scatter.o(!!!scatter), UNUSED)

<P><STRONG><a name="[47]"></a>__scatterload_copy</STRONG> (Thumb, 26 bytes, Stack size unknown bytes, __scatter_copy.o(!!handler_copy), UNUSED)
<BR><BR>[Calls]<UL><LI><a href="#[47]">&gt;&gt;</a>&nbsp;&nbsp;&nbsp;__scatterload_copy
</UL>
<BR>[Called By]<UL><LI><a href="#[47]">&gt;&gt;</a>&nbsp;&nbsp;&nbsp;__scatterload_copy
</UL>

<P><STRONG><a name="[c8]"></a>__scatterload_null</STRONG> (Thumb, 2 bytes, Stack size unknown bytes, __scatter.o(!!handler_null), UNUSED)

<P><STRONG><a name="[c9]"></a>__scatterload_zeroinit</STRONG> (Thumb, 28 bytes, Stack size unknown bytes, __scatter_zi.o(!!handler_zi), UNUSED)

<P><STRONG><a name="[4d]"></a>__rt_lib_init</STRONG> (Thumb, 0 bytes, Stack size unknown bytes, libinit.o(.ARM.Collect$$libinit$$00000000))
<BR><BR>[Called By]<UL><LI><a href="#[4c]">&gt;&gt;</a>&nbsp;&nbsp;&nbsp;__rt_entry_li
</UL>

<P><STRONG><a name="[48]"></a>__rt_lib_init_fp_1</STRONG> (Thumb, 0 bytes, Stack size unknown bytes, libinit2.o(.ARM.Collect$$libinit$$00000001))
<BR><BR>[Calls]<UL><LI><a href="#[49]">&gt;&gt;</a>&nbsp;&nbsp;&nbsp;_fp_init
</UL>

<P><STRONG><a name="[ca]"></a>__rt_lib_init_alloca_1</STRONG> (Thumb, 0 bytes, Stack size unknown bytes, libinit2.o(.ARM.Collect$$libinit$$00000030))

<P><STRONG><a name="[cb]"></a>__rt_lib_init_argv_1</STRONG> (Thumb, 0 bytes, Stack size unknown bytes, libinit2.o(.ARM.Collect$$libinit$$0000002E))

<P><STRONG><a name="[cc]"></a>__rt_lib_init_atexit_1</STRONG> (Thumb, 0 bytes, Stack size unknown bytes, libinit2.o(.ARM.Collect$$libinit$$0000001D))

<P><STRONG><a name="[cd]"></a>__rt_lib_init_clock_1</STRONG> (Thumb, 0 bytes, Stack size unknown bytes, libinit2.o(.ARM.Collect$$libinit$$00000023))

<P><STRONG><a name="[ce]"></a>__rt_lib_init_cpp_1</STRONG> (Thumb, 0 bytes, Stack size unknown bytes, libinit2.o(.ARM.Collect$$libinit$$00000034))

<P><STRONG><a name="[cf]"></a>__rt_lib_init_exceptions_1</STRONG> (Thumb, 0 bytes, Stack size unknown bytes, libinit2.o(.ARM.Collect$$libinit$$00000032))

<P><STRONG><a name="[d0]"></a>__rt_lib_init_fp_trap_1</STRONG> (Thumb, 0 bytes, Stack size unknown bytes, libinit2.o(.ARM.Collect$$libinit$$00000021))

<P><STRONG><a name="[d1]"></a>__rt_lib_init_getenv_1</STRONG> (Thumb, 0 bytes, Stack size unknown bytes, libinit2.o(.ARM.Collect$$libinit$$00000025))

<P><STRONG><a name="[d2]"></a>__rt_lib_init_heap_1</STRONG> (Thumb, 0 bytes, Stack size unknown bytes, libinit2.o(.ARM.Collect$$libinit$$0000000C))

<P><STRONG><a name="[d3]"></a>__rt_lib_init_lc_collate_1</STRONG> (Thumb, 0 bytes, Stack size unknown bytes, libinit2.o(.ARM.Collect$$libinit$$00000013))

<P><STRONG><a name="[d4]"></a>__rt_lib_init_lc_ctype_1</STRONG> (Thumb, 0 bytes, Stack size unknown bytes, libinit2.o(.ARM.Collect$$libinit$$00000015))

<P><STRONG><a name="[d5]"></a>__rt_lib_init_lc_monetary_1</STRONG> (Thumb, 0 bytes, Stack size unknown bytes, libinit2.o(.ARM.Collect$$libinit$$00000017))

<P><STRONG><a name="[d6]"></a>__rt_lib_init_lc_numeric_1</STRONG> (Thumb, 0 bytes, Stack size unknown bytes, libinit2.o(.ARM.Collect$$libinit$$00000019))

<P><STRONG><a name="[d7]"></a>__rt_lib_init_lc_time_1</STRONG> (Thumb, 0 bytes, Stack size unknown bytes, libinit2.o(.ARM.Collect$$libinit$$0000001B))

<P><STRONG><a name="[d8]"></a>__rt_lib_init_preinit_1</STRONG> (Thumb, 0 bytes, Stack size unknown bytes, libinit2.o(.ARM.Collect$$libinit$$00000006))

<P><STRONG><a name="[d9]"></a>__rt_lib_init_rand_1</STRONG> (Thumb, 0 bytes, Stack size unknown bytes, libinit2.o(.ARM.Collect$$libinit$$00000010))

<P><STRONG><a name="[da]"></a>__rt_lib_init_relocate_pie_1</STRONG> (Thumb, 0 bytes, Stack size unknown bytes, libinit2.o(.ARM.Collect$$libinit$$00000004))

<P><STRONG><a name="[db]"></a>__rt_lib_init_return</STRONG> (Thumb, 0 bytes, Stack size unknown bytes, libinit2.o(.ARM.Collect$$libinit$$00000035))

<P><STRONG><a name="[dc]"></a>__rt_lib_init_signal_1</STRONG> (Thumb, 0 bytes, Stack size unknown bytes, libinit2.o(.ARM.Collect$$libinit$$0000001F))

<P><STRONG><a name="[dd]"></a>__rt_lib_init_stdio_1</STRONG> (Thumb, 0 bytes, Stack size unknown bytes, libinit2.o(.ARM.Collect$$libinit$$00000027))

<P><STRONG><a name="[de]"></a>__rt_lib_init_user_alloc_1</STRONG> (Thumb, 0 bytes, Stack size unknown bytes, libinit2.o(.ARM.Collect$$libinit$$0000000E))

<P><STRONG><a name="[52]"></a>__rt_lib_shutdown</STRONG> (Thumb, 0 bytes, Stack size unknown bytes, libshutdown.o(.ARM.Collect$$libshutdown$$00000000))
<BR><BR>[Called By]<UL><LI><a href="#[51]">&gt;&gt;</a>&nbsp;&nbsp;&nbsp;__rt_exit_ls
</UL>

<P><STRONG><a name="[df]"></a>__rt_lib_shutdown_cpp_1</STRONG> (Thumb, 0 bytes, Stack size unknown bytes, libshutdown2.o(.ARM.Collect$$libshutdown$$00000002))

<P><STRONG><a name="[e0]"></a>__rt_lib_shutdown_fp_trap_1</STRONG> (Thumb, 0 bytes, Stack size unknown bytes, libshutdown2.o(.ARM.Collect$$libshutdown$$00000007))

<P><STRONG><a name="[e1]"></a>__rt_lib_shutdown_heap_1</STRONG> (Thumb, 0 bytes, Stack size unknown bytes, libshutdown2.o(.ARM.Collect$$libshutdown$$0000000F))

<P><STRONG><a name="[e2]"></a>__rt_lib_shutdown_return</STRONG> (Thumb, 0 bytes, Stack size unknown bytes, libshutdown2.o(.ARM.Collect$$libshutdown$$00000010))

<P><STRONG><a name="[e3]"></a>__rt_lib_shutdown_signal_1</STRONG> (Thumb, 0 bytes, Stack size unknown bytes, libshutdown2.o(.ARM.Collect$$libshutdown$$0000000A))

<P><STRONG><a name="[e4]"></a>__rt_lib_shutdown_stdio_1</STRONG> (Thumb, 0 bytes, Stack size unknown bytes, libshutdown2.o(.ARM.Collect$$libshutdown$$00000004))

<P><STRONG><a name="[e5]"></a>__rt_lib_shutdown_user_alloc_1</STRONG> (Thumb, 0 bytes, Stack size unknown bytes, libshutdown2.o(.ARM.Collect$$libshutdown$$0000000C))

<P><STRONG><a name="[45]"></a>__rt_entry</STRONG> (Thumb, 0 bytes, Stack size unknown bytes, __rtentry.o(.ARM.Collect$$rtentry$$00000000))
<BR><BR>[Called By]<UL><LI><a href="#[46]">&gt;&gt;</a>&nbsp;&nbsp;&nbsp;__scatterload_rt2
<LI><a href="#[43]">&gt;&gt;</a>&nbsp;&nbsp;&nbsp;__main
</UL>

<P><STRONG><a name="[e6]"></a>__rt_entry_presh_1</STRONG> (Thumb, 0 bytes, Stack size unknown bytes, __rtentry2.o(.ARM.Collect$$rtentry$$00000002))

<P><STRONG><a name="[4a]"></a>__rt_entry_sh</STRONG> (Thumb, 0 bytes, Stack size unknown bytes, __rtentry4.o(.ARM.Collect$$rtentry$$00000004))
<BR><BR>[Stack]<UL><LI>Max Depth = 8 + Unknown Stack Size
<LI>Call Chain = __rt_entry_sh &rArr; __user_setup_stackheap
</UL>
<BR>[Calls]<UL><LI><a href="#[4b]">&gt;&gt;</a>&nbsp;&nbsp;&nbsp;__user_setup_stackheap
</UL>

<P><STRONG><a name="[4c]"></a>__rt_entry_li</STRONG> (Thumb, 0 bytes, Stack size unknown bytes, __rtentry2.o(.ARM.Collect$$rtentry$$0000000A))
<BR><BR>[Calls]<UL><LI><a href="#[4d]">&gt;&gt;</a>&nbsp;&nbsp;&nbsp;__rt_lib_init
</UL>

<P><STRONG><a name="[e7]"></a>__rt_entry_postsh_1</STRONG> (Thumb, 0 bytes, Stack size unknown bytes, __rtentry2.o(.ARM.Collect$$rtentry$$00000009))

<P><STRONG><a name="[4e]"></a>__rt_entry_main</STRONG> (Thumb, 0 bytes, Stack size unknown bytes, __rtentry2.o(.ARM.Collect$$rtentry$$0000000D))
<BR><BR>[Stack]<UL><LI>Max Depth = 288 + Unknown Stack Size
<LI>Call Chain = __rt_entry_main &rArr; main &rArr; App_Run &rArr; UpdateLCD &rArr; LCD_PrintTemp &rArr; lcd_print &rArr; lcd_write_cmd &rArr; delay_us
</UL>
<BR>[Calls]<UL><LI><a href="#[4f]">&gt;&gt;</a>&nbsp;&nbsp;&nbsp;main
<LI><a href="#[50]">&gt;&gt;</a>&nbsp;&nbsp;&nbsp;exit
</UL>

<P><STRONG><a name="[e8]"></a>__rt_entry_postli_1</STRONG> (Thumb, 0 bytes, Stack size unknown bytes, __rtentry2.o(.ARM.Collect$$rtentry$$0000000C))

<P><STRONG><a name="[5c]"></a>__rt_exit</STRONG> (Thumb, 0 bytes, Stack size unknown bytes, rtexit.o(.ARM.Collect$$rtexit$$00000000))
<BR><BR>[Called By]<UL><LI><a href="#[50]">&gt;&gt;</a>&nbsp;&nbsp;&nbsp;exit
</UL>

<P><STRONG><a name="[51]"></a>__rt_exit_ls</STRONG> (Thumb, 0 bytes, Stack size unknown bytes, rtexit2.o(.ARM.Collect$$rtexit$$00000003))
<BR><BR>[Calls]<UL><LI><a href="#[52]">&gt;&gt;</a>&nbsp;&nbsp;&nbsp;__rt_lib_shutdown
</UL>

<P><STRONG><a name="[e9]"></a>__rt_exit_prels_1</STRONG> (Thumb, 0 bytes, Stack size unknown bytes, rtexit2.o(.ARM.Collect$$rtexit$$00000002))

<P><STRONG><a name="[53]"></a>__rt_exit_exit</STRONG> (Thumb, 0 bytes, Stack size unknown bytes, rtexit2.o(.ARM.Collect$$rtexit$$00000004))
<BR><BR>[Calls]<UL><LI><a href="#[54]">&gt;&gt;</a>&nbsp;&nbsp;&nbsp;_sys_exit
</UL>

<P><STRONG><a name="[0]"></a>Reset_Handler</STRONG> (Thumb, 8 bytes, Stack size 0 bytes, startup_stm32f401xe.o(.text))
<BR>[Address Reference Count : 1]<UL><LI> startup_stm32f401xe.o(RESET)
</UL>
<P><STRONG><a name="[1]"></a>NMI_Handler</STRONG> (Thumb, 2 bytes, Stack size 0 bytes, startup_stm32f401xe.o(.text))
<BR><BR>[Calls]<UL><LI><a href="#[1]">&gt;&gt;</a>&nbsp;&nbsp;&nbsp;NMI_Handler
</UL>
<BR>[Called By]<UL><LI><a href="#[1]">&gt;&gt;</a>&nbsp;&nbsp;&nbsp;NMI_Handler
</UL>
<BR>[Address Reference Count : 1]<UL><LI> startup_stm32f401xe.o(RESET)
</UL>
<P><STRONG><a name="[2]"></a>HardFault_Handler</STRONG> (Thumb, 2 bytes, Stack size 0 bytes, startup_stm32f401xe.o(.text))
<BR><BR>[Calls]<UL><LI><a href="#[2]">&gt;&gt;</a>&nbsp;&nbsp;&nbsp;HardFault_Handler
</UL>
<BR>[Called By]<UL><LI><a href="#[2]">&gt;&gt;</a>&nbsp;&nbsp;&nbsp;HardFault_Handler
</UL>
<BR>[Address Reference Count : 1]<UL><LI> startup_stm32f401xe.o(RESET)
</UL>
<P><STRONG><a name="[3]"></a>MemManage_Handler</STRONG> (Thumb, 2 bytes, Stack size 0 bytes, startup_stm32f401xe.o(.text))
<BR><BR>[Calls]<UL><LI><a href="#[3]">&gt;&gt;</a>&nbsp;&nbsp;&nbsp;MemManage_Handler
</UL>
<BR>[Called By]<UL><LI><a href="#[3]">&gt;&gt;</a>&nbsp;&nbsp;&nbsp;MemManage_Handler
</UL>
<BR>[Address Reference Count : 1]<UL><LI> startup_stm32f401xe.o(RESET)
</UL>
<P><STRONG><a name="[4]"></a>BusFault_Handler</STRONG> (Thumb, 2 bytes, Stack size 0 bytes, startup_stm32f401xe.o(.text))
<BR><BR>[Calls]<UL><LI><a href="#[4]">&gt;&gt;</a>&nbsp;&nbsp;&nbsp;BusFault_Handler
</UL>
<BR>[Called By]<UL><LI><a href="#[4]">&gt;&gt;</a>&nbsp;&nbsp;&nbsp;BusFault_Handler
</UL>
<BR>[Address Reference Count : 1]<UL><LI> startup_stm32f401xe.o(RESET)
</UL>
<P><STRONG><a name="[5]"></a>UsageFault_Handler</STRONG> (Thumb, 2 bytes, Stack size 0 bytes, startup_stm32f401xe.o(.text))
<BR><BR>[Calls]<UL><LI><a href="#[5]">&gt;&gt;</a>&nbsp;&nbsp;&nbsp;UsageFault_Handler
</UL>
<BR>[Called By]<UL><LI><a href="#[5]">&gt;&gt;</a>&nbsp;&nbsp;&nbsp;UsageFault_Handler
</UL>
<BR>[Address Reference Count : 1]<UL><LI> startup_stm32f401xe.o(RESET)
</UL>
<P><STRONG><a name="[6]"></a>SVC_Handler</STRONG> (Thumb, 2 bytes, Stack size 0 bytes, startup_stm32f401xe.o(.text))
<BR><BR>[Calls]<UL><LI><a href="#[6]">&gt;&gt;</a>&nbsp;&nbsp;&nbsp;SVC_Handler
</UL>
<BR>[Called By]<UL><LI><a href="#[6]">&gt;&gt;</a>&nbsp;&nbsp;&nbsp;SVC_Handler
</UL>
<BR>[Address Reference Count : 1]<UL><LI> startup_stm32f401xe.o(RESET)
</UL>
<P><STRONG><a name="[7]"></a>DebugMon_Handler</STRONG> (Thumb, 2 bytes, Stack size 0 bytes, startup_stm32f401xe.o(.text))
<BR><BR>[Calls]<UL><LI><a href="#[7]">&gt;&gt;</a>&nbsp;&nbsp;&nbsp;DebugMon_Handler
</UL>
<BR>[Called By]<UL><LI><a href="#[7]">&gt;&gt;</a>&nbsp;&nbsp;&nbsp;DebugMon_Handler
</UL>
<BR>[Address Reference Count : 1]<UL><LI> startup_stm32f401xe.o(RESET)
</UL>
<P><STRONG><a name="[8]"></a>PendSV_Handler</STRONG> (Thumb, 2 bytes, Stack size 0 bytes, startup_stm32f401xe.o(.text))
<BR><BR>[Calls]<UL><LI><a href="#[8]">&gt;&gt;</a>&nbsp;&nbsp;&nbsp;PendSV_Handler
</UL>
<BR>[Called By]<UL><LI><a href="#[8]">&gt;&gt;</a>&nbsp;&nbsp;&nbsp;PendSV_Handler
</UL>
<BR>[Address Reference Count : 1]<UL><LI> startup_stm32f401xe.o(RESET)
</UL>
<P><STRONG><a name="[1c]"></a>ADC_IRQHandler</STRONG> (Thumb, 0 bytes, Stack size 0 bytes, startup_stm32f401xe.o(.text))
<BR><BR>[Calls]<UL><LI><a href="#[1c]">&gt;&gt;</a>&nbsp;&nbsp;&nbsp;ADC_IRQHandler
</UL>
<BR>[Called By]<UL><LI><a href="#[1c]">&gt;&gt;</a>&nbsp;&nbsp;&nbsp;ADC_IRQHandler
</UL>
<BR>[Address Reference Count : 1]<UL><LI> startup_stm32f401xe.o(RESET)
</UL>
<P><STRONG><a name="[15]"></a>DMA1_Stream0_IRQHandler</STRONG> (Thumb, 0 bytes, Stack size 0 bytes, startup_stm32f401xe.o(.text))
<BR>[Address Reference Count : 1]<UL><LI> startup_stm32f401xe.o(RESET)
</UL>
<P><STRONG><a name="[16]"></a>DMA1_Stream1_IRQHandler</STRONG> (Thumb, 0 bytes, Stack size 0 bytes, startup_stm32f401xe.o(.text))
<BR>[Address Reference Count : 1]<UL><LI> startup_stm32f401xe.o(RESET)
</UL>
<P><STRONG><a name="[17]"></a>DMA1_Stream2_IRQHandler</STRONG> (Thumb, 0 bytes, Stack size 0 bytes, startup_stm32f401xe.o(.text))
<BR>[Address Reference Count : 1]<UL><LI> startup_stm32f401xe.o(RESET)
</UL>
<P><STRONG><a name="[18]"></a>DMA1_Stream3_IRQHandler</STRONG> (Thumb, 0 bytes, Stack size 0 bytes, startup_stm32f401xe.o(.text))
<BR>[Address Reference Count : 1]<UL><LI> startup_stm32f401xe.o(RESET)
</UL>
<P><STRONG><a name="[19]"></a>DMA1_Stream4_IRQHandler</STRONG> (Thumb, 0 bytes, Stack size 0 bytes, startup_stm32f401xe.o(.text))
<BR>[Address Reference Count : 1]<UL><LI> startup_stm32f401xe.o(RESET)
</UL>
<P><STRONG><a name="[1a]"></a>DMA1_Stream5_IRQHandler</STRONG> (Thumb, 0 bytes, Stack size 0 bytes, startup_stm32f401xe.o(.text))
<BR>[Address Reference Count : 1]<UL><LI> startup_stm32f401xe.o(RESET)
</UL>
<P><STRONG><a name="[1b]"></a>DMA1_Stream6_IRQHandler</STRONG> (Thumb, 0 bytes, Stack size 0 bytes, startup_stm32f401xe.o(.text))
<BR>[Address Reference Count : 1]<UL><LI> startup_stm32f401xe.o(RESET)
</UL>
<P><STRONG><a name="[30]"></a>DMA1_Stream7_IRQHandler</STRONG> (Thumb, 0 bytes, Stack size 0 bytes, startup_stm32f401xe.o(.text))
<BR>[Address Reference Count : 1]<UL><LI> startup_stm32f401xe.o(RESET)
</UL>
<P><STRONG><a name="[34]"></a>DMA2_Stream0_IRQHandler</STRONG> (Thumb, 0 bytes, Stack size 0 bytes, startup_stm32f401xe.o(.text))
<BR>[Address Reference Count : 1]<UL><LI> startup_stm32f401xe.o(RESET)
</UL>
<P><STRONG><a name="[35]"></a>DMA2_Stream1_IRQHandler</STRONG> (Thumb, 0 bytes, Stack size 0 bytes, startup_stm32f401xe.o(.text))
<BR>[Address Reference Count : 1]<UL><LI> startup_stm32f401xe.o(RESET)
</UL>
<P><STRONG><a name="[36]"></a>DMA2_Stream2_IRQHandler</STRONG> (Thumb, 0 bytes, Stack size 0 bytes, startup_stm32f401xe.o(.text))
<BR>[Address Reference Count : 1]<UL><LI> startup_stm32f401xe.o(RESET)
</UL>
<P><STRONG><a name="[37]"></a>DMA2_Stream3_IRQHandler</STRONG> (Thumb, 0 bytes, Stack size 0 bytes, startup_stm32f401xe.o(.text))
<BR>[Address Reference Count : 1]<UL><LI> startup_stm32f401xe.o(RESET)
</UL>
<P><STRONG><a name="[38]"></a>DMA2_Stream4_IRQHandler</STRONG> (Thumb, 0 bytes, Stack size 0 bytes, startup_stm32f401xe.o(.text))
<BR>[Address Reference Count : 1]<UL><LI> startup_stm32f401xe.o(RESET)
</UL>
<P><STRONG><a name="[3a]"></a>DMA2_Stream5_IRQHandler</STRONG> (Thumb, 0 bytes, Stack size 0 bytes, startup_stm32f401xe.o(.text))
<BR>[Address Reference Count : 1]<UL><LI> startup_stm32f401xe.o(RESET)
</UL>
<P><STRONG><a name="[3b]"></a>DMA2_Stream6_IRQHandler</STRONG> (Thumb, 0 bytes, Stack size 0 bytes, startup_stm32f401xe.o(.text))
<BR>[Address Reference Count : 1]<UL><LI> startup_stm32f401xe.o(RESET)
</UL>
<P><STRONG><a name="[3c]"></a>DMA2_Stream7_IRQHandler</STRONG> (Thumb, 0 bytes, Stack size 0 bytes, startup_stm32f401xe.o(.text))
<BR>[Address Reference Count : 1]<UL><LI> startup_stm32f401xe.o(RESET)
</UL>
<P><STRONG><a name="[e]"></a>FLASH_IRQHandler</STRONG> (Thumb, 0 bytes, Stack size 0 bytes, startup_stm32f401xe.o(.text))
<BR>[Address Reference Count : 1]<UL><LI> startup_stm32f401xe.o(RESET)
</UL>
<P><STRONG><a name="[40]"></a>FPU_IRQHandler</STRONG> (Thumb, 0 bytes, Stack size 0 bytes, startup_stm32f401xe.o(.text))
<BR>[Address Reference Count : 1]<UL><LI> startup_stm32f401xe.o(RESET)
</UL>
<P><STRONG><a name="[26]"></a>I2C1_ER_IRQHandler</STRONG> (Thumb, 0 bytes, Stack size 0 bytes, startup_stm32f401xe.o(.text))
<BR>[Address Reference Count : 1]<UL><LI> startup_stm32f401xe.o(RESET)
</UL>
<P><STRONG><a name="[25]"></a>I2C1_EV_IRQHandler</STRONG> (Thumb, 0 bytes, Stack size 0 bytes, startup_stm32f401xe.o(.text))
<BR>[Address Reference Count : 1]<UL><LI> startup_stm32f401xe.o(RESET)
</UL>
<P><STRONG><a name="[28]"></a>I2C2_ER_IRQHandler</STRONG> (Thumb, 0 bytes, Stack size 0 bytes, startup_stm32f401xe.o(.text))
<BR>[Address Reference Count : 1]<UL><LI> startup_stm32f401xe.o(RESET)
</UL>
<P><STRONG><a name="[27]"></a>I2C2_EV_IRQHandler</STRONG> (Thumb, 0 bytes, Stack size 0 bytes, startup_stm32f401xe.o(.text))
<BR>[Address Reference Count : 1]<UL><LI> startup_stm32f401xe.o(RESET)
</UL>
<P><STRONG><a name="[3f]"></a>I2C3_ER_IRQHandler</STRONG> (Thumb, 0 bytes, Stack size 0 bytes, startup_stm32f401xe.o(.text))
<BR>[Address Reference Count : 1]<UL><LI> startup_stm32f401xe.o(RESET)
</UL>
<P><STRONG><a name="[3e]"></a>I2C3_EV_IRQHandler</STRONG> (Thumb, 0 bytes, Stack size 0 bytes, startup_stm32f401xe.o(.text))
<BR>[Address Reference Count : 1]<UL><LI> startup_stm32f401xe.o(RESET)
</UL>
<P><STRONG><a name="[39]"></a>OTG_FS_IRQHandler</STRONG> (Thumb, 0 bytes, Stack size 0 bytes, startup_stm32f401xe.o(.text))
<BR>[Address Reference Count : 1]<UL><LI> startup_stm32f401xe.o(RESET)
</UL>
<P><STRONG><a name="[2f]"></a>OTG_FS_WKUP_IRQHandler</STRONG> (Thumb, 0 bytes, Stack size 0 bytes, startup_stm32f401xe.o(.text))
<BR>[Address Reference Count : 1]<UL><LI> startup_stm32f401xe.o(RESET)
</UL>
<P><STRONG><a name="[b]"></a>PVD_IRQHandler</STRONG> (Thumb, 0 bytes, Stack size 0 bytes, startup_stm32f401xe.o(.text))
<BR>[Address Reference Count : 1]<UL><LI> startup_stm32f401xe.o(RESET)
</UL>
<P><STRONG><a name="[f]"></a>RCC_IRQHandler</STRONG> (Thumb, 0 bytes, Stack size 0 bytes, startup_stm32f401xe.o(.text))
<BR>[Address Reference Count : 1]<UL><LI> startup_stm32f401xe.o(RESET)
</UL>
<P><STRONG><a name="[2e]"></a>RTC_Alarm_IRQHandler</STRONG> (Thumb, 0 bytes, Stack size 0 bytes, startup_stm32f401xe.o(.text))
<BR>[Address Reference Count : 1]<UL><LI> startup_stm32f401xe.o(RESET)
</UL>
<P><STRONG><a name="[d]"></a>RTC_WKUP_IRQHandler</STRONG> (Thumb, 0 bytes, Stack size 0 bytes, startup_stm32f401xe.o(.text))
<BR>[Address Reference Count : 1]<UL><LI> startup_stm32f401xe.o(RESET)
</UL>
<P><STRONG><a name="[31]"></a>SDIO_IRQHandler</STRONG> (Thumb, 0 bytes, Stack size 0 bytes, startup_stm32f401xe.o(.text))
<BR>[Address Reference Count : 1]<UL><LI> startup_stm32f401xe.o(RESET)
</UL>
<P><STRONG><a name="[29]"></a>SPI1_IRQHandler</STRONG> (Thumb, 0 bytes, Stack size 0 bytes, startup_stm32f401xe.o(.text))
<BR>[Address Reference Count : 1]<UL><LI> startup_stm32f401xe.o(RESET)
</UL>
<P><STRONG><a name="[2a]"></a>SPI2_IRQHandler</STRONG> (Thumb, 0 bytes, Stack size 0 bytes, startup_stm32f401xe.o(.text))
<BR>[Address Reference Count : 1]<UL><LI> startup_stm32f401xe.o(RESET)
</UL>
<P><STRONG><a name="[33]"></a>SPI3_IRQHandler</STRONG> (Thumb, 0 bytes, Stack size 0 bytes, startup_stm32f401xe.o(.text))
<BR>[Address Reference Count : 1]<UL><LI> startup_stm32f401xe.o(RESET)
</UL>
<P><STRONG><a name="[41]"></a>SPI4_IRQHandler</STRONG> (Thumb, 0 bytes, Stack size 0 bytes, startup_stm32f401xe.o(.text))
<BR>[Address Reference Count : 1]<UL><LI> startup_stm32f401xe.o(RESET)
</UL>
<P><STRONG><a name="[c]"></a>TAMP_STAMP_IRQHandler</STRONG> (Thumb, 0 bytes, Stack size 0 bytes, startup_stm32f401xe.o(.text))
<BR>[Address Reference Count : 1]<UL><LI> startup_stm32f401xe.o(RESET)
</UL>
<P><STRONG><a name="[1e]"></a>TIM1_BRK_TIM9_IRQHandler</STRONG> (Thumb, 0 bytes, Stack size 0 bytes, startup_stm32f401xe.o(.text))
<BR>[Address Reference Count : 1]<UL><LI> startup_stm32f401xe.o(RESET)
</UL>
<P><STRONG><a name="[21]"></a>TIM1_CC_IRQHandler</STRONG> (Thumb, 0 bytes, Stack size 0 bytes, startup_stm32f401xe.o(.text))
<BR>[Address Reference Count : 1]<UL><LI> startup_stm32f401xe.o(RESET)
</UL>
<P><STRONG><a name="[20]"></a>TIM1_TRG_COM_TIM11_IRQHandler</STRONG> (Thumb, 0 bytes, Stack size 0 bytes, startup_stm32f401xe.o(.text))
<BR>[Address Reference Count : 1]<UL><LI> startup_stm32f401xe.o(RESET)
</UL>
<P><STRONG><a name="[1f]"></a>TIM1_UP_TIM10_IRQHandler</STRONG> (Thumb, 0 bytes, Stack size 0 bytes, startup_stm32f401xe.o(.text))
<BR>[Address Reference Count : 1]<UL><LI> startup_stm32f401xe.o(RESET)
</UL>
<P><STRONG><a name="[23]"></a>TIM3_IRQHandler</STRONG> (Thumb, 0 bytes, Stack size 0 bytes, startup_stm32f401xe.o(.text))
<BR>[Address Reference Count : 1]<UL><LI> startup_stm32f401xe.o(RESET)
</UL>
<P><STRONG><a name="[24]"></a>TIM4_IRQHandler</STRONG> (Thumb, 0 bytes, Stack size 0 bytes, startup_stm32f401xe.o(.text))
<BR>[Address Reference Count : 1]<UL><LI> startup_stm32f401xe.o(RESET)
</UL>
<P><STRONG><a name="[32]"></a>TIM5_IRQHandler</STRONG> (Thumb, 0 bytes, Stack size 0 bytes, startup_stm32f401xe.o(.text))
<BR>[Address Reference Count : 1]<UL><LI> startup_stm32f401xe.o(RESET)
</UL>
<P><STRONG><a name="[2b]"></a>USART1_IRQHandler</STRONG> (Thumb, 0 bytes, Stack size 0 bytes, startup_stm32f401xe.o(.text))
<BR>[Address Reference Count : 1]<UL><LI> startup_stm32f401xe.o(RESET)
</UL>
<P><STRONG><a name="[3d]"></a>USART6_IRQHandler</STRONG> (Thumb, 0 bytes, Stack size 0 bytes, startup_stm32f401xe.o(.text))
<BR>[Address Reference Count : 1]<UL><LI> startup_stm32f401xe.o(RESET)
</UL>
<P><STRONG><a name="[a]"></a>WWDG_IRQHandler</STRONG> (Thumb, 0 bytes, Stack size 0 bytes, startup_stm32f401xe.o(.text))
<BR>[Address Reference Count : 1]<UL><LI> startup_stm32f401xe.o(RESET)
</UL>
<P><STRONG><a name="[5b]"></a>__user_initial_stackheap</STRONG> (Thumb, 0 bytes, Stack size unknown bytes, startup_stm32f401xe.o(.text))
<BR><BR>[Called By]<UL><LI><a href="#[4b]">&gt;&gt;</a>&nbsp;&nbsp;&nbsp;__user_setup_stackheap
</UL>

<P><STRONG><a name="[b0]"></a>__aeabi_memclr</STRONG> (Thumb, 0 bytes, Stack size unknown bytes, rt_memclr.o(.text))
<BR><BR>[Called By]<UL><LI><a href="#[6e]">&gt;&gt;</a>&nbsp;&nbsp;&nbsp;SnakeRender_Draw
<LI><a href="#[6d]">&gt;&gt;</a>&nbsp;&nbsp;&nbsp;SnakeRender_Reset
<LI><a href="#[60]">&gt;&gt;</a>&nbsp;&nbsp;&nbsp;SnakeRender_Init
</UL>

<P><STRONG><a name="[ea]"></a>__rt_memclr</STRONG> (Thumb, 0 bytes, Stack size unknown bytes, rt_memclr.o(.text), UNUSED)

<P><STRONG><a name="[55]"></a>_memset</STRONG> (Thumb, 64 bytes, Stack size 0 bytes, rt_memclr.o(.text), UNUSED)
<BR><BR>[Calls]<UL><LI><a href="#[56]">&gt;&gt;</a>&nbsp;&nbsp;&nbsp;_memset_w
</UL>

<P><STRONG><a name="[eb]"></a>__aeabi_memclr4</STRONG> (Thumb, 0 bytes, Stack size unknown bytes, rt_memclr_w.o(.text), UNUSED)

<P><STRONG><a name="[ec]"></a>__aeabi_memclr8</STRONG> (Thumb, 0 bytes, Stack size unknown bytes, rt_memclr_w.o(.text), UNUSED)

<P><STRONG><a name="[ed]"></a>__rt_memclr_w</STRONG> (Thumb, 0 bytes, Stack size unknown bytes, rt_memclr_w.o(.text), UNUSED)

<P><STRONG><a name="[56]"></a>_memset_w</STRONG> (Thumb, 74 bytes, Stack size 4 bytes, rt_memclr_w.o(.text), UNUSED)
<BR><BR>[Called By]<UL><LI><a href="#[55]">&gt;&gt;</a>&nbsp;&nbsp;&nbsp;_memset
</UL>

<P><STRONG><a name="[ee]"></a>__use_two_region_memory</STRONG> (Thumb, 2 bytes, Stack size 0 bytes, heapauxi.o(.text), UNUSED)

<P><STRONG><a name="[ef]"></a>__rt_heap_escrow$2region</STRONG> (Thumb, 2 bytes, Stack size 0 bytes, heapauxi.o(.text), UNUSED)

<P><STRONG><a name="[f0]"></a>__rt_heap_expand$2region</STRONG> (Thumb, 2 bytes, Stack size 0 bytes, heapauxi.o(.text), UNUSED)

<P><STRONG><a name="[57]"></a>__read_errno</STRONG> (Thumb, 10 bytes, Stack size 8 bytes, _rserrno.o(.text), UNUSED)
<BR><BR>[Calls]<UL><LI><a href="#[58]">&gt;&gt;</a>&nbsp;&nbsp;&nbsp;__aeabi_errno_addr
</UL>

<P><STRONG><a name="[59]"></a>__set_errno</STRONG> (Thumb, 12 bytes, Stack size 8 bytes, _rserrno.o(.text))
<BR><BR>[Stack]<UL><LI>Max Depth = 8<LI>Call Chain = __set_errno
</UL>
<BR>[Calls]<UL><LI><a href="#[58]">&gt;&gt;</a>&nbsp;&nbsp;&nbsp;__aeabi_errno_addr
</UL>
<BR>[Called By]<UL><LI><a href="#[8a]">&gt;&gt;</a>&nbsp;&nbsp;&nbsp;__hardfp_sqrtf
<LI><a href="#[8b]">&gt;&gt;</a>&nbsp;&nbsp;&nbsp;__hardfp_atan2f
</UL>

<P><STRONG><a name="[58]"></a>__aeabi_errno_addr</STRONG> (Thumb, 8 bytes, Stack size 0 bytes, rt_errno_addr_intlibspace.o(.text))
<BR><BR>[Called By]<UL><LI><a href="#[59]">&gt;&gt;</a>&nbsp;&nbsp;&nbsp;__set_errno
<LI><a href="#[57]">&gt;&gt;</a>&nbsp;&nbsp;&nbsp;__read_errno
</UL>

<P><STRONG><a name="[f1]"></a>__errno$intlibspace</STRONG> (Thumb, 0 bytes, Stack size 0 bytes, rt_errno_addr_intlibspace.o(.text), UNUSED)

<P><STRONG><a name="[f2]"></a>__rt_errno_addr$intlibspace</STRONG> (Thumb, 0 bytes, Stack size 0 bytes, rt_errno_addr_intlibspace.o(.text), UNUSED)

<P><STRONG><a name="[f3]"></a>__user_libspace</STRONG> (Thumb, 8 bytes, Stack size 0 bytes, libspace.o(.text), UNUSED)

<P><STRONG><a name="[5a]"></a>__user_perproc_libspace</STRONG> (Thumb, 0 bytes, Stack size 0 bytes, libspace.o(.text))
<BR><BR>[Called By]<UL><LI><a href="#[4b]">&gt;&gt;</a>&nbsp;&nbsp;&nbsp;__user_setup_stackheap
</UL>

<P><STRONG><a name="[f4]"></a>__user_perthread_libspace</STRONG> (Thumb, 0 bytes, Stack size 0 bytes, libspace.o(.text), UNUSED)

<P><STRONG><a name="[4b]"></a>__user_setup_stackheap</STRONG> (Thumb, 74 bytes, Stack size 8 bytes, sys_stackheap_outer.o(.text))
<BR><BR>[Stack]<UL><LI>Max Depth = 8 + Unknown Stack Size
<LI>Call Chain = __user_setup_stackheap
</UL>
<BR>[Calls]<UL><LI><a href="#[5b]">&gt;&gt;</a>&nbsp;&nbsp;&nbsp;__user_initial_stackheap
<LI><a href="#[5a]">&gt;&gt;</a>&nbsp;&nbsp;&nbsp;__user_perproc_libspace
</UL>
<BR>[Called By]<UL><LI><a href="#[4a]">&gt;&gt;</a>&nbsp;&nbsp;&nbsp;__rt_entry_sh
</UL>

<P><STRONG><a name="[50]"></a>exit</STRONG> (Thumb, 18 bytes, Stack size 8 bytes, exit.o(.text))
<BR><BR>[Stack]<UL><LI>Max Depth = 8 + Unknown Stack Size
<LI>Call Chain = exit
</UL>
<BR>[Calls]<UL><LI><a href="#[5c]">&gt;&gt;</a>&nbsp;&nbsp;&nbsp;__rt_exit
</UL>
<BR>[Called By]<UL><LI><a href="#[4e]">&gt;&gt;</a>&nbsp;&nbsp;&nbsp;__rt_entry_main
</UL>

<P><STRONG><a name="[54]"></a>_sys_exit</STRONG> (Thumb, 8 bytes, Stack size 0 bytes, sys_exit.o(.text))
<BR><BR>[Called By]<UL><LI><a href="#[53]">&gt;&gt;</a>&nbsp;&nbsp;&nbsp;__rt_exit_exit
</UL>

<P><STRONG><a name="[f5]"></a>__I$use$semihosting</STRONG> (Thumb, 0 bytes, Stack size 0 bytes, use_no_semi.o(.text), UNUSED)

<P><STRONG><a name="[f6]"></a>__use_no_semihosting_swi</STRONG> (Thumb, 2 bytes, Stack size 0 bytes, use_no_semi.o(.text), UNUSED)

<P><STRONG><a name="[f7]"></a>__semihosting_library_function</STRONG> (Thumb, 0 bytes, Stack size unknown bytes, indicate_semi.o(.text), UNUSED)

<P><STRONG><a name="[5d]"></a>App_Init</STRONG> (Thumb, 202 bytes, Stack size 16 bytes, app.o(.text.App_Init))
<BR><BR>[Stack]<UL><LI>Max Depth = 96 + Unknown Stack Size
<LI>Call Chain = App_Init &rArr; SnakeGame_Init &rArr; SnakeGame_PlaceFood &rArr; SnakeGame_IsObstacle &rArr; SnakeGame_IsPlayable
</UL>
<BR>[Calls]<UL><LI><a href="#[61]">&gt;&gt;</a>&nbsp;&nbsp;&nbsp;MPU6500_ReadWhoAmI
<LI><a href="#[60]">&gt;&gt;</a>&nbsp;&nbsp;&nbsp;SnakeRender_Init
<LI><a href="#[5f]">&gt;&gt;</a>&nbsp;&nbsp;&nbsp;Gesture_Init
<LI><a href="#[5e]">&gt;&gt;</a>&nbsp;&nbsp;&nbsp;SnakeGame_Init
</UL>
<BR>[Called By]<UL><LI><a href="#[4f]">&gt;&gt;</a>&nbsp;&nbsp;&nbsp;main
</UL>

<P><STRONG><a name="[62]"></a>App_Run</STRONG> (Thumb, 2466 bytes, Stack size 120 bytes, app.o(.text.App_Run))
<BR><BR>[Stack]<UL><LI>Max Depth = 272 + Unknown Stack Size
<LI>Call Chain = App_Run &rArr; UpdateLCD &rArr; LCD_PrintTemp &rArr; lcd_print &rArr; lcd_write_cmd &rArr; delay_us
</UL>
<BR>[Calls]<UL><LI><a href="#[7b]">&gt;&gt;</a>&nbsp;&nbsp;&nbsp;SnakeGame_Update
<LI><a href="#[7a]">&gt;&gt;</a>&nbsp;&nbsp;&nbsp;SnakeGame_GetSpeedMs
<LI><a href="#[74]">&gt;&gt;</a>&nbsp;&nbsp;&nbsp;Gesture_Calibrate
<LI><a href="#[73]">&gt;&gt;</a>&nbsp;&nbsp;&nbsp;Gesture_ComputePitch
<LI><a href="#[72]">&gt;&gt;</a>&nbsp;&nbsp;&nbsp;Gesture_ComputeRoll
<LI><a href="#[70]">&gt;&gt;</a>&nbsp;&nbsp;&nbsp;SnakeRender_DrawBorder
<LI><a href="#[6e]">&gt;&gt;</a>&nbsp;&nbsp;&nbsp;SnakeRender_Draw
<LI><a href="#[6d]">&gt;&gt;</a>&nbsp;&nbsp;&nbsp;SnakeRender_Reset
<LI><a href="#[5e]">&gt;&gt;</a>&nbsp;&nbsp;&nbsp;SnakeGame_Init
<LI><a href="#[7c]">&gt;&gt;</a>&nbsp;&nbsp;&nbsp;DrawGameOverScreen
<LI><a href="#[79]">&gt;&gt;</a>&nbsp;&nbsp;&nbsp;ProcessPlayingTilt
<LI><a href="#[78]">&gt;&gt;</a>&nbsp;&nbsp;&nbsp;ProcessPlayingButtons
<LI><a href="#[77]">&gt;&gt;</a>&nbsp;&nbsp;&nbsp;DrawPauseScreen
<LI><a href="#[76]">&gt;&gt;</a>&nbsp;&nbsp;&nbsp;ReadButtonsHeld
<LI><a href="#[71]">&gt;&gt;</a>&nbsp;&nbsp;&nbsp;ReadMPU
<LI><a href="#[6f]">&gt;&gt;</a>&nbsp;&nbsp;&nbsp;DrawCalibrateScreen
<LI><a href="#[6c]">&gt;&gt;</a>&nbsp;&nbsp;&nbsp;DrawMenuSelection
<LI><a href="#[6b]">&gt;&gt;</a>&nbsp;&nbsp;&nbsp;ReadButtonPresses
<LI><a href="#[6a]">&gt;&gt;</a>&nbsp;&nbsp;&nbsp;DrawMainMenu
<LI><a href="#[69]">&gt;&gt;</a>&nbsp;&nbsp;&nbsp;UpdateLCD
<LI><a href="#[63]">&gt;&gt;</a>&nbsp;&nbsp;&nbsp;ReadTemperature
<LI><a href="#[64]">&gt;&gt;</a>&nbsp;&nbsp;&nbsp;OLED_Clear
<LI><a href="#[68]">&gt;&gt;</a>&nbsp;&nbsp;&nbsp;OLED_PrintChar
<LI><a href="#[66]">&gt;&gt;</a>&nbsp;&nbsp;&nbsp;OLED_PrintString
<LI><a href="#[65]">&gt;&gt;</a>&nbsp;&nbsp;&nbsp;OLED_SetCursor
<LI><a href="#[67]">&gt;&gt;</a>&nbsp;&nbsp;&nbsp;intToStr
<LI><a href="#[75]">&gt;&gt;</a>&nbsp;&nbsp;&nbsp;delayMs
</UL>
<BR>[Called By]<UL><LI><a href="#[4f]">&gt;&gt;</a>&nbsp;&nbsp;&nbsp;main
</UL>

<P><STRONG><a name="[a8]"></a>Button_AS_Pressed</STRONG> (Thumb, 22 bytes, Stack size 0 bytes, buttons.o(.text.Button_AS_Pressed))
<BR><BR>[Called By]<UL><LI><a href="#[76]">&gt;&gt;</a>&nbsp;&nbsp;&nbsp;ReadButtonsHeld
<LI><a href="#[6b]">&gt;&gt;</a>&nbsp;&nbsp;&nbsp;ReadButtonPresses
</UL>

<P><STRONG><a name="[a7]"></a>Button_DOWN_Pressed</STRONG> (Thumb, 22 bytes, Stack size 0 bytes, buttons.o(.text.Button_DOWN_Pressed))
<BR><BR>[Called By]<UL><LI><a href="#[76]">&gt;&gt;</a>&nbsp;&nbsp;&nbsp;ReadButtonsHeld
<LI><a href="#[6b]">&gt;&gt;</a>&nbsp;&nbsp;&nbsp;ReadButtonPresses
</UL>

<P><STRONG><a name="[a6]"></a>Button_Sharp_Pressed</STRONG> (Thumb, 22 bytes, Stack size 0 bytes, buttons.o(.text.Button_Sharp_Pressed))
<BR><BR>[Called By]<UL><LI><a href="#[76]">&gt;&gt;</a>&nbsp;&nbsp;&nbsp;ReadButtonsHeld
<LI><a href="#[6b]">&gt;&gt;</a>&nbsp;&nbsp;&nbsp;ReadButtonPresses
</UL>

<P><STRONG><a name="[a5]"></a>Button_UP_Pressed</STRONG> (Thumb, 22 bytes, Stack size 0 bytes, buttons.o(.text.Button_UP_Pressed))
<BR><BR>[Called By]<UL><LI><a href="#[76]">&gt;&gt;</a>&nbsp;&nbsp;&nbsp;ReadButtonsHeld
<LI><a href="#[6b]">&gt;&gt;</a>&nbsp;&nbsp;&nbsp;ReadButtonPresses
</UL>

<P><STRONG><a name="[c0]"></a>Buttons_Init</STRONG> (Thumb, 68 bytes, Stack size 0 bytes, buttons.o(.text.Buttons_Init))
<BR><BR>[Called By]<UL><LI><a href="#[4f]">&gt;&gt;</a>&nbsp;&nbsp;&nbsp;main
</UL>

<P><STRONG><a name="[7d]"></a>DS18S20_ReadTemp_x10_Now</STRONG> (Thumb, 138 bytes, Stack size 16 bytes, ds18s20.o(.text.DS18S20_ReadTemp_x10_Now))
<BR><BR>[Stack]<UL><LI>Max Depth = 60<LI>Call Chain = DS18S20_ReadTemp_x10_Now &rArr; OneWire_ReadByte &rArr; OneWire_ReadBit &rArr; delayUs
</UL>
<BR>[Calls]<UL><LI><a href="#[80]">&gt;&gt;</a>&nbsp;&nbsp;&nbsp;OneWire_ReadByte
<LI><a href="#[7f]">&gt;&gt;</a>&nbsp;&nbsp;&nbsp;OneWire_WriteByte
<LI><a href="#[7e]">&gt;&gt;</a>&nbsp;&nbsp;&nbsp;OneWire_Reset
</UL>
<BR>[Called By]<UL><LI><a href="#[63]">&gt;&gt;</a>&nbsp;&nbsp;&nbsp;ReadTemperature
</UL>

<P><STRONG><a name="[81]"></a>DS18S20_StartConversion</STRONG> (Thumb, 88 bytes, Stack size 8 bytes, ds18s20.o(.text.DS18S20_StartConversion))
<BR><BR>[Stack]<UL><LI>Max Depth = 52<LI>Call Chain = DS18S20_StartConversion &rArr; OneWire_WriteByte &rArr; OneWire_WriteBit &rArr; delayUs
</UL>
<BR>[Calls]<UL><LI><a href="#[7f]">&gt;&gt;</a>&nbsp;&nbsp;&nbsp;OneWire_WriteByte
<LI><a href="#[7e]">&gt;&gt;</a>&nbsp;&nbsp;&nbsp;OneWire_Reset
</UL>
<BR>[Called By]<UL><LI><a href="#[63]">&gt;&gt;</a>&nbsp;&nbsp;&nbsp;ReadTemperature
<LI><a href="#[4f]">&gt;&gt;</a>&nbsp;&nbsp;&nbsp;main
</UL>

<P><STRONG><a name="[b1]"></a>DS18S20_Tick_1ms</STRONG> (Thumb, 80 bytes, Stack size 0 bytes, ds18s20.o(.text.DS18S20_Tick_1ms))
<BR><BR>[Called By]<UL><LI><a href="#[22]">&gt;&gt;</a>&nbsp;&nbsp;&nbsp;TIM2_IRQHandler
</UL>

<P><STRONG><a name="[bf]"></a>DWT_Delay_Init</STRONG> (Thumb, 34 bytes, Stack size 0 bytes, timer_delay.o(.text.DWT_Delay_Init))
<BR><BR>[Called By]<UL><LI><a href="#[4f]">&gt;&gt;</a>&nbsp;&nbsp;&nbsp;main
</UL>

<P><STRONG><a name="[10]"></a>EXTI0_IRQHandler</STRONG> (Thumb, 132 bytes, Stack size 24 bytes, gpio.o(.text.EXTI0_IRQHandler))
<BR><BR>[Stack]<UL><LI>Max Depth = 28<LI>Call Chain = EXTI0_IRQHandler &rArr; __NVIC_ClearPendingIRQ
</UL>
<BR>[Calls]<UL><LI><a href="#[87]">&gt;&gt;</a>&nbsp;&nbsp;&nbsp;__NVIC_ClearPendingIRQ
</UL>
<BR>[Address Reference Count : 1]<UL><LI> startup_stm32f401xe.o(RESET)
</UL>
<P><STRONG><a name="[2d]"></a>EXTI15_10_IRQHandler</STRONG> (Thumb, 132 bytes, Stack size 24 bytes, gpio.o(.text.EXTI15_10_IRQHandler))
<BR><BR>[Stack]<UL><LI>Max Depth = 28<LI>Call Chain = EXTI15_10_IRQHandler &rArr; __NVIC_ClearPendingIRQ
</UL>
<BR>[Calls]<UL><LI><a href="#[87]">&gt;&gt;</a>&nbsp;&nbsp;&nbsp;__NVIC_ClearPendingIRQ
</UL>
<BR>[Address Reference Count : 1]<UL><LI> startup_stm32f401xe.o(RESET)
</UL>
<P><STRONG><a name="[11]"></a>EXTI1_IRQHandler</STRONG> (Thumb, 132 bytes, Stack size 24 bytes, gpio.o(.text.EXTI1_IRQHandler))
<BR><BR>[Stack]<UL><LI>Max Depth = 28<LI>Call Chain = EXTI1_IRQHandler &rArr; __NVIC_ClearPendingIRQ
</UL>
<BR>[Calls]<UL><LI><a href="#[87]">&gt;&gt;</a>&nbsp;&nbsp;&nbsp;__NVIC_ClearPendingIRQ
</UL>
<BR>[Address Reference Count : 1]<UL><LI> startup_stm32f401xe.o(RESET)
</UL>
<P><STRONG><a name="[12]"></a>EXTI2_IRQHandler</STRONG> (Thumb, 132 bytes, Stack size 24 bytes, gpio.o(.text.EXTI2_IRQHandler))
<BR><BR>[Stack]<UL><LI>Max Depth = 28<LI>Call Chain = EXTI2_IRQHandler &rArr; __NVIC_ClearPendingIRQ
</UL>
<BR>[Calls]<UL><LI><a href="#[87]">&gt;&gt;</a>&nbsp;&nbsp;&nbsp;__NVIC_ClearPendingIRQ
</UL>
<BR>[Address Reference Count : 1]<UL><LI> startup_stm32f401xe.o(RESET)
</UL>
<P><STRONG><a name="[13]"></a>EXTI3_IRQHandler</STRONG> (Thumb, 132 bytes, Stack size 24 bytes, gpio.o(.text.EXTI3_IRQHandler))
<BR><BR>[Stack]<UL><LI>Max Depth = 28<LI>Call Chain = EXTI3_IRQHandler &rArr; __NVIC_ClearPendingIRQ
</UL>
<BR>[Calls]<UL><LI><a href="#[87]">&gt;&gt;</a>&nbsp;&nbsp;&nbsp;__NVIC_ClearPendingIRQ
</UL>
<BR>[Address Reference Count : 1]<UL><LI> startup_stm32f401xe.o(RESET)
</UL>
<P><STRONG><a name="[14]"></a>EXTI4_IRQHandler</STRONG> (Thumb, 132 bytes, Stack size 24 bytes, gpio.o(.text.EXTI4_IRQHandler))
<BR><BR>[Stack]<UL><LI>Max Depth = 28<LI>Call Chain = EXTI4_IRQHandler &rArr; __NVIC_ClearPendingIRQ
</UL>
<BR>[Calls]<UL><LI><a href="#[87]">&gt;&gt;</a>&nbsp;&nbsp;&nbsp;__NVIC_ClearPendingIRQ
</UL>
<BR>[Address Reference Count : 1]<UL><LI> startup_stm32f401xe.o(RESET)
</UL>
<P><STRONG><a name="[1d]"></a>EXTI9_5_IRQHandler</STRONG> (Thumb, 132 bytes, Stack size 24 bytes, gpio.o(.text.EXTI9_5_IRQHandler))
<BR><BR>[Stack]<UL><LI>Max Depth = 28<LI>Call Chain = EXTI9_5_IRQHandler &rArr; __NVIC_ClearPendingIRQ
</UL>
<BR>[Calls]<UL><LI><a href="#[87]">&gt;&gt;</a>&nbsp;&nbsp;&nbsp;__NVIC_ClearPendingIRQ
</UL>
<BR>[Address Reference Count : 1]<UL><LI> startup_stm32f401xe.o(RESET)
</UL>
<P><STRONG><a name="[74]"></a>Gesture_Calibrate</STRONG> (Thumb, 110 bytes, Stack size 32 bytes, gesture.o(.text.Gesture_Calibrate))
<BR><BR>[Stack]<UL><LI>Max Depth = 96<LI>Call Chain = Gesture_Calibrate &rArr; Gesture_ComputePitch &rArr; __hardfp_atan2f &rArr; __set_errno
</UL>
<BR>[Calls]<UL><LI><a href="#[73]">&gt;&gt;</a>&nbsp;&nbsp;&nbsp;Gesture_ComputePitch
<LI><a href="#[72]">&gt;&gt;</a>&nbsp;&nbsp;&nbsp;Gesture_ComputeRoll
</UL>
<BR>[Called By]<UL><LI><a href="#[62]">&gt;&gt;</a>&nbsp;&nbsp;&nbsp;App_Run
</UL>

<P><STRONG><a name="[73]"></a>Gesture_ComputePitch</STRONG> (Thumb, 132 bytes, Stack size 24 bytes, gesture.o(.text.Gesture_ComputePitch))
<BR><BR>[Stack]<UL><LI>Max Depth = 64<LI>Call Chain = Gesture_ComputePitch &rArr; __hardfp_atan2f &rArr; __set_errno
</UL>
<BR>[Calls]<UL><LI><a href="#[8a]">&gt;&gt;</a>&nbsp;&nbsp;&nbsp;__hardfp_sqrtf
<LI><a href="#[8b]">&gt;&gt;</a>&nbsp;&nbsp;&nbsp;__hardfp_atan2f
</UL>
<BR>[Called By]<UL><LI><a href="#[8c]">&gt;&gt;</a>&nbsp;&nbsp;&nbsp;Gesture_Update
<LI><a href="#[74]">&gt;&gt;</a>&nbsp;&nbsp;&nbsp;Gesture_Calibrate
<LI><a href="#[62]">&gt;&gt;</a>&nbsp;&nbsp;&nbsp;App_Run
</UL>

<P><STRONG><a name="[72]"></a>Gesture_ComputeRoll</STRONG> (Thumb, 52 bytes, Stack size 16 bytes, gesture.o(.text.Gesture_ComputeRoll))
<BR><BR>[Stack]<UL><LI>Max Depth = 56<LI>Call Chain = Gesture_ComputeRoll &rArr; __hardfp_atan2f &rArr; __set_errno
</UL>
<BR>[Calls]<UL><LI><a href="#[8b]">&gt;&gt;</a>&nbsp;&nbsp;&nbsp;__hardfp_atan2f
</UL>
<BR>[Called By]<UL><LI><a href="#[8c]">&gt;&gt;</a>&nbsp;&nbsp;&nbsp;Gesture_Update
<LI><a href="#[74]">&gt;&gt;</a>&nbsp;&nbsp;&nbsp;Gesture_Calibrate
<LI><a href="#[62]">&gt;&gt;</a>&nbsp;&nbsp;&nbsp;App_Run
</UL>

<P><STRONG><a name="[5f]"></a>Gesture_Init</STRONG> (Thumb, 54 bytes, Stack size 4 bytes, gesture.o(.text.Gesture_Init))
<BR><BR>[Stack]<UL><LI>Max Depth = 4<LI>Call Chain = Gesture_Init
</UL>
<BR>[Called By]<UL><LI><a href="#[5d]">&gt;&gt;</a>&nbsp;&nbsp;&nbsp;App_Init
</UL>

<P><STRONG><a name="[8c]"></a>Gesture_Update</STRONG> (Thumb, 540 bytes, Stack size 56 bytes, gesture.o(.text.Gesture_Update))
<BR><BR>[Stack]<UL><LI>Max Depth = 120<LI>Call Chain = Gesture_Update &rArr; Gesture_ComputePitch &rArr; __hardfp_atan2f &rArr; __set_errno
</UL>
<BR>[Calls]<UL><LI><a href="#[73]">&gt;&gt;</a>&nbsp;&nbsp;&nbsp;Gesture_ComputePitch
<LI><a href="#[72]">&gt;&gt;</a>&nbsp;&nbsp;&nbsp;Gesture_ComputeRoll
</UL>
<BR>[Called By]<UL><LI><a href="#[79]">&gt;&gt;</a>&nbsp;&nbsp;&nbsp;ProcessPlayingTilt
</UL>

<P><STRONG><a name="[be]"></a>I2C1_Init</STRONG> (Thumb, 206 bytes, Stack size 0 bytes, i2c1_bus.o(.text.I2C1_Init))
<BR><BR>[Called By]<UL><LI><a href="#[4f]">&gt;&gt;</a>&nbsp;&nbsp;&nbsp;main
</UL>

<P><STRONG><a name="[94]"></a>I2C1_ReadRegister</STRONG> (Thumb, 336 bytes, Stack size 8 bytes, i2c1_bus.o(.text.I2C1_ReadRegister))
<BR><BR>[Stack]<UL><LI>Max Depth = 8<LI>Call Chain = I2C1_ReadRegister
</UL>
<BR>[Called By]<UL><LI><a href="#[61]">&gt;&gt;</a>&nbsp;&nbsp;&nbsp;MPU6500_ReadWhoAmI
<LI><a href="#[93]">&gt;&gt;</a>&nbsp;&nbsp;&nbsp;MPU6500_Read16
</UL>

<P><STRONG><a name="[98]"></a>I2C1_WriteControlData</STRONG> (Thumb, 238 bytes, Stack size 8 bytes, i2c1_bus.o(.text.I2C1_WriteControlData))
<BR><BR>[Stack]<UL><LI>Max Depth = 8<LI>Call Chain = I2C1_WriteControlData
</UL>
<BR>[Called By]<UL><LI><a href="#[89]">&gt;&gt;</a>&nbsp;&nbsp;&nbsp;OLED_Data
<LI><a href="#[97]">&gt;&gt;</a>&nbsp;&nbsp;&nbsp;OLED_Command
</UL>

<P><STRONG><a name="[92]"></a>I2C1_WriteRegister</STRONG> (Thumb, 238 bytes, Stack size 8 bytes, i2c1_bus.o(.text.I2C1_WriteRegister))
<BR><BR>[Stack]<UL><LI>Max Depth = 8<LI>Call Chain = I2C1_WriteRegister
</UL>
<BR>[Called By]<UL><LI><a href="#[91]">&gt;&gt;</a>&nbsp;&nbsp;&nbsp;MPU6500_Init
</UL>

<P><STRONG><a name="[91]"></a>MPU6500_Init</STRONG> (Thumb, 14 bytes, Stack size 8 bytes, mpu6500.o(.text.MPU6500_Init))
<BR><BR>[Stack]<UL><LI>Max Depth = 16<LI>Call Chain = MPU6500_Init &rArr; I2C1_WriteRegister
</UL>
<BR>[Calls]<UL><LI><a href="#[92]">&gt;&gt;</a>&nbsp;&nbsp;&nbsp;I2C1_WriteRegister
</UL>
<BR>[Called By]<UL><LI><a href="#[4f]">&gt;&gt;</a>&nbsp;&nbsp;&nbsp;main
</UL>

<P><STRONG><a name="[93]"></a>MPU6500_Read16</STRONG> (Thumb, 62 bytes, Stack size 16 bytes, mpu6500.o(.text.MPU6500_Read16))
<BR><BR>[Stack]<UL><LI>Max Depth = 24<LI>Call Chain = MPU6500_Read16 &rArr; I2C1_ReadRegister
</UL>
<BR>[Calls]<UL><LI><a href="#[94]">&gt;&gt;</a>&nbsp;&nbsp;&nbsp;I2C1_ReadRegister
</UL>
<BR>[Called By]<UL><LI><a href="#[96]">&gt;&gt;</a>&nbsp;&nbsp;&nbsp;MPU6500_ReadGyroRaw
<LI><a href="#[95]">&gt;&gt;</a>&nbsp;&nbsp;&nbsp;MPU6500_ReadAccelRaw
</UL>

<P><STRONG><a name="[95]"></a>MPU6500_ReadAccelRaw</STRONG> (Thumb, 44 bytes, Stack size 24 bytes, mpu6500.o(.text.MPU6500_ReadAccelRaw))
<BR><BR>[Stack]<UL><LI>Max Depth = 48<LI>Call Chain = MPU6500_ReadAccelRaw &rArr; MPU6500_Read16 &rArr; I2C1_ReadRegister
</UL>
<BR>[Calls]<UL><LI><a href="#[93]">&gt;&gt;</a>&nbsp;&nbsp;&nbsp;MPU6500_Read16
</UL>
<BR>[Called By]<UL><LI><a href="#[71]">&gt;&gt;</a>&nbsp;&nbsp;&nbsp;ReadMPU
</UL>

<P><STRONG><a name="[96]"></a>MPU6500_ReadGyroRaw</STRONG> (Thumb, 44 bytes, Stack size 24 bytes, mpu6500.o(.text.MPU6500_ReadGyroRaw))
<BR><BR>[Stack]<UL><LI>Max Depth = 48<LI>Call Chain = MPU6500_ReadGyroRaw &rArr; MPU6500_Read16 &rArr; I2C1_ReadRegister
</UL>
<BR>[Calls]<UL><LI><a href="#[93]">&gt;&gt;</a>&nbsp;&nbsp;&nbsp;MPU6500_Read16
</UL>
<BR>[Called By]<UL><LI><a href="#[71]">&gt;&gt;</a>&nbsp;&nbsp;&nbsp;ReadMPU
</UL>

<P><STRONG><a name="[61]"></a>MPU6500_ReadWhoAmI</STRONG> (Thumb, 12 bytes, Stack size 8 bytes, mpu6500.o(.text.MPU6500_ReadWhoAmI))
<BR><BR>[Stack]<UL><LI>Max Depth = 16<LI>Call Chain = MPU6500_ReadWhoAmI &rArr; I2C1_ReadRegister
</UL>
<BR>[Calls]<UL><LI><a href="#[94]">&gt;&gt;</a>&nbsp;&nbsp;&nbsp;I2C1_ReadRegister
</UL>
<BR>[Called By]<UL><LI><a href="#[5d]">&gt;&gt;</a>&nbsp;&nbsp;&nbsp;App_Init
</UL>

<P><STRONG><a name="[64]"></a>OLED_Clear</STRONG> (Thumb, 90 bytes, Stack size 16 bytes, oled.o(.text.OLED_Clear))
<BR><BR>[Stack]<UL><LI>Max Depth = 56<LI>Call Chain = OLED_Clear &rArr; OLED_SetCursor &rArr; OLED_Command &rArr; I2C1_WriteControlData
</UL>
<BR>[Calls]<UL><LI><a href="#[89]">&gt;&gt;</a>&nbsp;&nbsp;&nbsp;OLED_Data
<LI><a href="#[65]">&gt;&gt;</a>&nbsp;&nbsp;&nbsp;OLED_SetCursor
</UL>
<BR>[Called By]<UL><LI><a href="#[7c]">&gt;&gt;</a>&nbsp;&nbsp;&nbsp;DrawGameOverScreen
<LI><a href="#[77]">&gt;&gt;</a>&nbsp;&nbsp;&nbsp;DrawPauseScreen
<LI><a href="#[6f]">&gt;&gt;</a>&nbsp;&nbsp;&nbsp;DrawCalibrateScreen
<LI><a href="#[6a]">&gt;&gt;</a>&nbsp;&nbsp;&nbsp;DrawMainMenu
<LI><a href="#[62]">&gt;&gt;</a>&nbsp;&nbsp;&nbsp;App_Run
</UL>

<P><STRONG><a name="[97]"></a>OLED_Command</STRONG> (Thumb, 24 bytes, Stack size 16 bytes, oled.o(.text.OLED_Command))
<BR><BR>[Stack]<UL><LI>Max Depth = 24<LI>Call Chain = OLED_Command &rArr; I2C1_WriteControlData
</UL>
<BR>[Calls]<UL><LI><a href="#[98]">&gt;&gt;</a>&nbsp;&nbsp;&nbsp;I2C1_WriteControlData
</UL>
<BR>[Called By]<UL><LI><a href="#[65]">&gt;&gt;</a>&nbsp;&nbsp;&nbsp;OLED_SetCursor
<LI><a href="#[99]">&gt;&gt;</a>&nbsp;&nbsp;&nbsp;OLED_Init
</UL>

<P><STRONG><a name="[89]"></a>OLED_Data</STRONG> (Thumb, 24 bytes, Stack size 16 bytes, oled.o(.text.OLED_Data))
<BR><BR>[Stack]<UL><LI>Max Depth = 24<LI>Call Chain = OLED_Data &rArr; I2C1_WriteControlData
</UL>
<BR>[Calls]<UL><LI><a href="#[98]">&gt;&gt;</a>&nbsp;&nbsp;&nbsp;I2C1_WriteControlData
</UL>
<BR>[Called By]<UL><LI><a href="#[88]">&gt;&gt;</a>&nbsp;&nbsp;&nbsp;FB_Flush
<LI><a href="#[64]">&gt;&gt;</a>&nbsp;&nbsp;&nbsp;OLED_Clear
<LI><a href="#[68]">&gt;&gt;</a>&nbsp;&nbsp;&nbsp;OLED_PrintChar
<LI><a href="#[9a]">&gt;&gt;</a>&nbsp;&nbsp;&nbsp;OLED_PrintCharASCII
</UL>

<P><STRONG><a name="[99]"></a>OLED_Init</STRONG> (Thumb, 186 bytes, Stack size 16 bytes, oled.o(.text.OLED_Init))
<BR><BR>[Stack]<UL><LI>Max Depth = 40<LI>Call Chain = OLED_Init &rArr; OLED_Command &rArr; I2C1_WriteControlData
</UL>
<BR>[Calls]<UL><LI><a href="#[75]">&gt;&gt;</a>&nbsp;&nbsp;&nbsp;delayMs
<LI><a href="#[97]">&gt;&gt;</a>&nbsp;&nbsp;&nbsp;OLED_Command
</UL>
<BR>[Called By]<UL><LI><a href="#[4f]">&gt;&gt;</a>&nbsp;&nbsp;&nbsp;main
</UL>

<P><STRONG><a name="[68]"></a>OLED_PrintChar</STRONG> (Thumb, 50 bytes, Stack size 16 bytes, oled.o(.text.OLED_PrintChar))
<BR><BR>[Stack]<UL><LI>Max Depth = 40<LI>Call Chain = OLED_PrintChar &rArr; OLED_Data &rArr; I2C1_WriteControlData
</UL>
<BR>[Calls]<UL><LI><a href="#[89]">&gt;&gt;</a>&nbsp;&nbsp;&nbsp;OLED_Data
</UL>
<BR>[Called By]<UL><LI><a href="#[62]">&gt;&gt;</a>&nbsp;&nbsp;&nbsp;App_Run
</UL>

<P><STRONG><a name="[9a]"></a>OLED_PrintCharASCII</STRONG> (Thumb, 102 bytes, Stack size 24 bytes, oled.o(.text.OLED_PrintCharASCII))
<BR><BR>[Stack]<UL><LI>Max Depth = 48<LI>Call Chain = OLED_PrintCharASCII &rArr; OLED_Data &rArr; I2C1_WriteControlData
</UL>
<BR>[Calls]<UL><LI><a href="#[89]">&gt;&gt;</a>&nbsp;&nbsp;&nbsp;OLED_Data
</UL>
<BR>[Called By]<UL><LI><a href="#[66]">&gt;&gt;</a>&nbsp;&nbsp;&nbsp;OLED_PrintString
</UL>

<P><STRONG><a name="[66]"></a>OLED_PrintString</STRONG> (Thumb, 36 bytes, Stack size 16 bytes, oled.o(.text.OLED_PrintString))
<BR><BR>[Stack]<UL><LI>Max Depth = 64<LI>Call Chain = OLED_PrintString &rArr; OLED_PrintCharASCII &rArr; OLED_Data &rArr; I2C1_WriteControlData
</UL>
<BR>[Calls]<UL><LI><a href="#[9a]">&gt;&gt;</a>&nbsp;&nbsp;&nbsp;OLED_PrintCharASCII
</UL>
<BR>[Called By]<UL><LI><a href="#[7c]">&gt;&gt;</a>&nbsp;&nbsp;&nbsp;DrawGameOverScreen
<LI><a href="#[77]">&gt;&gt;</a>&nbsp;&nbsp;&nbsp;DrawPauseScreen
<LI><a href="#[6f]">&gt;&gt;</a>&nbsp;&nbsp;&nbsp;DrawCalibrateScreen
<LI><a href="#[6c]">&gt;&gt;</a>&nbsp;&nbsp;&nbsp;DrawMenuSelection
<LI><a href="#[6a]">&gt;&gt;</a>&nbsp;&nbsp;&nbsp;DrawMainMenu
<LI><a href="#[62]">&gt;&gt;</a>&nbsp;&nbsp;&nbsp;App_Run
</UL>

<P><STRONG><a name="[65]"></a>OLED_SetCursor</STRONG> (Thumb, 52 bytes, Stack size 16 bytes, oled.o(.text.OLED_SetCursor))
<BR><BR>[Stack]<UL><LI>Max Depth = 40<LI>Call Chain = OLED_SetCursor &rArr; OLED_Command &rArr; I2C1_WriteControlData
</UL>
<BR>[Calls]<UL><LI><a href="#[97]">&gt;&gt;</a>&nbsp;&nbsp;&nbsp;OLED_Command
</UL>
<BR>[Called By]<UL><LI><a href="#[88]">&gt;&gt;</a>&nbsp;&nbsp;&nbsp;FB_Flush
<LI><a href="#[7c]">&gt;&gt;</a>&nbsp;&nbsp;&nbsp;DrawGameOverScreen
<LI><a href="#[77]">&gt;&gt;</a>&nbsp;&nbsp;&nbsp;DrawPauseScreen
<LI><a href="#[6f]">&gt;&gt;</a>&nbsp;&nbsp;&nbsp;DrawCalibrateScreen
<LI><a href="#[6c]">&gt;&gt;</a>&nbsp;&nbsp;&nbsp;DrawMenuSelection
<LI><a href="#[6a]">&gt;&gt;</a>&nbsp;&nbsp;&nbsp;DrawMainMenu
<LI><a href="#[64]">&gt;&gt;</a>&nbsp;&nbsp;&nbsp;OLED_Clear
<LI><a href="#[62]">&gt;&gt;</a>&nbsp;&nbsp;&nbsp;App_Run
</UL>

<P><STRONG><a name="[9b]"></a>OneWire_Init</STRONG> (Thumb, 66 bytes, Stack size 8 bytes, onewire.o(.text.OneWire_Init))
<BR><BR>[Stack]<UL><LI>Max Depth = 8<LI>Call Chain = OneWire_Init
</UL>
<BR>[Calls]<UL><LI><a href="#[9c]">&gt;&gt;</a>&nbsp;&nbsp;&nbsp;OneWire_Pin_Input
</UL>
<BR>[Called By]<UL><LI><a href="#[4f]">&gt;&gt;</a>&nbsp;&nbsp;&nbsp;main
</UL>

<P><STRONG><a name="[9f]"></a>OneWire_Low</STRONG> (Thumb, 14 bytes, Stack size 0 bytes, onewire.o(.text.OneWire_Low))
<BR><BR>[Called By]<UL><LI><a href="#[9d]">&gt;&gt;</a>&nbsp;&nbsp;&nbsp;OneWire_ReadBit
<LI><a href="#[a3]">&gt;&gt;</a>&nbsp;&nbsp;&nbsp;OneWire_WriteBit
</UL>

<P><STRONG><a name="[9c]"></a>OneWire_Pin_Input</STRONG> (Thumb, 16 bytes, Stack size 0 bytes, onewire.o(.text.OneWire_Pin_Input))
<BR><BR>[Called By]<UL><LI><a href="#[7e]">&gt;&gt;</a>&nbsp;&nbsp;&nbsp;OneWire_Reset
<LI><a href="#[9b]">&gt;&gt;</a>&nbsp;&nbsp;&nbsp;OneWire_Init
<LI><a href="#[a3]">&gt;&gt;</a>&nbsp;&nbsp;&nbsp;OneWire_WriteBit
<LI><a href="#[a1]">&gt;&gt;</a>&nbsp;&nbsp;&nbsp;OneWire_Release
</UL>

<P><STRONG><a name="[9e]"></a>OneWire_Pin_Output</STRONG> (Thumb, 24 bytes, Stack size 0 bytes, onewire.o(.text.OneWire_Pin_Output))
<BR><BR>[Called By]<UL><LI><a href="#[7e]">&gt;&gt;</a>&nbsp;&nbsp;&nbsp;OneWire_Reset
<LI><a href="#[9d]">&gt;&gt;</a>&nbsp;&nbsp;&nbsp;OneWire_ReadBit
<LI><a href="#[a3]">&gt;&gt;</a>&nbsp;&nbsp;&nbsp;OneWire_WriteBit
</UL>

<P><STRONG><a name="[9d]"></a>OneWire_ReadBit</STRONG> (Thumb, 58 bytes, Stack size 16 bytes, onewire.o(.text.OneWire_ReadBit))
<BR><BR>[Stack]<UL><LI>Max Depth = 28<LI>Call Chain = OneWire_ReadBit &rArr; delayUs
</UL>
<BR>[Calls]<UL><LI><a href="#[a0]">&gt;&gt;</a>&nbsp;&nbsp;&nbsp;delayUs
<LI><a href="#[a1]">&gt;&gt;</a>&nbsp;&nbsp;&nbsp;OneWire_Release
<LI><a href="#[9f]">&gt;&gt;</a>&nbsp;&nbsp;&nbsp;OneWire_Low
<LI><a href="#[9e]">&gt;&gt;</a>&nbsp;&nbsp;&nbsp;OneWire_Pin_Output
</UL>
<BR>[Called By]<UL><LI><a href="#[80]">&gt;&gt;</a>&nbsp;&nbsp;&nbsp;OneWire_ReadByte
</UL>

<P><STRONG><a name="[80]"></a>OneWire_ReadByte</STRONG> (Thumb, 78 bytes, Stack size 16 bytes, onewire.o(.text.OneWire_ReadByte))
<BR><BR>[Stack]<UL><LI>Max Depth = 44<LI>Call Chain = OneWire_ReadByte &rArr; OneWire_ReadBit &rArr; delayUs
</UL>
<BR>[Calls]<UL><LI><a href="#[9d]">&gt;&gt;</a>&nbsp;&nbsp;&nbsp;OneWire_ReadBit
</UL>
<BR>[Called By]<UL><LI><a href="#[7d]">&gt;&gt;</a>&nbsp;&nbsp;&nbsp;DS18S20_ReadTemp_x10_Now
</UL>

<P><STRONG><a name="[a1]"></a>OneWire_Release</STRONG> (Thumb, 8 bytes, Stack size 8 bytes, onewire.o(.text.OneWire_Release))
<BR><BR>[Stack]<UL><LI>Max Depth = 8<LI>Call Chain = OneWire_Release
</UL>
<BR>[Calls]<UL><LI><a href="#[9c]">&gt;&gt;</a>&nbsp;&nbsp;&nbsp;OneWire_Pin_Input
</UL>
<BR>[Called By]<UL><LI><a href="#[9d]">&gt;&gt;</a>&nbsp;&nbsp;&nbsp;OneWire_ReadBit
</UL>

<P><STRONG><a name="[7e]"></a>OneWire_Reset</STRONG> (Thumb, 68 bytes, Stack size 16 bytes, onewire.o(.text.OneWire_Reset))
<BR><BR>[Stack]<UL><LI>Max Depth = 28<LI>Call Chain = OneWire_Reset &rArr; delayUs
</UL>
<BR>[Calls]<UL><LI><a href="#[a0]">&gt;&gt;</a>&nbsp;&nbsp;&nbsp;delayUs
<LI><a href="#[a2]">&gt;&gt;</a>&nbsp;&nbsp;&nbsp;OneWire_WriteLow
<LI><a href="#[9c]">&gt;&gt;</a>&nbsp;&nbsp;&nbsp;OneWire_Pin_Input
<LI><a href="#[9e]">&gt;&gt;</a>&nbsp;&nbsp;&nbsp;OneWire_Pin_Output
</UL>
<BR>[Called By]<UL><LI><a href="#[7d]">&gt;&gt;</a>&nbsp;&nbsp;&nbsp;DS18S20_ReadTemp_x10_Now
<LI><a href="#[81]">&gt;&gt;</a>&nbsp;&nbsp;&nbsp;DS18S20_StartConversion
</UL>

<P><STRONG><a name="[a3]"></a>OneWire_WriteBit</STRONG> (Thumb, 64 bytes, Stack size 16 bytes, onewire.o(.text.OneWire_WriteBit))
<BR><BR>[Stack]<UL><LI>Max Depth = 28<LI>Call Chain = OneWire_WriteBit &rArr; delayUs
</UL>
<BR>[Calls]<UL><LI><a href="#[a0]">&gt;&gt;</a>&nbsp;&nbsp;&nbsp;delayUs
<LI><a href="#[9f]">&gt;&gt;</a>&nbsp;&nbsp;&nbsp;OneWire_Low
<LI><a href="#[9c]">&gt;&gt;</a>&nbsp;&nbsp;&nbsp;OneWire_Pin_Input
<LI><a href="#[9e]">&gt;&gt;</a>&nbsp;&nbsp;&nbsp;OneWire_Pin_Output
</UL>
<BR>[Called By]<UL><LI><a href="#[7f]">&gt;&gt;</a>&nbsp;&nbsp;&nbsp;OneWire_WriteByte
</UL>

<P><STRONG><a name="[7f]"></a>OneWire_WriteByte</STRONG> (Thumb, 58 bytes, Stack size 16 bytes, onewire.o(.text.OneWire_WriteByte))
<BR><BR>[Stack]<UL><LI>Max Depth = 44<LI>Call Chain = OneWire_WriteByte &rArr; OneWire_WriteBit &rArr; delayUs
</UL>
<BR>[Calls]<UL><LI><a href="#[a3]">&gt;&gt;</a>&nbsp;&nbsp;&nbsp;OneWire_WriteBit
</UL>
<BR>[Called By]<UL><LI><a href="#[7d]">&gt;&gt;</a>&nbsp;&nbsp;&nbsp;DS18S20_ReadTemp_x10_Now
<LI><a href="#[81]">&gt;&gt;</a>&nbsp;&nbsp;&nbsp;DS18S20_StartConversion
</UL>

<P><STRONG><a name="[a2]"></a>OneWire_WriteLow</STRONG> (Thumb, 14 bytes, Stack size 0 bytes, onewire.o(.text.OneWire_WriteLow))
<BR><BR>[Called By]<UL><LI><a href="#[7e]">&gt;&gt;</a>&nbsp;&nbsp;&nbsp;OneWire_Reset
</UL>

<P><STRONG><a name="[7a]"></a>SnakeGame_GetSpeedMs</STRONG> (Thumb, 62 bytes, Stack size 12 bytes, snake_game.o(.text.SnakeGame_GetSpeedMs))
<BR><BR>[Stack]<UL><LI>Max Depth = 12<LI>Call Chain = SnakeGame_GetSpeedMs
</UL>
<BR>[Called By]<UL><LI><a href="#[62]">&gt;&gt;</a>&nbsp;&nbsp;&nbsp;App_Run
</UL>

<P><STRONG><a name="[5e]"></a>SnakeGame_Init</STRONG> (Thumb, 172 bytes, Stack size 16 bytes, snake_game.o(.text.SnakeGame_Init))
<BR><BR>[Stack]<UL><LI>Max Depth = 80<LI>Call Chain = SnakeGame_Init &rArr; SnakeGame_PlaceFood &rArr; SnakeGame_IsObstacle &rArr; SnakeGame_IsPlayable
</UL>
<BR>[Calls]<UL><LI><a href="#[aa]">&gt;&gt;</a>&nbsp;&nbsp;&nbsp;SnakeGame_PlaceFood
<LI><a href="#[a9]">&gt;&gt;</a>&nbsp;&nbsp;&nbsp;PlaceObstacles
</UL>
<BR>[Called By]<UL><LI><a href="#[62]">&gt;&gt;</a>&nbsp;&nbsp;&nbsp;App_Run
<LI><a href="#[5d]">&gt;&gt;</a>&nbsp;&nbsp;&nbsp;App_Init
</UL>

<P><STRONG><a name="[ab]"></a>SnakeGame_IsObstacle</STRONG> (Thumb, 144 bytes, Stack size 24 bytes, snake_game.o(.text.SnakeGame_IsObstacle))
<BR><BR>[Stack]<UL><LI>Max Depth = 32<LI>Call Chain = SnakeGame_IsObstacle &rArr; SnakeGame_IsPlayable
</UL>
<BR>[Calls]<UL><LI><a href="#[ac]">&gt;&gt;</a>&nbsp;&nbsp;&nbsp;SnakeGame_IsPlayable
</UL>
<BR>[Called By]<UL><LI><a href="#[aa]">&gt;&gt;</a>&nbsp;&nbsp;&nbsp;SnakeGame_PlaceFood
<LI><a href="#[7b]">&gt;&gt;</a>&nbsp;&nbsp;&nbsp;SnakeGame_Update
</UL>

<P><STRONG><a name="[ac]"></a>SnakeGame_IsPlayable</STRONG> (Thumb, 74 bytes, Stack size 8 bytes, snake_game.o(.text.SnakeGame_IsPlayable))
<BR><BR>[Stack]<UL><LI>Max Depth = 8<LI>Call Chain = SnakeGame_IsPlayable
</UL>
<BR>[Called By]<UL><LI><a href="#[ab]">&gt;&gt;</a>&nbsp;&nbsp;&nbsp;SnakeGame_IsObstacle
</UL>

<P><STRONG><a name="[aa]"></a>SnakeGame_PlaceFood</STRONG> (Thumb, 306 bytes, Stack size 32 bytes, snake_game.o(.text.SnakeGame_PlaceFood))
<BR><BR>[Stack]<UL><LI>Max Depth = 64<LI>Call Chain = SnakeGame_PlaceFood &rArr; SnakeGame_IsObstacle &rArr; SnakeGame_IsPlayable
</UL>
<BR>[Calls]<UL><LI><a href="#[ab]">&gt;&gt;</a>&nbsp;&nbsp;&nbsp;SnakeGame_IsObstacle
<LI><a href="#[ae]">&gt;&gt;</a>&nbsp;&nbsp;&nbsp;IsCellOccupiedBySnake
<LI><a href="#[ad]">&gt;&gt;</a>&nbsp;&nbsp;&nbsp;simple_random
</UL>
<BR>[Called By]<UL><LI><a href="#[7b]">&gt;&gt;</a>&nbsp;&nbsp;&nbsp;SnakeGame_Update
<LI><a href="#[5e]">&gt;&gt;</a>&nbsp;&nbsp;&nbsp;SnakeGame_Init
</UL>

<P><STRONG><a name="[a4]"></a>SnakeGame_SetDirection</STRONG> (Thumb, 116 bytes, Stack size 8 bytes, snake_game.o(.text.SnakeGame_SetDirection))
<BR><BR>[Stack]<UL><LI>Max Depth = 8<LI>Call Chain = SnakeGame_SetDirection
</UL>
<BR>[Called By]<UL><LI><a href="#[79]">&gt;&gt;</a>&nbsp;&nbsp;&nbsp;ProcessPlayingTilt
<LI><a href="#[78]">&gt;&gt;</a>&nbsp;&nbsp;&nbsp;ProcessPlayingButtons
</UL>

<P><STRONG><a name="[7b]"></a>SnakeGame_Update</STRONG> (Thumb, 498 bytes, Stack size 24 bytes, snake_game.o(.text.SnakeGame_Update))
<BR><BR>[Stack]<UL><LI>Max Depth = 88<LI>Call Chain = SnakeGame_Update &rArr; SnakeGame_PlaceFood &rArr; SnakeGame_IsObstacle &rArr; SnakeGame_IsPlayable
</UL>
<BR>[Calls]<UL><LI><a href="#[af]">&gt;&gt;</a>&nbsp;&nbsp;&nbsp;SnakeGame_UpdateLevel
<LI><a href="#[ab]">&gt;&gt;</a>&nbsp;&nbsp;&nbsp;SnakeGame_IsObstacle
<LI><a href="#[aa]">&gt;&gt;</a>&nbsp;&nbsp;&nbsp;SnakeGame_PlaceFood
</UL>
<BR>[Called By]<UL><LI><a href="#[62]">&gt;&gt;</a>&nbsp;&nbsp;&nbsp;App_Run
</UL>

<P><STRONG><a name="[af]"></a>SnakeGame_UpdateLevel</STRONG> (Thumb, 64 bytes, Stack size 4 bytes, snake_game.o(.text.SnakeGame_UpdateLevel))
<BR><BR>[Stack]<UL><LI>Max Depth = 4<LI>Call Chain = SnakeGame_UpdateLevel
</UL>
<BR>[Called By]<UL><LI><a href="#[7b]">&gt;&gt;</a>&nbsp;&nbsp;&nbsp;SnakeGame_Update
</UL>

<P><STRONG><a name="[6e]"></a>SnakeRender_Draw</STRONG> (Thumb, 210 bytes, Stack size 16 bytes, snake_render.o(.text.SnakeRender_Draw))
<BR><BR>[Stack]<UL><LI>Max Depth = 72 + Unknown Stack Size
<LI>Call Chain = SnakeRender_Draw &rArr; FB_Flush &rArr; OLED_SetCursor &rArr; OLED_Command &rArr; I2C1_WriteControlData
</UL>
<BR>[Calls]<UL><LI><a href="#[88]">&gt;&gt;</a>&nbsp;&nbsp;&nbsp;FB_Flush
<LI><a href="#[84]">&gt;&gt;</a>&nbsp;&nbsp;&nbsp;DrawSnakeBody
<LI><a href="#[85]">&gt;&gt;</a>&nbsp;&nbsp;&nbsp;DrawSnakeHead
<LI><a href="#[82]">&gt;&gt;</a>&nbsp;&nbsp;&nbsp;DrawFood
<LI><a href="#[86]">&gt;&gt;</a>&nbsp;&nbsp;&nbsp;DrawWall
<LI><a href="#[70]">&gt;&gt;</a>&nbsp;&nbsp;&nbsp;SnakeRender_DrawBorder
<LI><a href="#[b0]">&gt;&gt;</a>&nbsp;&nbsp;&nbsp;__aeabi_memclr
</UL>
<BR>[Called By]<UL><LI><a href="#[62]">&gt;&gt;</a>&nbsp;&nbsp;&nbsp;App_Run
</UL>

<P><STRONG><a name="[70]"></a>SnakeRender_DrawBorder</STRONG> (Thumb, 112 bytes, Stack size 16 bytes, snake_render.o(.text.SnakeRender_DrawBorder))
<BR><BR>[Stack]<UL><LI>Max Depth = 44<LI>Call Chain = SnakeRender_DrawBorder &rArr; DrawWall &rArr; FB_Write
</UL>
<BR>[Calls]<UL><LI><a href="#[86]">&gt;&gt;</a>&nbsp;&nbsp;&nbsp;DrawWall
</UL>
<BR>[Called By]<UL><LI><a href="#[6e]">&gt;&gt;</a>&nbsp;&nbsp;&nbsp;SnakeRender_Draw
<LI><a href="#[62]">&gt;&gt;</a>&nbsp;&nbsp;&nbsp;App_Run
</UL>

<P><STRONG><a name="[60]"></a>SnakeRender_Init</STRONG> (Thumb, 40 bytes, Stack size 16 bytes, snake_render.o(.text.SnakeRender_Init))
<BR><BR>[Stack]<UL><LI>Max Depth = 16 + Unknown Stack Size
<LI>Call Chain = SnakeRender_Init
</UL>
<BR>[Calls]<UL><LI><a href="#[b0]">&gt;&gt;</a>&nbsp;&nbsp;&nbsp;__aeabi_memclr
</UL>
<BR>[Called By]<UL><LI><a href="#[5d]">&gt;&gt;</a>&nbsp;&nbsp;&nbsp;App_Init
</UL>

<P><STRONG><a name="[6d]"></a>SnakeRender_Reset</STRONG> (Thumb, 20 bytes, Stack size 8 bytes, snake_render.o(.text.SnakeRender_Reset))
<BR><BR>[Stack]<UL><LI>Max Depth = 8 + Unknown Stack Size
<LI>Call Chain = SnakeRender_Reset
</UL>
<BR>[Calls]<UL><LI><a href="#[b0]">&gt;&gt;</a>&nbsp;&nbsp;&nbsp;__aeabi_memclr
</UL>
<BR>[Called By]<UL><LI><a href="#[62]">&gt;&gt;</a>&nbsp;&nbsp;&nbsp;App_Run
</UL>

<P><STRONG><a name="[9]"></a>SysTick_Handler</STRONG> (Thumb, 16 bytes, Stack size 8 bytes, timer.o(.text.SysTick_Handler))
<BR><BR>[Stack]<UL><LI>Max Depth = 8<LI>Call Chain = SysTick_Handler
</UL>
<BR>[Address Reference Count : 1]<UL><LI> startup_stm32f401xe.o(RESET)
</UL>
<P><STRONG><a name="[42]"></a>SystemInit</STRONG> (Thumb, 32 bytes, Stack size 0 bytes, system_stm32f4xx.o(.text.SystemInit))
<BR>[Address Reference Count : 1]<UL><LI> startup_stm32f401xe.o(.text)
</UL>
<P><STRONG><a name="[22]"></a>TIM2_IRQHandler</STRONG> (Thumb, 52 bytes, Stack size 8 bytes, timer_delay.o(.text.TIM2_IRQHandler))
<BR><BR>[Stack]<UL><LI>Max Depth = 8<LI>Call Chain = TIM2_IRQHandler
</UL>
<BR>[Calls]<UL><LI><a href="#[b1]">&gt;&gt;</a>&nbsp;&nbsp;&nbsp;DS18S20_Tick_1ms
</UL>
<BR>[Address Reference Count : 1]<UL><LI> startup_stm32f401xe.o(RESET)
</UL>
<P><STRONG><a name="[b2]"></a>TIM2_Init_1ms</STRONG> (Thumb, 120 bytes, Stack size 16 bytes, timer_delay.o(.text.TIM2_Init_1ms))
<BR><BR>[Stack]<UL><LI>Max Depth = 24<LI>Call Chain = TIM2_Init_1ms &rArr; __NVIC_SetPriority
</UL>
<BR>[Calls]<UL><LI><a href="#[b4]">&gt;&gt;</a>&nbsp;&nbsp;&nbsp;__NVIC_EnableIRQ
<LI><a href="#[b3]">&gt;&gt;</a>&nbsp;&nbsp;&nbsp;__NVIC_SetPriority
</UL>
<BR>[Called By]<UL><LI><a href="#[4f]">&gt;&gt;</a>&nbsp;&nbsp;&nbsp;main
</UL>

<P><STRONG><a name="[2c]"></a>USART2_IRQHandler</STRONG> (Thumb, 54 bytes, Stack size 16 bytes, uart.o(.text.USART2_IRQHandler))
<BR><BR>[Stack]<UL><LI>Max Depth = 40<LI>Call Chain = USART2_IRQHandler &rArr; uart_rx &rArr; USART_GetFlagStatus
</UL>
<BR>[Calls]<UL><LI><a href="#[b6]">&gt;&gt;</a>&nbsp;&nbsp;&nbsp;uart_rx
<LI><a href="#[b5]">&gt;&gt;</a>&nbsp;&nbsp;&nbsp;__NVIC_ClearPendingIRQ
</UL>
<BR>[Address Reference Count : 1]<UL><LI> startup_stm32f401xe.o(RESET)
</UL>
<P><STRONG><a name="[c1]"></a>USART_GetFlagStatus</STRONG> (Thumb, 66 bytes, Stack size 8 bytes, stm32f4xx_usart.o(.text.USART_GetFlagStatus))
<BR><BR>[Stack]<UL><LI>Max Depth = 8<LI>Call Chain = USART_GetFlagStatus
</UL>
<BR>[Called By]<UL><LI><a href="#[b6]">&gt;&gt;</a>&nbsp;&nbsp;&nbsp;uart_rx
</UL>

<P><STRONG><a name="[c2]"></a>USART_ReceiveData</STRONG> (Thumb, 16 bytes, Stack size 4 bytes, stm32f4xx_usart.o(.text.USART_ReceiveData))
<BR><BR>[Stack]<UL><LI>Max Depth = 4<LI>Call Chain = USART_ReceiveData
</UL>
<BR>[Called By]<UL><LI><a href="#[b6]">&gt;&gt;</a>&nbsp;&nbsp;&nbsp;uart_rx
</UL>

<P><STRONG><a name="[75]"></a>delayMs</STRONG> (Thumb, 48 bytes, Stack size 8 bytes, timer_delay.o(.text.delayMs))
<BR><BR>[Stack]<UL><LI>Max Depth = 8<LI>Call Chain = delayMs
</UL>
<BR>[Called By]<UL><LI><a href="#[62]">&gt;&gt;</a>&nbsp;&nbsp;&nbsp;App_Run
<LI><a href="#[99]">&gt;&gt;</a>&nbsp;&nbsp;&nbsp;OLED_Init
<LI><a href="#[4f]">&gt;&gt;</a>&nbsp;&nbsp;&nbsp;main
</UL>

<P><STRONG><a name="[a0]"></a>delayUs</STRONG> (Thumb, 76 bytes, Stack size 12 bytes, timer_delay.o(.text.delayUs))
<BR><BR>[Stack]<UL><LI>Max Depth = 12<LI>Call Chain = delayUs
</UL>
<BR>[Called By]<UL><LI><a href="#[7e]">&gt;&gt;</a>&nbsp;&nbsp;&nbsp;OneWire_Reset
<LI><a href="#[9d]">&gt;&gt;</a>&nbsp;&nbsp;&nbsp;OneWire_ReadBit
<LI><a href="#[a3]">&gt;&gt;</a>&nbsp;&nbsp;&nbsp;OneWire_WriteBit
</UL>

<P><STRONG><a name="[b8]"></a>delay_cycles</STRONG> (Thumb, 12 bytes, Stack size 0 bytes, delay.o(.text.delay_cycles))
<BR><BR>[Called By]<UL><LI><a href="#[b9]">&gt;&gt;</a>&nbsp;&nbsp;&nbsp;delay_us
<LI><a href="#[b7]">&gt;&gt;</a>&nbsp;&nbsp;&nbsp;delay_ms
</UL>

<P><STRONG><a name="[b7]"></a>delay_ms</STRONG> (Thumb, 86 bytes, Stack size 24 bytes, delay.o(.text.delay_ms))
<BR><BR>[Stack]<UL><LI>Max Depth = 24<LI>Call Chain = delay_ms
</UL>
<BR>[Calls]<UL><LI><a href="#[b8]">&gt;&gt;</a>&nbsp;&nbsp;&nbsp;delay_cycles
</UL>
<BR>[Called By]<UL><LI><a href="#[bc]">&gt;&gt;</a>&nbsp;&nbsp;&nbsp;lcd_write_cmd
<LI><a href="#[90]">&gt;&gt;</a>&nbsp;&nbsp;&nbsp;lcd_put_char
<LI><a href="#[ba]">&gt;&gt;</a>&nbsp;&nbsp;&nbsp;lcd_init
</UL>

<P><STRONG><a name="[b9]"></a>delay_us</STRONG> (Thumb, 90 bytes, Stack size 24 bytes, delay.o(.text.delay_us))
<BR><BR>[Stack]<UL><LI>Max Depth = 24<LI>Call Chain = delay_us
</UL>
<BR>[Calls]<UL><LI><a href="#[b8]">&gt;&gt;</a>&nbsp;&nbsp;&nbsp;delay_cycles
</UL>
<BR>[Called By]<UL><LI><a href="#[bc]">&gt;&gt;</a>&nbsp;&nbsp;&nbsp;lcd_write_cmd
<LI><a href="#[90]">&gt;&gt;</a>&nbsp;&nbsp;&nbsp;lcd_put_char
<LI><a href="#[ba]">&gt;&gt;</a>&nbsp;&nbsp;&nbsp;lcd_init
</UL>

<P><STRONG><a name="[bd]"></a>gpio_set</STRONG> (Thumb, 54 bytes, Stack size 16 bytes, gpio.o(.text.gpio_set))
<BR><BR>[Stack]<UL><LI>Max Depth = 16<LI>Call Chain = gpio_set
</UL>
<BR>[Called By]<UL><LI><a href="#[bc]">&gt;&gt;</a>&nbsp;&nbsp;&nbsp;lcd_write_cmd
<LI><a href="#[90]">&gt;&gt;</a>&nbsp;&nbsp;&nbsp;lcd_put_char
</UL>

<P><STRONG><a name="[bb]"></a>gpio_set_mode</STRONG> (Thumb, 322 bytes, Stack size 20 bytes, gpio.o(.text.gpio_set_mode))
<BR><BR>[Stack]<UL><LI>Max Depth = 20<LI>Call Chain = gpio_set_mode
</UL>
<BR>[Called By]<UL><LI><a href="#[ba]">&gt;&gt;</a>&nbsp;&nbsp;&nbsp;lcd_init
</UL>

<P><STRONG><a name="[67]"></a>intToStr</STRONG> (Thumb, 228 bytes, Stack size 28 bytes, utils.o(.text.intToStr))
<BR><BR>[Stack]<UL><LI>Max Depth = 28<LI>Call Chain = intToStr
</UL>
<BR>[Called By]<UL><LI><a href="#[8d]">&gt;&gt;</a>&nbsp;&nbsp;&nbsp;LCD_PrintTemp
<LI><a href="#[7c]">&gt;&gt;</a>&nbsp;&nbsp;&nbsp;DrawGameOverScreen
<LI><a href="#[69]">&gt;&gt;</a>&nbsp;&nbsp;&nbsp;UpdateLCD
<LI><a href="#[62]">&gt;&gt;</a>&nbsp;&nbsp;&nbsp;App_Run
</UL>

<P><STRONG><a name="[ba]"></a>lcd_init</STRONG> (Thumb, 190 bytes, Stack size 16 bytes, lcd.o(.text.lcd_init))
<BR><BR>[Stack]<UL><LI>Max Depth = 64<LI>Call Chain = lcd_init &rArr; lcd_write_cmd &rArr; delay_us
</UL>
<BR>[Calls]<UL><LI><a href="#[b9]">&gt;&gt;</a>&nbsp;&nbsp;&nbsp;delay_us
<LI><a href="#[bc]">&gt;&gt;</a>&nbsp;&nbsp;&nbsp;lcd_write_cmd
<LI><a href="#[b7]">&gt;&gt;</a>&nbsp;&nbsp;&nbsp;delay_ms
<LI><a href="#[bb]">&gt;&gt;</a>&nbsp;&nbsp;&nbsp;gpio_set_mode
</UL>
<BR>[Called By]<UL><LI><a href="#[4f]">&gt;&gt;</a>&nbsp;&nbsp;&nbsp;main
</UL>

<P><STRONG><a name="[8f]"></a>lcd_print</STRONG> (Thumb, 72 bytes, Stack size 16 bytes, lcd.o(.text.lcd_print))
<BR><BR>[Stack]<UL><LI>Max Depth = 64<LI>Call Chain = lcd_print &rArr; lcd_write_cmd &rArr; delay_us
</UL>
<BR>[Calls]<UL><LI><a href="#[bc]">&gt;&gt;</a>&nbsp;&nbsp;&nbsp;lcd_write_cmd
<LI><a href="#[90]">&gt;&gt;</a>&nbsp;&nbsp;&nbsp;lcd_put_char
</UL>
<BR>[Called By]<UL><LI><a href="#[8d]">&gt;&gt;</a>&nbsp;&nbsp;&nbsp;LCD_PrintTemp
<LI><a href="#[69]">&gt;&gt;</a>&nbsp;&nbsp;&nbsp;UpdateLCD
</UL>

<P><STRONG><a name="[90]"></a>lcd_put_char</STRONG> (Thumb, 150 bytes, Stack size 24 bytes, lcd.o(.text.lcd_put_char))
<BR><BR>[Stack]<UL><LI>Max Depth = 48<LI>Call Chain = lcd_put_char &rArr; delay_us
</UL>
<BR>[Calls]<UL><LI><a href="#[b9]">&gt;&gt;</a>&nbsp;&nbsp;&nbsp;delay_us
<LI><a href="#[b7]">&gt;&gt;</a>&nbsp;&nbsp;&nbsp;delay_ms
<LI><a href="#[bd]">&gt;&gt;</a>&nbsp;&nbsp;&nbsp;gpio_set
</UL>
<BR>[Called By]<UL><LI><a href="#[8d]">&gt;&gt;</a>&nbsp;&nbsp;&nbsp;LCD_PrintTemp
<LI><a href="#[8f]">&gt;&gt;</a>&nbsp;&nbsp;&nbsp;lcd_print
</UL>

<P><STRONG><a name="[8e]"></a>lcd_set_cursor</STRONG> (Thumb, 30 bytes, Stack size 8 bytes, lcd.o(.text.lcd_set_cursor))
<BR><BR>[Stack]<UL><LI>Max Depth = 56<LI>Call Chain = lcd_set_cursor &rArr; lcd_write_cmd &rArr; delay_us
</UL>
<BR>[Calls]<UL><LI><a href="#[bc]">&gt;&gt;</a>&nbsp;&nbsp;&nbsp;lcd_write_cmd
</UL>
<BR>[Called By]<UL><LI><a href="#[8d]">&gt;&gt;</a>&nbsp;&nbsp;&nbsp;LCD_PrintTemp
<LI><a href="#[69]">&gt;&gt;</a>&nbsp;&nbsp;&nbsp;UpdateLCD
</UL>

<P><STRONG><a name="[bc]"></a>lcd_write_cmd</STRONG> (Thumb, 146 bytes, Stack size 24 bytes, lcd.o(.text.lcd_write_cmd))
<BR><BR>[Stack]<UL><LI>Max Depth = 48<LI>Call Chain = lcd_write_cmd &rArr; delay_us
</UL>
<BR>[Calls]<UL><LI><a href="#[b9]">&gt;&gt;</a>&nbsp;&nbsp;&nbsp;delay_us
<LI><a href="#[b7]">&gt;&gt;</a>&nbsp;&nbsp;&nbsp;delay_ms
<LI><a href="#[bd]">&gt;&gt;</a>&nbsp;&nbsp;&nbsp;gpio_set
</UL>
<BR>[Called By]<UL><LI><a href="#[8f]">&gt;&gt;</a>&nbsp;&nbsp;&nbsp;lcd_print
<LI><a href="#[8e]">&gt;&gt;</a>&nbsp;&nbsp;&nbsp;lcd_set_cursor
<LI><a href="#[ba]">&gt;&gt;</a>&nbsp;&nbsp;&nbsp;lcd_init
</UL>

<P><STRONG><a name="[4f]"></a>main</STRONG> (Thumb, 78 bytes, Stack size 16 bytes, demo_main.o(.text.main))
<BR><BR>[Stack]<UL><LI>Max Depth = 288 + Unknown Stack Size
<LI>Call Chain = main &rArr; App_Run &rArr; UpdateLCD &rArr; LCD_PrintTemp &rArr; lcd_print &rArr; lcd_write_cmd &rArr; delay_us
</UL>
<BR>[Calls]<UL><LI><a href="#[62]">&gt;&gt;</a>&nbsp;&nbsp;&nbsp;App_Run
<LI><a href="#[5d]">&gt;&gt;</a>&nbsp;&nbsp;&nbsp;App_Init
<LI><a href="#[81]">&gt;&gt;</a>&nbsp;&nbsp;&nbsp;DS18S20_StartConversion
<LI><a href="#[75]">&gt;&gt;</a>&nbsp;&nbsp;&nbsp;delayMs
<LI><a href="#[91]">&gt;&gt;</a>&nbsp;&nbsp;&nbsp;MPU6500_Init
<LI><a href="#[ba]">&gt;&gt;</a>&nbsp;&nbsp;&nbsp;lcd_init
<LI><a href="#[c0]">&gt;&gt;</a>&nbsp;&nbsp;&nbsp;Buttons_Init
<LI><a href="#[9b]">&gt;&gt;</a>&nbsp;&nbsp;&nbsp;OneWire_Init
<LI><a href="#[bf]">&gt;&gt;</a>&nbsp;&nbsp;&nbsp;DWT_Delay_Init
<LI><a href="#[99]">&gt;&gt;</a>&nbsp;&nbsp;&nbsp;OLED_Init
<LI><a href="#[be]">&gt;&gt;</a>&nbsp;&nbsp;&nbsp;I2C1_Init
<LI><a href="#[b2]">&gt;&gt;</a>&nbsp;&nbsp;&nbsp;TIM2_Init_1ms
</UL>
<BR>[Called By]<UL><LI><a href="#[4e]">&gt;&gt;</a>&nbsp;&nbsp;&nbsp;__rt_entry_main
</UL>

<P><STRONG><a name="[b6]"></a>uart_rx</STRONG> (Thumb, 50 bytes, Stack size 16 bytes, uart.o(.text.uart_rx))
<BR><BR>[Stack]<UL><LI>Max Depth = 24<LI>Call Chain = uart_rx &rArr; USART_GetFlagStatus
</UL>
<BR>[Calls]<UL><LI><a href="#[c1]">&gt;&gt;</a>&nbsp;&nbsp;&nbsp;USART_GetFlagStatus
<LI><a href="#[c2]">&gt;&gt;</a>&nbsp;&nbsp;&nbsp;USART_ReceiveData
</UL>
<BR>[Called By]<UL><LI><a href="#[2c]">&gt;&gt;</a>&nbsp;&nbsp;&nbsp;USART2_IRQHandler
</UL>

<P><STRONG><a name="[c3]"></a>__ARM_fpclassifyf</STRONG> (Thumb, 38 bytes, Stack size 0 bytes, fpclassifyf.o(i.__ARM_fpclassifyf))
<BR><BR>[Called By]<UL><LI><a href="#[8b]">&gt;&gt;</a>&nbsp;&nbsp;&nbsp;__hardfp_atan2f
</UL>

<P><STRONG><a name="[8b]"></a>__hardfp_atan2f</STRONG> (Thumb, 594 bytes, Stack size 32 bytes, atan2f.o(i.__hardfp_atan2f))
<BR><BR>[Stack]<UL><LI>Max Depth = 40<LI>Call Chain = __hardfp_atan2f &rArr; __set_errno
</UL>
<BR>[Calls]<UL><LI><a href="#[c4]">&gt;&gt;</a>&nbsp;&nbsp;&nbsp;__mathlib_flt_underflow
<LI><a href="#[c5]">&gt;&gt;</a>&nbsp;&nbsp;&nbsp;__mathlib_flt_infnan2
<LI><a href="#[c3]">&gt;&gt;</a>&nbsp;&nbsp;&nbsp;__ARM_fpclassifyf
<LI><a href="#[59]">&gt;&gt;</a>&nbsp;&nbsp;&nbsp;__set_errno
</UL>
<BR>[Called By]<UL><LI><a href="#[73]">&gt;&gt;</a>&nbsp;&nbsp;&nbsp;Gesture_ComputePitch
<LI><a href="#[72]">&gt;&gt;</a>&nbsp;&nbsp;&nbsp;Gesture_ComputeRoll
</UL>

<P><STRONG><a name="[8a]"></a>__hardfp_sqrtf</STRONG> (Thumb, 58 bytes, Stack size 16 bytes, sqrtf.o(i.__hardfp_sqrtf))
<BR><BR>[Stack]<UL><LI>Max Depth = 24<LI>Call Chain = __hardfp_sqrtf &rArr; __set_errno
</UL>
<BR>[Calls]<UL><LI><a href="#[59]">&gt;&gt;</a>&nbsp;&nbsp;&nbsp;__set_errno
</UL>
<BR>[Called By]<UL><LI><a href="#[73]">&gt;&gt;</a>&nbsp;&nbsp;&nbsp;Gesture_ComputePitch
</UL>

<P><STRONG><a name="[c5]"></a>__mathlib_flt_infnan2</STRONG> (Thumb, 6 bytes, Stack size 0 bytes, funder.o(i.__mathlib_flt_infnan2))
<BR><BR>[Called By]<UL><LI><a href="#[8b]">&gt;&gt;</a>&nbsp;&nbsp;&nbsp;__hardfp_atan2f
</UL>

<P><STRONG><a name="[c4]"></a>__mathlib_flt_underflow</STRONG> (Thumb, 10 bytes, Stack size 0 bytes, funder.o(i.__mathlib_flt_underflow))
<BR><BR>[Called By]<UL><LI><a href="#[8b]">&gt;&gt;</a>&nbsp;&nbsp;&nbsp;__hardfp_atan2f
</UL>

<P><STRONG><a name="[49]"></a>_fp_init</STRONG> (Thumb, 26 bytes, Stack size 0 bytes, fpinit.o(x$fpl$fpinit))
<BR><BR>[Called By]<UL><LI><a href="#[48]">&gt;&gt;</a>&nbsp;&nbsp;&nbsp;__rt_lib_init_fp_1
</UL>

<P><STRONG><a name="[f8]"></a>__fplib_config_fpu_vfp</STRONG> (Thumb, 0 bytes, Stack size unknown bytes, fpinit.o(x$fpl$fpinit), UNUSED)

<P><STRONG><a name="[f9]"></a>__fplib_config_pureend_doubles</STRONG> (Thumb, 0 bytes, Stack size unknown bytes, fpinit.o(x$fpl$fpinit), UNUSED)
<P>
<H3>
Local Symbols
</H3>
<P><STRONG><a name="[87]"></a>__NVIC_ClearPendingIRQ</STRONG> (Thumb, 48 bytes, Stack size 4 bytes, gpio.o(.text.__NVIC_ClearPendingIRQ))
<BR><BR>[Stack]<UL><LI>Max Depth = 4<LI>Call Chain = __NVIC_ClearPendingIRQ
</UL>
<BR>[Called By]<UL><LI><a href="#[2d]">&gt;&gt;</a>&nbsp;&nbsp;&nbsp;EXTI15_10_IRQHandler
<LI><a href="#[1d]">&gt;&gt;</a>&nbsp;&nbsp;&nbsp;EXTI9_5_IRQHandler
<LI><a href="#[14]">&gt;&gt;</a>&nbsp;&nbsp;&nbsp;EXTI4_IRQHandler
<LI><a href="#[13]">&gt;&gt;</a>&nbsp;&nbsp;&nbsp;EXTI3_IRQHandler
<LI><a href="#[12]">&gt;&gt;</a>&nbsp;&nbsp;&nbsp;EXTI2_IRQHandler
<LI><a href="#[11]">&gt;&gt;</a>&nbsp;&nbsp;&nbsp;EXTI1_IRQHandler
<LI><a href="#[10]">&gt;&gt;</a>&nbsp;&nbsp;&nbsp;EXTI0_IRQHandler
</UL>

<P><STRONG><a name="[b5]"></a>__NVIC_ClearPendingIRQ</STRONG> (Thumb, 48 bytes, Stack size 4 bytes, uart.o(.text.__NVIC_ClearPendingIRQ))
<BR><BR>[Stack]<UL><LI>Max Depth = 4<LI>Call Chain = __NVIC_ClearPendingIRQ
</UL>
<BR>[Called By]<UL><LI><a href="#[2c]">&gt;&gt;</a>&nbsp;&nbsp;&nbsp;USART2_IRQHandler
</UL>

<P><STRONG><a name="[63]"></a>ReadTemperature</STRONG> (Thumb, 56 bytes, Stack size 16 bytes, app.o(.text.ReadTemperature))
<BR><BR>[Stack]<UL><LI>Max Depth = 76<LI>Call Chain = ReadTemperature &rArr; DS18S20_ReadTemp_x10_Now &rArr; OneWire_ReadByte &rArr; OneWire_ReadBit &rArr; delayUs
</UL>
<BR>[Calls]<UL><LI><a href="#[7d]">&gt;&gt;</a>&nbsp;&nbsp;&nbsp;DS18S20_ReadTemp_x10_Now
<LI><a href="#[81]">&gt;&gt;</a>&nbsp;&nbsp;&nbsp;DS18S20_StartConversion
</UL>
<BR>[Called By]<UL><LI><a href="#[62]">&gt;&gt;</a>&nbsp;&nbsp;&nbsp;App_Run
</UL>

<P><STRONG><a name="[69]"></a>UpdateLCD</STRONG> (Thumb, 430 bytes, Stack size 48 bytes, app.o(.text.UpdateLCD))
<BR><BR>[Stack]<UL><LI>Max Depth = 152<LI>Call Chain = UpdateLCD &rArr; LCD_PrintTemp &rArr; lcd_print &rArr; lcd_write_cmd &rArr; delay_us
</UL>
<BR>[Calls]<UL><LI><a href="#[8d]">&gt;&gt;</a>&nbsp;&nbsp;&nbsp;LCD_PrintTemp
<LI><a href="#[8f]">&gt;&gt;</a>&nbsp;&nbsp;&nbsp;lcd_print
<LI><a href="#[8e]">&gt;&gt;</a>&nbsp;&nbsp;&nbsp;lcd_set_cursor
<LI><a href="#[67]">&gt;&gt;</a>&nbsp;&nbsp;&nbsp;intToStr
</UL>
<BR>[Called By]<UL><LI><a href="#[62]">&gt;&gt;</a>&nbsp;&nbsp;&nbsp;App_Run
</UL>

<P><STRONG><a name="[6a]"></a>DrawMainMenu</STRONG> (Thumb, 144 bytes, Stack size 16 bytes, app.o(.text.DrawMainMenu))
<BR><BR>[Stack]<UL><LI>Max Depth = 80<LI>Call Chain = DrawMainMenu &rArr; OLED_PrintString &rArr; OLED_PrintCharASCII &rArr; OLED_Data &rArr; I2C1_WriteControlData
</UL>
<BR>[Calls]<UL><LI><a href="#[64]">&gt;&gt;</a>&nbsp;&nbsp;&nbsp;OLED_Clear
<LI><a href="#[66]">&gt;&gt;</a>&nbsp;&nbsp;&nbsp;OLED_PrintString
<LI><a href="#[65]">&gt;&gt;</a>&nbsp;&nbsp;&nbsp;OLED_SetCursor
</UL>
<BR>[Called By]<UL><LI><a href="#[62]">&gt;&gt;</a>&nbsp;&nbsp;&nbsp;App_Run
</UL>

<P><STRONG><a name="[6b]"></a>ReadButtonPresses</STRONG> (Thumb, 210 bytes, Stack size 32 bytes, app.o(.text.ReadButtonPresses))
<BR><BR>[Stack]<UL><LI>Max Depth = 32<LI>Call Chain = ReadButtonPresses
</UL>
<BR>[Calls]<UL><LI><a href="#[a7]">&gt;&gt;</a>&nbsp;&nbsp;&nbsp;Button_DOWN_Pressed
<LI><a href="#[a6]">&gt;&gt;</a>&nbsp;&nbsp;&nbsp;Button_Sharp_Pressed
<LI><a href="#[a5]">&gt;&gt;</a>&nbsp;&nbsp;&nbsp;Button_UP_Pressed
<LI><a href="#[a8]">&gt;&gt;</a>&nbsp;&nbsp;&nbsp;Button_AS_Pressed
</UL>
<BR>[Called By]<UL><LI><a href="#[62]">&gt;&gt;</a>&nbsp;&nbsp;&nbsp;App_Run
</UL>

<P><STRONG><a name="[6c]"></a>DrawMenuSelection</STRONG> (Thumb, 70 bytes, Stack size 16 bytes, app.o(.text.DrawMenuSelection))
<BR><BR>[Stack]<UL><LI>Max Depth = 80<LI>Call Chain = DrawMenuSelection &rArr; OLED_PrintString &rArr; OLED_PrintCharASCII &rArr; OLED_Data &rArr; I2C1_WriteControlData
</UL>
<BR>[Calls]<UL><LI><a href="#[66]">&gt;&gt;</a>&nbsp;&nbsp;&nbsp;OLED_PrintString
<LI><a href="#[65]">&gt;&gt;</a>&nbsp;&nbsp;&nbsp;OLED_SetCursor
</UL>
<BR>[Called By]<UL><LI><a href="#[62]">&gt;&gt;</a>&nbsp;&nbsp;&nbsp;App_Run
</UL>

<P><STRONG><a name="[6f]"></a>DrawCalibrateScreen</STRONG> (Thumb, 94 bytes, Stack size 16 bytes, app.o(.text.DrawCalibrateScreen))
<BR><BR>[Stack]<UL><LI>Max Depth = 80<LI>Call Chain = DrawCalibrateScreen &rArr; OLED_PrintString &rArr; OLED_PrintCharASCII &rArr; OLED_Data &rArr; I2C1_WriteControlData
</UL>
<BR>[Calls]<UL><LI><a href="#[64]">&gt;&gt;</a>&nbsp;&nbsp;&nbsp;OLED_Clear
<LI><a href="#[66]">&gt;&gt;</a>&nbsp;&nbsp;&nbsp;OLED_PrintString
<LI><a href="#[65]">&gt;&gt;</a>&nbsp;&nbsp;&nbsp;OLED_SetCursor
</UL>
<BR>[Called By]<UL><LI><a href="#[62]">&gt;&gt;</a>&nbsp;&nbsp;&nbsp;App_Run
</UL>

<P><STRONG><a name="[71]"></a>ReadMPU</STRONG> (Thumb, 46 bytes, Stack size 16 bytes, app.o(.text.ReadMPU))
<BR><BR>[Stack]<UL><LI>Max Depth = 64<LI>Call Chain = ReadMPU &rArr; MPU6500_ReadGyroRaw &rArr; MPU6500_Read16 &rArr; I2C1_ReadRegister
</UL>
<BR>[Calls]<UL><LI><a href="#[96]">&gt;&gt;</a>&nbsp;&nbsp;&nbsp;MPU6500_ReadGyroRaw
<LI><a href="#[95]">&gt;&gt;</a>&nbsp;&nbsp;&nbsp;MPU6500_ReadAccelRaw
</UL>
<BR>[Called By]<UL><LI><a href="#[62]">&gt;&gt;</a>&nbsp;&nbsp;&nbsp;App_Run
</UL>

<P><STRONG><a name="[76]"></a>ReadButtonsHeld</STRONG> (Thumb, 106 bytes, Stack size 16 bytes, app.o(.text.ReadButtonsHeld))
<BR><BR>[Stack]<UL><LI>Max Depth = 16<LI>Call Chain = ReadButtonsHeld
</UL>
<BR>[Calls]<UL><LI><a href="#[a7]">&gt;&gt;</a>&nbsp;&nbsp;&nbsp;Button_DOWN_Pressed
<LI><a href="#[a6]">&gt;&gt;</a>&nbsp;&nbsp;&nbsp;Button_Sharp_Pressed
<LI><a href="#[a5]">&gt;&gt;</a>&nbsp;&nbsp;&nbsp;Button_UP_Pressed
<LI><a href="#[a8]">&gt;&gt;</a>&nbsp;&nbsp;&nbsp;Button_AS_Pressed
</UL>
<BR>[Called By]<UL><LI><a href="#[62]">&gt;&gt;</a>&nbsp;&nbsp;&nbsp;App_Run
</UL>

<P><STRONG><a name="[77]"></a>DrawPauseScreen</STRONG> (Thumb, 74 bytes, Stack size 16 bytes, app.o(.text.DrawPauseScreen))
<BR><BR>[Stack]<UL><LI>Max Depth = 80<LI>Call Chain = DrawPauseScreen &rArr; OLED_PrintString &rArr; OLED_PrintCharASCII &rArr; OLED_Data &rArr; I2C1_WriteControlData
</UL>
<BR>[Calls]<UL><LI><a href="#[64]">&gt;&gt;</a>&nbsp;&nbsp;&nbsp;OLED_Clear
<LI><a href="#[66]">&gt;&gt;</a>&nbsp;&nbsp;&nbsp;OLED_PrintString
<LI><a href="#[65]">&gt;&gt;</a>&nbsp;&nbsp;&nbsp;OLED_SetCursor
</UL>
<BR>[Called By]<UL><LI><a href="#[62]">&gt;&gt;</a>&nbsp;&nbsp;&nbsp;App_Run
</UL>

<P><STRONG><a name="[78]"></a>ProcessPlayingButtons</STRONG> (Thumb, 114 bytes, Stack size 16 bytes, app.o(.text.ProcessPlayingButtons))
<BR><BR>[Stack]<UL><LI>Max Depth = 24<LI>Call Chain = ProcessPlayingButtons &rArr; SnakeGame_SetDirection
</UL>
<BR>[Calls]<UL><LI><a href="#[a4]">&gt;&gt;</a>&nbsp;&nbsp;&nbsp;SnakeGame_SetDirection
</UL>
<BR>[Called By]<UL><LI><a href="#[62]">&gt;&gt;</a>&nbsp;&nbsp;&nbsp;App_Run
</UL>

<P><STRONG><a name="[79]"></a>ProcessPlayingTilt</STRONG> (Thumb, 66 bytes, Stack size 16 bytes, app.o(.text.ProcessPlayingTilt))
<BR><BR>[Stack]<UL><LI>Max Depth = 136<LI>Call Chain = ProcessPlayingTilt &rArr; Gesture_Update &rArr; Gesture_ComputePitch &rArr; __hardfp_atan2f &rArr; __set_errno
</UL>
<BR>[Calls]<UL><LI><a href="#[8c]">&gt;&gt;</a>&nbsp;&nbsp;&nbsp;Gesture_Update
<LI><a href="#[a4]">&gt;&gt;</a>&nbsp;&nbsp;&nbsp;SnakeGame_SetDirection
</UL>
<BR>[Called By]<UL><LI><a href="#[62]">&gt;&gt;</a>&nbsp;&nbsp;&nbsp;App_Run
</UL>

<P><STRONG><a name="[7c]"></a>DrawGameOverScreen</STRONG> (Thumb, 156 bytes, Stack size 32 bytes, app.o(.text.DrawGameOverScreen))
<BR><BR>[Stack]<UL><LI>Max Depth = 96<LI>Call Chain = DrawGameOverScreen &rArr; OLED_PrintString &rArr; OLED_PrintCharASCII &rArr; OLED_Data &rArr; I2C1_WriteControlData
</UL>
<BR>[Calls]<UL><LI><a href="#[64]">&gt;&gt;</a>&nbsp;&nbsp;&nbsp;OLED_Clear
<LI><a href="#[66]">&gt;&gt;</a>&nbsp;&nbsp;&nbsp;OLED_PrintString
<LI><a href="#[65]">&gt;&gt;</a>&nbsp;&nbsp;&nbsp;OLED_SetCursor
<LI><a href="#[67]">&gt;&gt;</a>&nbsp;&nbsp;&nbsp;intToStr
</UL>
<BR>[Called By]<UL><LI><a href="#[62]">&gt;&gt;</a>&nbsp;&nbsp;&nbsp;App_Run
</UL>

<P><STRONG><a name="[8d]"></a>LCD_PrintTemp</STRONG> (Thumb, 130 bytes, Stack size 40 bytes, app.o(.text.LCD_PrintTemp))
<BR><BR>[Stack]<UL><LI>Max Depth = 104<LI>Call Chain = LCD_PrintTemp &rArr; lcd_print &rArr; lcd_write_cmd &rArr; delay_us
</UL>
<BR>[Calls]<UL><LI><a href="#[90]">&gt;&gt;</a>&nbsp;&nbsp;&nbsp;lcd_put_char
<LI><a href="#[8f]">&gt;&gt;</a>&nbsp;&nbsp;&nbsp;lcd_print
<LI><a href="#[8e]">&gt;&gt;</a>&nbsp;&nbsp;&nbsp;lcd_set_cursor
<LI><a href="#[67]">&gt;&gt;</a>&nbsp;&nbsp;&nbsp;intToStr
</UL>
<BR>[Called By]<UL><LI><a href="#[69]">&gt;&gt;</a>&nbsp;&nbsp;&nbsp;UpdateLCD
</UL>

<P><STRONG><a name="[a9]"></a>PlaceObstacles</STRONG> (Thumb, 168 bytes, Stack size 8 bytes, snake_game.o(.text.PlaceObstacles))
<BR><BR>[Stack]<UL><LI>Max Depth = 8<LI>Call Chain = PlaceObstacles
</UL>
<BR>[Called By]<UL><LI><a href="#[5e]">&gt;&gt;</a>&nbsp;&nbsp;&nbsp;SnakeGame_Init
</UL>

<P><STRONG><a name="[ad]"></a>simple_random</STRONG> (Thumb, 38 bytes, Stack size 4 bytes, snake_game.o(.text.simple_random))
<BR><BR>[Stack]<UL><LI>Max Depth = 4<LI>Call Chain = simple_random
</UL>
<BR>[Called By]<UL><LI><a href="#[aa]">&gt;&gt;</a>&nbsp;&nbsp;&nbsp;SnakeGame_PlaceFood
</UL>

<P><STRONG><a name="[ae]"></a>IsCellOccupiedBySnake</STRONG> (Thumb, 114 bytes, Stack size 12 bytes, snake_game.o(.text.IsCellOccupiedBySnake))
<BR><BR>[Stack]<UL><LI>Max Depth = 12<LI>Call Chain = IsCellOccupiedBySnake
</UL>
<BR>[Called By]<UL><LI><a href="#[aa]">&gt;&gt;</a>&nbsp;&nbsp;&nbsp;SnakeGame_PlaceFood
</UL>

<P><STRONG><a name="[86]"></a>DrawWall</STRONG> (Thumb, 56 bytes, Stack size 16 bytes, snake_render.o(.text.DrawWall))
<BR><BR>[Stack]<UL><LI>Max Depth = 28<LI>Call Chain = DrawWall &rArr; FB_Write
</UL>
<BR>[Calls]<UL><LI><a href="#[83]">&gt;&gt;</a>&nbsp;&nbsp;&nbsp;FB_Write
</UL>
<BR>[Called By]<UL><LI><a href="#[70]">&gt;&gt;</a>&nbsp;&nbsp;&nbsp;SnakeRender_DrawBorder
<LI><a href="#[6e]">&gt;&gt;</a>&nbsp;&nbsp;&nbsp;SnakeRender_Draw
</UL>

<P><STRONG><a name="[83]"></a>FB_Write</STRONG> (Thumb, 104 bytes, Stack size 12 bytes, snake_render.o(.text.FB_Write))
<BR><BR>[Stack]<UL><LI>Max Depth = 12<LI>Call Chain = FB_Write
</UL>
<BR>[Called By]<UL><LI><a href="#[84]">&gt;&gt;</a>&nbsp;&nbsp;&nbsp;DrawSnakeBody
<LI><a href="#[85]">&gt;&gt;</a>&nbsp;&nbsp;&nbsp;DrawSnakeHead
<LI><a href="#[82]">&gt;&gt;</a>&nbsp;&nbsp;&nbsp;DrawFood
<LI><a href="#[86]">&gt;&gt;</a>&nbsp;&nbsp;&nbsp;DrawWall
</UL>

<P><STRONG><a name="[82]"></a>DrawFood</STRONG> (Thumb, 56 bytes, Stack size 16 bytes, snake_render.o(.text.DrawFood))
<BR><BR>[Stack]<UL><LI>Max Depth = 28<LI>Call Chain = DrawFood &rArr; FB_Write
</UL>
<BR>[Calls]<UL><LI><a href="#[83]">&gt;&gt;</a>&nbsp;&nbsp;&nbsp;FB_Write
</UL>
<BR>[Called By]<UL><LI><a href="#[6e]">&gt;&gt;</a>&nbsp;&nbsp;&nbsp;SnakeRender_Draw
</UL>

<P><STRONG><a name="[85]"></a>DrawSnakeHead</STRONG> (Thumb, 56 bytes, Stack size 16 bytes, snake_render.o(.text.DrawSnakeHead))
<BR><BR>[Stack]<UL><LI>Max Depth = 28<LI>Call Chain = DrawSnakeHead &rArr; FB_Write
</UL>
<BR>[Calls]<UL><LI><a href="#[83]">&gt;&gt;</a>&nbsp;&nbsp;&nbsp;FB_Write
</UL>
<BR>[Called By]<UL><LI><a href="#[6e]">&gt;&gt;</a>&nbsp;&nbsp;&nbsp;SnakeRender_Draw
</UL>

<P><STRONG><a name="[84]"></a>DrawSnakeBody</STRONG> (Thumb, 56 bytes, Stack size 16 bytes, snake_render.o(.text.DrawSnakeBody))
<BR><BR>[Stack]<UL><LI>Max Depth = 28<LI>Call Chain = DrawSnakeBody &rArr; FB_Write
</UL>
<BR>[Calls]<UL><LI><a href="#[83]">&gt;&gt;</a>&nbsp;&nbsp;&nbsp;FB_Write
</UL>
<BR>[Called By]<UL><LI><a href="#[6e]">&gt;&gt;</a>&nbsp;&nbsp;&nbsp;SnakeRender_Draw
</UL>

<P><STRONG><a name="[88]"></a>FB_Flush</STRONG> (Thumb, 332 bytes, Stack size 16 bytes, snake_render.o(.text.FB_Flush))
<BR><BR>[Stack]<UL><LI>Max Depth = 56<LI>Call Chain = FB_Flush &rArr; OLED_SetCursor &rArr; OLED_Command &rArr; I2C1_WriteControlData
</UL>
<BR>[Calls]<UL><LI><a href="#[89]">&gt;&gt;</a>&nbsp;&nbsp;&nbsp;OLED_Data
<LI><a href="#[65]">&gt;&gt;</a>&nbsp;&nbsp;&nbsp;OLED_SetCursor
</UL>
<BR>[Called By]<UL><LI><a href="#[6e]">&gt;&gt;</a>&nbsp;&nbsp;&nbsp;SnakeRender_Draw
</UL>

<P><STRONG><a name="[b3]"></a>__NVIC_SetPriority</STRONG> (Thumb, 66 bytes, Stack size 8 bytes, timer_delay.o(.text.__NVIC_SetPriority))
<BR><BR>[Stack]<UL><LI>Max Depth = 8<LI>Call Chain = __NVIC_SetPriority
</UL>
<BR>[Called By]<UL><LI><a href="#[b2]">&gt;&gt;</a>&nbsp;&nbsp;&nbsp;TIM2_Init_1ms
</UL>

<P><STRONG><a name="[b4]"></a>__NVIC_EnableIRQ</STRONG> (Thumb, 48 bytes, Stack size 4 bytes, timer_delay.o(.text.__NVIC_EnableIRQ))
<BR><BR>[Stack]<UL><LI>Max Depth = 4<LI>Call Chain = __NVIC_EnableIRQ
</UL>
<BR>[Called By]<UL><LI><a href="#[b2]">&gt;&gt;</a>&nbsp;&nbsp;&nbsp;TIM2_Init_1ms
</UL>
<P>
<H3>
Undefined Global Symbols
</H3><HR></body></html>
