Component: Arm Compiler for Embedded 6.24 Tool: armlink [5f371500]

==============================================================================

Section Cross References

    main.o(.text.TIM2_Init_1ms) refers to main.o(.text.__NVIC_SetPriority) for __NVIC_SetPriority
    main.o(.text.TIM2_Init_1ms) refers to main.o(.text.__NVIC_EnableIRQ) for __NVIC_EnableIRQ
    main.o(.ARM.exidx.text.TIM2_Init_1ms) refers to main.o(.text.TIM2_Init_1ms) for [Anonymous Symbol]
    main.o(.ARM.exidx.text.__NVIC_SetPriority) refers to main.o(.text.__NVIC_SetPriority) for [Anonymous Symbol]
    main.o(.ARM.exidx.text.__NVIC_EnableIRQ) refers to main.o(.text.__NVIC_EnableIRQ) for [Anonymous Symbol]
    main.o(.text.TIM2_IRQHandler) refers to main.o(.bss.msTicks) for msTicks
    main.o(.text.TIM2_IRQHandler) refers to main.o(.bss.ds18_busy) for ds18_busy
    main.o(.text.TIM2_IRQHandler) refers to main.o(.bss.ds18_timer) for ds18_timer
    main.o(.text.TIM2_IRQHandler) refers to main.o(.bss.ds18_ready) for ds18_ready
    main.o(.ARM.exidx.text.TIM2_IRQHandler) refers to main.o(.text.TIM2_IRQHandler) for [Anonymous Symbol]
    main.o(.ARM.exidx.text.delayMs2) refers to main.o(.text.delayMs2) for [Anonymous Symbol]
    main.o(.text.delayMs) refers to main.o(.bss.msTicks) for msTicks
    main.o(.ARM.exidx.text.delayMs) refers to main.o(.text.delayMs) for [Anonymous Symbol]
    main.o(.ARM.exidx.text.MPU_I2C_ReadRegister) refers to main.o(.text.MPU_I2C_ReadRegister) for [Anonymous Symbol]
    main.o(.ARM.exidx.text.MPU_I2C_WriteRegister) refers to main.o(.text.MPU_I2C_WriteRegister) for [Anonymous Symbol]
    main.o(.text.MPU_Read16) refers to main.o(.text.MPU_I2C_ReadRegister) for MPU_I2C_ReadRegister
    main.o(.ARM.exidx.text.MPU_Read16) refers to main.o(.text.MPU_Read16) for [Anonymous Symbol]
    main.o(.ARM.exidx.text.I2C1_Init) refers to main.o(.text.I2C1_Init) for [Anonymous Symbol]
    main.o(.ARM.exidx.text.I2C_Write) refers to main.o(.text.I2C_Write) for [Anonymous Symbol]
    main.o(.ARM.exidx.text.Buttons_Init) refers to main.o(.text.Buttons_Init) for [Anonymous Symbol]
    main.o(.ARM.exidx.text.Button_Up_Pressed) refers to main.o(.text.Button_Up_Pressed) for [Anonymous Symbol]
    main.o(.ARM.exidx.text.Button_Down_Pressed) refers to main.o(.text.Button_Down_Pressed) for [Anonymous Symbol]
    main.o(.ARM.exidx.text.Button_Left_Pressed) refers to main.o(.text.Button_Left_Pressed) for [Anonymous Symbol]
    main.o(.ARM.exidx.text.Button_Right_Pressed) refers to main.o(.text.Button_Right_Pressed) for [Anonymous Symbol]
    main.o(.text.OLED_Command) refers to main.o(.text.I2C_Write) for I2C_Write
    main.o(.ARM.exidx.text.OLED_Command) refers to main.o(.text.OLED_Command) for [Anonymous Symbol]
    main.o(.text.OLED_Data) refers to main.o(.text.I2C_Write) for I2C_Write
    main.o(.ARM.exidx.text.OLED_Data) refers to main.o(.text.OLED_Data) for [Anonymous Symbol]
    main.o(.text.OLED_Init) refers to main.o(.text.delayMs) for delayMs
    main.o(.text.OLED_Init) refers to main.o(.text.OLED_Command) for OLED_Command
    main.o(.ARM.exidx.text.OLED_Init) refers to main.o(.text.OLED_Init) for [Anonymous Symbol]
    main.o(.text.OLED_SetCursor) refers to main.o(.text.OLED_Command) for OLED_Command
    main.o(.ARM.exidx.text.OLED_SetCursor) refers to main.o(.text.OLED_SetCursor) for [Anonymous Symbol]
    main.o(.text.OLED_PrintChar) refers to main.o(.text.OLED_Data) for OLED_Data
    main.o(.ARM.exidx.text.OLED_PrintChar) refers to main.o(.text.OLED_PrintChar) for [Anonymous Symbol]
    main.o(.text.OLED_Clear) refers to main.o(.text.OLED_SetCursor) for OLED_SetCursor
    main.o(.text.OLED_Clear) refers to main.o(.text.OLED_Data) for OLED_Data
    main.o(.ARM.exidx.text.OLED_Clear) refers to main.o(.text.OLED_Clear) for [Anonymous Symbol]
    main.o(.text.OLED_PrintCharASCII) refers to foun5x7.o(.rodata.Font5x7) for Font5x7
    main.o(.text.OLED_PrintCharASCII) refers to main.o(.text.OLED_Data) for OLED_Data
    main.o(.ARM.exidx.text.OLED_PrintCharASCII) refers to main.o(.text.OLED_PrintCharASCII) for [Anonymous Symbol]
    main.o(.text.OLED_PrintString) refers to main.o(.text.OLED_PrintCharASCII) for OLED_PrintCharASCII
    main.o(.ARM.exidx.text.OLED_PrintString) refers to main.o(.text.OLED_PrintString) for [Anonymous Symbol]
    main.o(.text.OLED_DrawBitmap15x24) refers to main.o(.text.OLED_SetCursor) for OLED_SetCursor
    main.o(.text.OLED_DrawBitmap15x24) refers to main.o(.text.OLED_Data) for OLED_Data
    main.o(.ARM.exidx.text.OLED_DrawBitmap15x24) refers to main.o(.text.OLED_DrawBitmap15x24) for [Anonymous Symbol]
    main.o(.text.OLED_DrawDoubleDot) refers to main.o(.text.OLED_SetCursor) for OLED_SetCursor
    main.o(.text.OLED_DrawDoubleDot) refers to main.o(.text.OLED_Data) for OLED_Data
    main.o(.ARM.exidx.text.OLED_DrawDoubleDot) refers to main.o(.text.OLED_DrawDoubleDot) for [Anonymous Symbol]
    main.o(.ARM.exidx.text.intToStr) refers to main.o(.text.intToStr) for [Anonymous Symbol]
[...]
    Removing main.o(.text.OneWire_WriteBit), (64 bytes).
    Removing main.o(.ARM.exidx.text.OneWire_WriteBit), (8 bytes).
    Removing main.o(.text.OneWire_ReadBit), (58 bytes).
    Removing main.o(.ARM.exidx.text.OneWire_ReadBit), (8 bytes).
    Removing main.o(.text.OneWire_WriteByte), (58 bytes).
    Removing main.o(.ARM.exidx.text.OneWire_WriteByte), (8 bytes).
    Removing main.o(.text.OneWire_ReadByte), (78 bytes).
    Removing main.o(.ARM.exidx.text.OneWire_ReadByte), (8 bytes).
    Removing main.o(.text.DS18S20_ReadRaw), (102 bytes).
    Removing main.o(.ARM.exidx.text.DS18S20_ReadRaw), (8 bytes).
    Removing main.o(.text.DS18S20_ReadTemp_x10), (44 bytes).
    Removing main.o(.ARM.exidx.text.DS18S20_ReadTemp_x10), (8 bytes).
    Removing main.o(.text.DS18S20_ReadTempInt), (46 bytes).
    Removing main.o(.ARM.exidx.text.DS18S20_ReadTempInt), (8 bytes).
    Removing main.o(.text.DS18_ReadFamilyCode), (30 bytes).
    Removing main.o(.ARM.exidx.text.DS18_ReadFamilyCode), (8 bytes).
    Removing main.o(.text.DS18S20_StartConversion), (88 bytes).
    Removing main.o(.ARM.exidx.text.DS18S20_StartConversion), (8 bytes).
    Removing main.o(.text.DS18S20_ReadTemp_x10_Now), (138 bytes).
    Removing main.o(.ARM.exidx.text.DS18S20_ReadTemp_x10_Now), (8 bytes).
    Removing main.o(.text.OLED_ClearTempField), (24 bytes).
    Removing main.o(.ARM.exidx.text.OLED_ClearTempField), (8 bytes).
    Removing main.o(.text.OLED_PrintTempFixed), (212 bytes).
    Removing main.o(.ARM.exidx.text.OLED_PrintTempFixed), (8 bytes).
    Removing main.o(.ARM.exidx.text.main), (8 bytes).
    Removing main.o(.bss.ds18_temp_x10), (4 bytes).
    Removing main.o(.bss.kalman_ax), (24 bytes).
    Removing main.o(.bss.kalman_ay), (24 bytes).
    Removing main.o(.bss.kalman_az), (24 bytes).
    Removing main.o(.bss.kalman_gx), (24 bytes).
    Removing main.o(.bss.kalman_gy), (24 bytes).
    Removing main.o(.bss.kalman_gz), (24 bytes).
    Removing main.o(.ARM.use_no_argv), (4 bytes).
    Removing gpio.o(.text), (0 bytes).
    Removing gpio.o(.text.gpio_toggle), (32 bytes).
    Removing gpio.o(.ARM.exidx.text.gpio_toggle), (8 bytes).
    Removing gpio.o(.ARM.exidx.text.gpio_set), (8 bytes).
    Removing gpio.o(.text.gpio_get), (42 bytes).
    Removing gpio.o(.ARM.exidx.text.gpio_get), (8 bytes).
    Removing gpio.o(.text.gpio_set_range), (62 bytes).
    Removing gpio.o(.ARM.exidx.text.gpio_set_range), (8 bytes).
    Removing gpio.o(.text.gpio_get_range), (52 bytes).
    Removing gpio.o(.ARM.exidx.text.gpio_get_range), (8 bytes).
    Removing gpio.o(.ARM.exidx.text.gpio_set_mode), (8 bytes).
    Removing gpio.o(.text.gpio_set_trigger), (172 bytes).
    Removing gpio.o(.ARM.exidx.text.gpio_set_trigger), (8 bytes).
    Removing gpio.o(.text.gpio_set_callback), (850 bytes).
    Removing gpio.o(.ARM.exidx.text.gpio_set_callback), (8 bytes).
    Removing gpio.o(.text.__NVIC_GetPriorityGrouping), (16 bytes).
    Removing gpio.o(.ARM.exidx.text.__NVIC_GetPriorityGrouping), (8 bytes).
    Removing gpio.o(.text.NVIC_EncodePriority), (108 bytes).
    Removing gpio.o(.ARM.exidx.text.NVIC_EncodePriority), (8 bytes).
    Removing gpio.o(.text.__NVIC_SetPriority), (66 bytes).
    Removing gpio.o(.ARM.exidx.text.__NVIC_SetPriority), (8 bytes).
    Removing gpio.o(.text.__NVIC_EnableIRQ), (48 bytes).
    Removing gpio.o(.ARM.exidx.text.__NVIC_EnableIRQ), (8 bytes).
    Removing gpio.o(.ARM.exidx.text.EXTI0_IRQHandler), (8 bytes).
    Removing gpio.o(.ARM.exidx.text.__NVIC_ClearPendingIRQ), (8 bytes).
    Removing gpio.o(.ARM.exidx.text.EXTI1_IRQHandler), (8 bytes).
    Removing gpio.o(.ARM.exidx.text.EXTI2_IRQHandler), (8 bytes).
    Removing gpio.o(.ARM.exidx.text.EXTI3_IRQHandler), (8 bytes).
    Removing gpio.o(.ARM.exidx.text.EXTI4_IRQHandler), (8 bytes).
    Removing gpio.o(.ARM.exidx.text.EXTI9_5_IRQHandler), (8 bytes).
    Removing gpio.o(.ARM.exidx.text.EXTI15_10_IRQHandler), (8 bytes).
    Removing gpio.o(.bss.EXTI_port_set), (4 bytes).
    Removing gpio.o(.bss.prioritygroup), (4 bytes).
    Removing gpio.o(.bss.priority), (4 bytes).
    Removing i2c.o(.text), (0 bytes).
    Removing i2c.o(.text.i2c_init), (162 bytes).
    Removing i2c.o(.ARM.exidx.text.i2c_init), (8 bytes).
    Removing i2c.o(.text.i2c_write), (204 bytes).
    Removing i2c.o(.ARM.exidx.text.i2c_write), (8 bytes).
    Removing i2c.o(.text.i2c_read), (180 bytes).
    Removing i2c.o(.ARM.exidx.text.i2c_read), (8 bytes).
    Removing stm32f4xx_adc.o(.text), (0 bytes).
    Removing stm32f4xx_adc.o(.text.ADC_DeInit), (28 bytes).
    Removing stm32f4xx_adc.o(.ARM.exidx.text.ADC_DeInit), (8 bytes).
    Removing stm32f4xx_adc.o(.text.ADC_Init), (158 bytes).
    Removing stm32f4xx_adc.o(.ARM.exidx.text.ADC_Init), (8 bytes).
    Removing stm32f4xx_adc.o(.text.ADC_StructInit), (40 bytes).
    Removing stm32f4xx_adc.o(.ARM.exidx.text.ADC_StructInit), (8 bytes).
    Removing stm32f4xx_adc.o(.text.ADC_CommonInit), (68 bytes).
    Removing stm32f4xx_adc.o(.ARM.exidx.text.ADC_CommonInit), (8 bytes).
    Removing stm32f4xx_adc.o(.text.ADC_CommonStructInit), (26 bytes).
    Removing stm32f4xx_adc.o(.ARM.exidx.text.ADC_CommonStructInit), (8 bytes).
    Removing stm32f4xx_adc.o(.text.ADC_Cmd), (44 bytes).
    Removing stm32f4xx_adc.o(.ARM.exidx.text.ADC_Cmd), (8 bytes).
    Removing stm32f4xx_adc.o(.text.ADC_AnalogWatchdogCmd), (48 bytes).
    Removing stm32f4xx_adc.o(.ARM.exidx.text.ADC_AnalogWatchdogCmd), (8 bytes).
    Removing stm32f4xx_adc.o(.text.ADC_AnalogWatchdogThresholdsConfig), (32 bytes).
    Removing stm32f4xx_adc.o(.ARM.exidx.text.ADC_AnalogWatchdogThresholdsConfig), (8 bytes).
    Removing stm32f4xx_adc.o(.text.ADC_AnalogWatchdogSingleChannelConfig), (46 bytes).
    Removing stm32f4xx_adc.o(.ARM.exidx.text.ADC_AnalogWatchdogSingleChannelConfig), (8 bytes).
    Removing stm32f4xx_adc.o(.text.ADC_TempSensorVrefintCmd), (54 bytes).
    Removing stm32f4xx_adc.o(.ARM.exidx.text.ADC_TempSensorVrefintCmd), (8 bytes).
    Removing stm32f4xx_adc.o(.text.ADC_VBATCmd), (54 bytes).
    Removing stm32f4xx_adc.o(.ARM.exidx.text.ADC_VBATCmd), (8 bytes).
    Removing stm32f4xx_adc.o(.text.ADC_RegularChannelConfig), (380 bytes).
    Removing stm32f4xx_adc.o(.ARM.exidx.text.ADC_RegularChannelConfig), (8 bytes).
    Removing stm32f4xx_adc.o(.text.ADC_SoftwareStartConv), (18 bytes).
    Removing stm32f4xx_adc.o(.ARM.exidx.text.ADC_SoftwareStartConv), (8 bytes).
    Removing stm32f4xx_adc.o(.text.ADC_GetSoftwareStartConvStatus), (46 bytes).
    Removing stm32f4xx_adc.o(.ARM.exidx.text.ADC_GetSoftwareStartConvStatus), (8 bytes).
    Removing stm32f4xx_adc.o(.text.ADC_EOCOnEachRegularChannelCmd), (44 bytes).
    Removing stm32f4xx_adc.o(.ARM.exidx.text.ADC_EOCOnEachRegularChannelCmd), (8 bytes).
    Removing stm32f4xx_adc.o(.text.ADC_ContinuousModeCmd), (44 bytes).
    Removing stm32f4xx_adc.o(.ARM.exidx.text.ADC_ContinuousModeCmd), (8 bytes).
    Removing stm32f4xx_adc.o(.text.ADC_DiscModeChannelCountConfig), (56 bytes).
    Removing stm32f4xx_adc.o(.ARM.exidx.text.ADC_DiscModeChannelCountConfig), (8 bytes).
    Removing stm32f4xx_adc.o(.text.ADC_DiscModeCmd), (44 bytes).
    Removing stm32f4xx_adc.o(.ARM.exidx.text.ADC_DiscModeCmd), (8 bytes).
    Removing stm32f4xx_adc.o(.text.ADC_GetConversionValue), (14 bytes).
    Removing stm32f4xx_adc.o(.ARM.exidx.text.ADC_GetConversionValue), (8 bytes).
    Removing stm32f4xx_adc.o(.text.ADC_GetMultiModeConversionValue), (12 bytes).
    Removing stm32f4xx_adc.o(.ARM.exidx.text.ADC_GetMultiModeConversionValue), (8 bytes).
    Removing stm32f4xx_adc.o(.text.ADC_DMACmd), (44 bytes).
    Removing stm32f4xx_adc.o(.ARM.exidx.text.ADC_DMACmd), (8 bytes).
    Removing stm32f4xx_adc.o(.text.ADC_DMARequestAfterLastTransferCmd), (44 bytes).
    Removing stm32f4xx_adc.o(.ARM.exidx.text.ADC_DMARequestAfterLastTransferCmd), (8 bytes).
    Removing stm32f4xx_adc.o(.text.ADC_MultiModeDMARequestAfterLastTransferCmd), (54 bytes).
    Removing stm32f4xx_adc.o(.ARM.exidx.text.ADC_MultiModeDMARequestAfterLastTransferCmd), (8 bytes).
    Removing stm32f4xx_adc.o(.text.ADC_InjectedChannelConfig), (254 bytes).
    Removing stm32f4xx_adc.o(.ARM.exidx.text.ADC_InjectedChannelConfig), (8 bytes).
    Removing stm32f4xx_adc.o(.text.ADC_InjectedSequencerLengthConfig), (56 bytes).
    Removing stm32f4xx_adc.o(.ARM.exidx.text.ADC_InjectedSequencerLengthConfig), (8 bytes).
    Removing stm32f4xx_adc.o(.text.ADC_SetInjectedOffset), (42 bytes).
    Removing stm32f4xx_adc.o(.ARM.exidx.text.ADC_SetInjectedOffset), (8 bytes).
    Removing stm32f4xx_adc.o(.text.ADC_ExternalTrigInjectedConvConfig), (42 bytes).
    Removing stm32f4xx_adc.o(.ARM.exidx.text.ADC_ExternalTrigInjectedConvConfig), (8 bytes).
    Removing stm32f4xx_adc.o(.text.ADC_ExternalTrigInjectedConvEdgeConfig), (42 bytes).
    Removing stm32f4xx_adc.o(.ARM.exidx.text.ADC_ExternalTrigInjectedConvEdgeConfig), (8 bytes).
    Removing stm32f4xx_adc.o(.text.ADC_SoftwareStartInjectedConv), (18 bytes).
    Removing stm32f4xx_adc.o(.ARM.exidx.text.ADC_SoftwareStartInjectedConv), (8 bytes).
    Removing stm32f4xx_adc.o(.text.ADC_GetSoftwareStartInjectedConvCmdStatus), (46 bytes).
    Removing stm32f4xx_adc.o(.ARM.exidx.text.ADC_GetSoftwareStartInjectedConvCmdStatus), (8 bytes).
    Removing stm32f4xx_adc.o(.text.ADC_AutoInjectedConvCmd), (44 bytes).
    Removing stm32f4xx_adc.o(.ARM.exidx.text.ADC_AutoInjectedConvCmd), (8 bytes).
    Removing stm32f4xx_adc.o(.text.ADC_InjectedDiscModeCmd), (44 bytes).
    Removing stm32f4xx_adc.o(.ARM.exidx.text.ADC_InjectedDiscModeCmd), (8 bytes).
    Removing stm32f4xx_adc.o(.text.ADC_GetInjectedConversionValue), (38 bytes).
    Removing stm32f4xx_adc.o(.ARM.exidx.text.ADC_GetInjectedConversionValue), (8 bytes).
    Removing stm32f4xx_adc.o(.text.ADC_ITConfig), (66 bytes).
    Removing stm32f4xx_adc.o(.ARM.exidx.text.ADC_ITConfig), (8 bytes).
    Removing stm32f4xx_adc.o(.text.ADC_GetFlagStatus), (52 bytes).
    Removing stm32f4xx_adc.o(.ARM.exidx.text.ADC_GetFlagStatus), (8 bytes).
    Removing stm32f4xx_adc.o(.text.ADC_ClearFlag), (22 bytes).
    Removing stm32f4xx_adc.o(.ARM.exidx.text.ADC_ClearFlag), (8 bytes).
    Removing stm32f4xx_adc.o(.text.ADC_GetITStatus), (82 bytes).
    Removing stm32f4xx_adc.o(.ARM.exidx.text.ADC_GetITStatus), (8 bytes).
    Removing stm32f4xx_adc.o(.text.ADC_ClearITPendingBit), (36 bytes).
    Removing stm32f4xx_adc.o(.ARM.exidx.text.ADC_ClearITPendingBit), (8 bytes).
    Removing stm32f4xx_gpio.o(.text), (0 bytes).
    Removing stm32f4xx_gpio.o(.text.GPIO_DeInit), (234 bytes).
    Removing stm32f4xx_gpio.o(.ARM.exidx.text.GPIO_DeInit), (8 bytes).
    Removing stm32f4xx_gpio.o(.text.GPIO_Init), (246 bytes).
    Removing stm32f4xx_gpio.o(.ARM.exidx.text.GPIO_Init), (8 bytes).
    Removing stm32f4xx_gpio.o(.text.GPIO_StructInit), (34 bytes).
    Removing stm32f4xx_gpio.o(.ARM.exidx.text.GPIO_StructInit), (8 bytes).
    Removing stm32f4xx_gpio.o(.text.GPIO_PinLockConfig), (60 bytes).
    Removing stm32f4xx_gpio.o(.ARM.exidx.text.GPIO_PinLockConfig), (8 bytes).
    Removing stm32f4xx_gpio.o(.text.GPIO_ReadInputDataBit), (52 bytes).
    Removing stm32f4xx_gpio.o(.ARM.exidx.text.GPIO_ReadInputDataBit), (8 bytes).
    Removing stm32f4xx_gpio.o(.text.GPIO_ReadInputData), (14 bytes).
    Removing stm32f4xx_gpio.o(.ARM.exidx.text.GPIO_ReadInputData), (8 bytes).
    Removing stm32f4xx_gpio.o(.text.GPIO_ReadOutputDataBit), (52 bytes).
    Removing stm32f4xx_gpio.o(.ARM.exidx.text.GPIO_ReadOutputDataBit), (8 bytes).
    Removing stm32f4xx_gpio.o(.text.GPIO_ReadOutputData), (14 bytes).
    Removing stm32f4xx_gpio.o(.ARM.exidx.text.GPIO_ReadOutputData), (8 bytes).
    Removing stm32f4xx_gpio.o(.text.GPIO_SetBits), (20 bytes).
    Removing stm32f4xx_gpio.o(.ARM.exidx.text.GPIO_SetBits), (8 bytes).
    Removing stm32f4xx_gpio.o(.text.GPIO_ResetBits), (20 bytes).
    Removing stm32f4xx_gpio.o(.ARM.exidx.text.GPIO_ResetBits), (8 bytes).
    Removing stm32f4xx_gpio.o(.text.GPIO_WriteBit), (44 bytes).
    Removing stm32f4xx_gpio.o(.ARM.exidx.text.GPIO_WriteBit), (8 bytes).
    Removing stm32f4xx_gpio.o(.text.GPIO_Write), (20 bytes).
    Removing stm32f4xx_gpio.o(.ARM.exidx.text.GPIO_Write), (8 bytes).
    Removing stm32f4xx_gpio.o(.text.GPIO_ToggleBits), (24 bytes).
    Removing stm32f4xx_gpio.o(.ARM.exidx.text.GPIO_ToggleBits), (8 bytes).
    Removing stm32f4xx_gpio.o(.text.GPIO_PinAFConfig), (114 bytes).
    Removing stm32f4xx_gpio.o(.ARM.exidx.text.GPIO_PinAFConfig), (8 bytes).
    Removing stm32f4xx_i2c.o(.text), (0 bytes).
    Removing stm32f4xx_i2c.o(.text.I2C_DeInit), (128 bytes).
    Removing stm32f4xx_i2c.o(.ARM.exidx.text.I2C_DeInit), (8 bytes).
    Removing stm32f4xx_i2c.o(.text.I2C_Init), (430 bytes).
    Removing stm32f4xx_i2c.o(.ARM.exidx.text.I2C_Init), (8 bytes).
    Removing stm32f4xx_i2c.o(.text.I2C_StructInit), (46 bytes).
    Removing stm32f4xx_i2c.o(.ARM.exidx.text.I2C_StructInit), (8 bytes).
    Removing stm32f4xx_i2c.o(.text.I2C_Cmd), (46 bytes).
    Removing stm32f4xx_i2c.o(.ARM.exidx.text.I2C_Cmd), (8 bytes).
    Removing stm32f4xx_i2c.o(.text.I2C_GenerateSTART), (46 bytes).
    Removing stm32f4xx_i2c.o(.ARM.exidx.text.I2C_GenerateSTART), (8 bytes).
    Removing stm32f4xx_i2c.o(.text.I2C_GenerateSTOP), (46 bytes).
    Removing stm32f4xx_i2c.o(.ARM.exidx.text.I2C_GenerateSTOP), (8 bytes).
    Removing stm32f4xx_i2c.o(.text.I2C_Send7bitAddress), (60 bytes).
    Removing stm32f4xx_i2c.o(.ARM.exidx.text.I2C_Send7bitAddress), (8 bytes).
    Removing stm32f4xx_i2c.o(.text.I2C_AcknowledgeConfig), (46 bytes).
    Removing stm32f4xx_i2c.o(.ARM.exidx.text.I2C_AcknowledgeConfig), (8 bytes).
    Removing stm32f4xx_i2c.o(.text.I2C_OwnAddress2Config), (64 bytes).
    Removing stm32f4xx_i2c.o(.ARM.exidx.text.I2C_OwnAddress2Config), (8 bytes).
    Removing stm32f4xx_i2c.o(.text.I2C_DualAddressCmd), (46 bytes).
    Removing stm32f4xx_i2c.o(.ARM.exidx.text.I2C_DualAddressCmd), (8 bytes).
    Removing stm32f4xx_i2c.o(.text.I2C_GeneralCallCmd), (46 bytes).
    Removing stm32f4xx_i2c.o(.ARM.exidx.text.I2C_GeneralCallCmd), (8 bytes).
    Removing stm32f4xx_i2c.o(.text.I2C_SoftwareResetCmd), (44 bytes).
    Removing stm32f4xx_i2c.o(.ARM.exidx.text.I2C_SoftwareResetCmd), (8 bytes).
    Removing stm32f4xx_i2c.o(.text.I2C_StretchClockCmd), (46 bytes).
    Removing stm32f4xx_i2c.o(.ARM.exidx.text.I2C_StretchClockCmd), (8 bytes).
    Removing stm32f4xx_i2c.o(.text.I2C_FastModeDutyCycleConfig), (50 bytes).
    Removing stm32f4xx_i2c.o(.ARM.exidx.text.I2C_FastModeDutyCycleConfig), (8 bytes).
    Removing stm32f4xx_i2c.o(.text.I2C_NACKPositionConfig), (50 bytes).
    Removing stm32f4xx_i2c.o(.ARM.exidx.text.I2C_NACKPositionConfig), (8 bytes).
    Removing stm32f4xx_i2c.o(.text.I2C_SMBusAlertConfig), (50 bytes).
    Removing stm32f4xx_i2c.o(.ARM.exidx.text.I2C_SMBusAlertConfig), (8 bytes).
    Removing stm32f4xx_i2c.o(.text.I2C_ARPCmd), (46 bytes).
    Removing stm32f4xx_i2c.o(.ARM.exidx.text.I2C_ARPCmd), (8 bytes).
    Removing stm32f4xx_i2c.o(.text.I2C_SendData), (20 bytes).
    Removing stm32f4xx_i2c.o(.ARM.exidx.text.I2C_SendData), (8 bytes).
    Removing stm32f4xx_i2c.o(.text.I2C_ReceiveData), (14 bytes).
    Removing stm32f4xx_i2c.o(.ARM.exidx.text.I2C_ReceiveData), (8 bytes).
    Removing stm32f4xx_i2c.o(.text.I2C_TransmitPEC), (46 bytes).
    Removing stm32f4xx_i2c.o(.ARM.exidx.text.I2C_TransmitPEC), (8 bytes).
    Removing stm32f4xx_i2c.o(.text.I2C_PECPositionConfig), (50 bytes).
    Removing stm32f4xx_i2c.o(.ARM.exidx.text.I2C_PECPositionConfig), (8 bytes).
    Removing stm32f4xx_i2c.o(.text.I2C_CalculatePEC), (46 bytes).
    Removing stm32f4xx_i2c.o(.ARM.exidx.text.I2C_CalculatePEC), (8 bytes).
    Removing stm32f4xx_i2c.o(.text.I2C_GetPEC), (16 bytes).
    Removing stm32f4xx_i2c.o(.ARM.exidx.text.I2C_GetPEC), (8 bytes).
    Removing stm32f4xx_i2c.o(.text.I2C_DMACmd), (46 bytes).
    Removing stm32f4xx_i2c.o(.ARM.exidx.text.I2C_DMACmd), (8 bytes).
    Removing stm32f4xx_i2c.o(.text.I2C_DMALastTransferCmd), (46 bytes).
    Removing stm32f4xx_i2c.o(.ARM.exidx.text.I2C_DMALastTransferCmd), (8 bytes).
    Removing stm32f4xx_i2c.o(.text.I2C_ReadRegister), (34 bytes).
    Removing stm32f4xx_i2c.o(.ARM.exidx.text.I2C_ReadRegister), (8 bytes).
    Removing stm32f4xx_i2c.o(.text.I2C_ITConfig), (54 bytes).
    Removing stm32f4xx_i2c.o(.ARM.exidx.text.I2C_ITConfig), (8 bytes).
    Removing stm32f4xx_i2c.o(.text.I2C_CheckEvent), (86 bytes).
    Removing stm32f4xx_i2c.o(.ARM.exidx.text.I2C_CheckEvent), (8 bytes).
    Removing stm32f4xx_i2c.o(.text.I2C_GetLastEvent), (48 bytes).
    Removing stm32f4xx_i2c.o(.ARM.exidx.text.I2C_GetLastEvent), (8 bytes).
    Removing stm32f4xx_i2c.o(.text.I2C_GetFlagStatus), (98 bytes).
    Removing stm32f4xx_i2c.o(.ARM.exidx.text.I2C_GetFlagStatus), (8 bytes).
    Removing stm32f4xx_i2c.o(.text.I2C_ClearFlag), (36 bytes).
    Removing stm32f4xx_i2c.o(.ARM.exidx.text.I2C_ClearFlag), (8 bytes).
    Removing stm32f4xx_i2c.o(.text.I2C_GetITStatus), (80 bytes).
    Removing stm32f4xx_i2c.o(.ARM.exidx.text.I2C_GetITStatus), (8 bytes).
    Removing stm32f4xx_i2c.o(.text.I2C_ClearITPendingBit), (36 bytes).
    Removing stm32f4xx_i2c.o(.ARM.exidx.text.I2C_ClearITPendingBit), (8 bytes).
    Removing stm32f4xx_rcc.o(.text), (0 bytes).
    Removing stm32f4xx_rcc.o(.text.RCC_DeInit), (80 bytes).
    Removing stm32f4xx_rcc.o(.ARM.exidx.text.RCC_DeInit), (8 bytes).
    Removing stm32f4xx_rcc.o(.text.RCC_HSEConfig), (28 bytes).
    Removing stm32f4xx_rcc.o(.ARM.exidx.text.RCC_HSEConfig), (8 bytes).
    Removing stm32f4xx_rcc.o(.text.RCC_WaitForHSEStartUp), (110 bytes).
    Removing stm32f4xx_rcc.o(.ARM.exidx.text.RCC_WaitForHSEStartUp), (8 bytes).
    Removing stm32f4xx_rcc.o(.text.RCC_GetFlagStatus), (130 bytes).
    Removing stm32f4xx_rcc.o(.ARM.exidx.text.RCC_GetFlagStatus), (8 bytes).
    Removing stm32f4xx_rcc.o(.text.RCC_AdjustHSICalibrationValue), (50 bytes).
    Removing stm32f4xx_rcc.o(.ARM.exidx.text.RCC_AdjustHSICalibrationValue), (8 bytes).
    Removing stm32f4xx_rcc.o(.text.RCC_HSICmd), (22 bytes).
    Removing stm32f4xx_rcc.o(.ARM.exidx.text.RCC_HSICmd), (8 bytes).
    Removing stm32f4xx_rcc.o(.text.RCC_LSEConfig), (76 bytes).
    Removing stm32f4xx_rcc.o(.ARM.exidx.text.RCC_LSEConfig), (8 bytes).
    Removing stm32f4xx_rcc.o(.text.RCC_LSICmd), (24 bytes).
    Removing stm32f4xx_rcc.o(.ARM.exidx.text.RCC_LSICmd), (8 bytes).
    Removing stm32f4xx_rcc.o(.text.RCC_PLLConfig), (62 bytes).
    Removing stm32f4xx_rcc.o(.ARM.exidx.text.RCC_PLLConfig), (8 bytes).
    Removing stm32f4xx_rcc.o(.text.RCC_PLLCmd), (22 bytes).
    Removing stm32f4xx_rcc.o(.ARM.exidx.text.RCC_PLLCmd), (8 bytes).
    Removing stm32f4xx_rcc.o(.text.RCC_PLLI2SConfig), (30 bytes).
    Removing stm32f4xx_rcc.o(.ARM.exidx.text.RCC_PLLI2SConfig), (8 bytes).
    Removing stm32f4xx_rcc.o(.text.RCC_PLLI2SCmd), (22 bytes).
    Removing stm32f4xx_rcc.o(.ARM.exidx.text.RCC_PLLI2SCmd), (8 bytes).
    Removing stm32f4xx_rcc.o(.text.RCC_ClockSecuritySystemCmd), (22 bytes).
    Removing stm32f4xx_rcc.o(.ARM.exidx.text.RCC_ClockSecuritySystemCmd), (8 bytes).
    Removing stm32f4xx_rcc.o(.text.RCC_MCO1Config), (50 bytes).
    Removing stm32f4xx_rcc.o(.ARM.exidx.text.RCC_MCO1Config), (8 bytes).
    Removing stm32f4xx_rcc.o(.text.RCC_MCO2Config), (50 bytes).
    Removing stm32f4xx_rcc.o(.ARM.exidx.text.RCC_MCO2Config), (8 bytes).
    Removing stm32f4xx_rcc.o(.text.RCC_SYSCLKConfig), (44 bytes).
    Removing stm32f4xx_rcc.o(.ARM.exidx.text.RCC_SYSCLKConfig), (8 bytes).
    Removing stm32f4xx_rcc.o(.text.RCC_GetSYSCLKSource), (16 bytes).
    Removing stm32f4xx_rcc.o(.ARM.exidx.text.RCC_GetSYSCLKSource), (8 bytes).
    Removing stm32f4xx_rcc.o(.text.RCC_HCLKConfig), (44 bytes).
    Removing stm32f4xx_rcc.o(.ARM.exidx.text.RCC_HCLKConfig), (8 bytes).
    Removing stm32f4xx_rcc.o(.text.RCC_PCLK1Config), (44 bytes).
    Removing stm32f4xx_rcc.o(.ARM.exidx.text.RCC_PCLK1Config), (8 bytes).
    Removing stm32f4xx_rcc.o(.text.RCC_PCLK2Config), (46 bytes).
    Removing stm32f4xx_rcc.o(.ARM.exidx.text.RCC_PCLK2Config), (8 bytes).
    Removing stm32f4xx_rcc.o(.text.RCC_GetClocksFreq), (354 bytes).
    Removing stm32f4xx_rcc.o(.ARM.exidx.text.RCC_GetClocksFreq), (8 bytes).
    Removing stm32f4xx_rcc.o(.text.RCC_RTCCLKConfig), (90 bytes).
    Removing stm32f4xx_rcc.o(.ARM.exidx.text.RCC_RTCCLKConfig), (8 bytes).
    Removing stm32f4xx_rcc.o(.text.RCC_RTCCLKCmd), (24 bytes).
    Removing stm32f4xx_rcc.o(.ARM.exidx.text.RCC_RTCCLKCmd), (8 bytes).
    Removing stm32f4xx_rcc.o(.text.RCC_BackupResetCmd), (24 bytes).
    Removing stm32f4xx_rcc.o(.ARM.exidx.text.RCC_BackupResetCmd), (8 bytes).
    Removing stm32f4xx_rcc.o(.text.RCC_I2SCLKConfig), (20 bytes).
    Removing stm32f4xx_rcc.o(.ARM.exidx.text.RCC_I2SCLKConfig), (8 bytes).
    Removing stm32f4xx_rcc.o(.text.RCC_AHB1PeriphClockCmd), (56 bytes).
    Removing stm32f4xx_rcc.o(.ARM.exidx.text.RCC_AHB1PeriphClockCmd), (8 bytes).
    Removing stm32f4xx_rcc.o(.text.RCC_AHB2PeriphClockCmd), (56 bytes).
    Removing stm32f4xx_rcc.o(.ARM.exidx.text.RCC_AHB2PeriphClockCmd), (8 bytes).
    Removing stm32f4xx_rcc.o(.text.RCC_AHB3PeriphClockCmd), (56 bytes).
    Removing stm32f4xx_rcc.o(.ARM.exidx.text.RCC_AHB3PeriphClockCmd), (8 bytes).
    Removing stm32f4xx_rcc.o(.text.RCC_APB1PeriphClockCmd), (56 bytes).
    Removing stm32f4xx_rcc.o(.ARM.exidx.text.RCC_APB1PeriphClockCmd), (8 bytes).
    Removing stm32f4xx_rcc.o(.text.RCC_APB2PeriphClockCmd), (56 bytes).
    Removing stm32f4xx_rcc.o(.ARM.exidx.text.RCC_APB2PeriphClockCmd), (8 bytes).
    Removing stm32f4xx_rcc.o(.text.RCC_AHB1PeriphResetCmd), (56 bytes).
    Removing stm32f4xx_rcc.o(.ARM.exidx.text.RCC_AHB1PeriphResetCmd), (8 bytes).
    Removing stm32f4xx_rcc.o(.text.RCC_AHB2PeriphResetCmd), (56 bytes).
    Removing stm32f4xx_rcc.o(.ARM.exidx.text.RCC_AHB2PeriphResetCmd), (8 bytes).
    Removing stm32f4xx_rcc.o(.text.RCC_AHB3PeriphResetCmd), (56 bytes).
    Removing stm32f4xx_rcc.o(.ARM.exidx.text.RCC_AHB3PeriphResetCmd), (8 bytes).
    Removing stm32f4xx_rcc.o(.text.RCC_APB1PeriphResetCmd), (56 bytes).
    Removing stm32f4xx_rcc.o(.ARM.exidx.text.RCC_APB1PeriphResetCmd), (8 bytes).
    Removing stm32f4xx_rcc.o(.text.RCC_APB2PeriphResetCmd), (56 bytes).
    Removing stm32f4xx_rcc.o(.ARM.exidx.text.RCC_APB2PeriphResetCmd), (8 bytes).
    Removing stm32f4xx_rcc.o(.text.RCC_AHB1PeriphClockLPModeCmd), (56 bytes).
    Removing stm32f4xx_rcc.o(.ARM.exidx.text.RCC_AHB1PeriphClockLPModeCmd), (8 bytes).
    Removing stm32f4xx_rcc.o(.text.RCC_AHB2PeriphClockLPModeCmd), (56 bytes).
    Removing stm32f4xx_rcc.o(.ARM.exidx.text.RCC_AHB2PeriphClockLPModeCmd), (8 bytes).
    Removing stm32f4xx_rcc.o(.text.RCC_AHB3PeriphClockLPModeCmd), (56 bytes).
    Removing stm32f4xx_rcc.o(.ARM.exidx.text.RCC_AHB3PeriphClockLPModeCmd), (8 bytes).
    Removing stm32f4xx_rcc.o(.text.RCC_APB1PeriphClockLPModeCmd), (56 bytes).
    Removing stm32f4xx_rcc.o(.ARM.exidx.text.RCC_APB1PeriphClockLPModeCmd), (8 bytes).
    Removing stm32f4xx_rcc.o(.text.RCC_APB2PeriphClockLPModeCmd), (56 bytes).
    Removing stm32f4xx_rcc.o(.ARM.exidx.text.RCC_APB2PeriphClockLPModeCmd), (8 bytes).
    Removing stm32f4xx_rcc.o(.text.RCC_ITConfig), (62 bytes).
    Removing stm32f4xx_rcc.o(.ARM.exidx.text.RCC_ITConfig), (8 bytes).
    Removing stm32f4xx_rcc.o(.text.RCC_ClearFlag), (18 bytes).
    Removing stm32f4xx_rcc.o(.ARM.exidx.text.RCC_ClearFlag), (8 bytes).
    Removing stm32f4xx_rcc.o(.text.RCC_GetITStatus), (56 bytes).
    Removing stm32f4xx_rcc.o(.ARM.exidx.text.RCC_GetITStatus), (8 bytes).
    Removing stm32f4xx_rcc.o(.text.RCC_ClearITPendingBit), (24 bytes).
    Removing stm32f4xx_rcc.o(.ARM.exidx.text.RCC_ClearITPendingBit), (8 bytes).
    Removing stm32f4xx_rcc.o(.rodata.APBAHBPrescTable), (16 bytes).
    Removing stm32f4xx_usart.o(.text), (0 bytes).
    Removing stm32f4xx_usart.o(.text.USART_DeInit), (124 bytes).
    Removing stm32f4xx_usart.o(.ARM.exidx.text.USART_DeInit), (8 bytes).
    Removing stm32f4xx_usart.o(.text.USART_Init), (362 bytes).
    Removing stm32f4xx_usart.o(.ARM.exidx.text.USART_Init), (8 bytes).
    Removing stm32f4xx_usart.o(.text.USART_StructInit), (40 bytes).
    Removing stm32f4xx_usart.o(.ARM.exidx.text.USART_StructInit), (8 bytes).
    Removing stm32f4xx_usart.o(.text.USART_ClockInit), (58 bytes).
    Removing stm32f4xx_usart.o(.ARM.exidx.text.USART_ClockInit), (8 bytes).
    Removing stm32f4xx_usart.o(.text.USART_ClockStructInit), (26 bytes).
    Removing stm32f4xx_usart.o(.ARM.exidx.text.USART_ClockStructInit), (8 bytes).
    Removing stm32f4xx_usart.o(.text.USART_Cmd), (46 bytes).
    Removing stm32f4xx_usart.o(.ARM.exidx.text.USART_Cmd), (8 bytes).
    Removing stm32f4xx_usart.o(.text.USART_SetPrescaler), (12 bytes).
    Removing stm32f4xx_usart.o(.ARM.exidx.text.USART_SetPrescaler), (8 bytes).
    Removing stm32f4xx_usart.o(.text.USART_OverSampling8Cmd), (44 bytes).
    Removing stm32f4xx_usart.o(.ARM.exidx.text.USART_OverSampling8Cmd), (8 bytes).
    Removing stm32f4xx_usart.o(.text.USART_OneBitMethodCmd), (46 bytes).
    Removing stm32f4xx_usart.o(.ARM.exidx.text.USART_OneBitMethodCmd), (8 bytes).
    Removing stm32f4xx_usart.o(.text.USART_SendData), (24 bytes).
    Removing stm32f4xx_usart.o(.ARM.exidx.text.USART_SendData), (8 bytes).
    Removing stm32f4xx_usart.o(.ARM.exidx.text.USART_ReceiveData), (8 bytes).
    Removing stm32f4xx_usart.o(.text.USART_SetAddress), (36 bytes).
    Removing stm32f4xx_usart.o(.ARM.exidx.text.USART_SetAddress), (8 bytes).
    Removing stm32f4xx_usart.o(.text.USART_ReceiverWakeUpCmd), (46 bytes).
    Removing stm32f4xx_usart.o(.ARM.exidx.text.USART_ReceiverWakeUpCmd), (8 bytes).
    Removing stm32f4xx_usart.o(.text.USART_WakeUpConfig), (36 bytes).
    Removing stm32f4xx_usart.o(.ARM.exidx.text.USART_WakeUpConfig), (8 bytes).
    Removing stm32f4xx_usart.o(.text.USART_LINBreakDetectLengthConfig), (36 bytes).
    Removing stm32f4xx_usart.o(.ARM.exidx.text.USART_LINBreakDetectLengthConfig), (8 bytes).
    Removing stm32f4xx_usart.o(.text.USART_LINCmd), (46 bytes).
    Removing stm32f4xx_usart.o(.ARM.exidx.text.USART_LINCmd), (8 bytes).
    Removing stm32f4xx_usart.o(.text.USART_SendBreak), (18 bytes).
    Removing stm32f4xx_usart.o(.ARM.exidx.text.USART_SendBreak), (8 bytes).
    Removing stm32f4xx_usart.o(.text.USART_HalfDuplexCmd), (46 bytes).
    Removing stm32f4xx_usart.o(.ARM.exidx.text.USART_HalfDuplexCmd), (8 bytes).
    Removing stm32f4xx_usart.o(.text.USART_SetGuardTime), (34 bytes).
    Removing stm32f4xx_usart.o(.ARM.exidx.text.USART_SetGuardTime), (8 bytes).
    Removing stm32f4xx_usart.o(.text.USART_SmartCardCmd), (46 bytes).
    Removing stm32f4xx_usart.o(.ARM.exidx.text.USART_SmartCardCmd), (8 bytes).
    Removing stm32f4xx_usart.o(.text.USART_SmartCardNACKCmd), (46 bytes).
    Removing stm32f4xx_usart.o(.ARM.exidx.text.USART_SmartCardNACKCmd), (8 bytes).
    Removing stm32f4xx_usart.o(.text.USART_IrDAConfig), (36 bytes).
    Removing stm32f4xx_usart.o(.ARM.exidx.text.USART_IrDAConfig), (8 bytes).
    Removing stm32f4xx_usart.o(.text.USART_IrDACmd), (46 bytes).
    Removing stm32f4xx_usart.o(.ARM.exidx.text.USART_IrDACmd), (8 bytes).
    Removing stm32f4xx_usart.o(.text.USART_DMACmd), (54 bytes).
    Removing stm32f4xx_usart.o(.ARM.exidx.text.USART_DMACmd), (8 bytes).
    Removing stm32f4xx_usart.o(.text.USART_ITConfig), (146 bytes).
    Removing stm32f4xx_usart.o(.ARM.exidx.text.USART_ITConfig), (8 bytes).
    Removing stm32f4xx_usart.o(.ARM.exidx.text.USART_GetFlagStatus), (8 bytes).
    Removing stm32f4xx_usart.o(.text.USART_ClearFlag), (40 bytes).
    Removing stm32f4xx_usart.o(.ARM.exidx.text.USART_ClearFlag), (8 bytes).
    Removing stm32f4xx_usart.o(.text.USART_GetITStatus), (176 bytes).
    Removing stm32f4xx_usart.o(.ARM.exidx.text.USART_GetITStatus), (8 bytes).
    Removing stm32f4xx_usart.o(.text.USART_ClearITPendingBit), (72 bytes).
    Removing stm32f4xx_usart.o(.ARM.exidx.text.USART_ClearITPendingBit), (8 bytes).
    Removing timer.o(.text), (0 bytes).
    Removing timer.o(.text.timer_init), (104 bytes).
    Removing timer.o(.ARM.exidx.text.timer_init), (8 bytes).
    Removing timer.o(.text.SysTick_Config), (82 bytes).
    Removing timer.o(.ARM.exidx.text.SysTick_Config), (8 bytes).
    Removing timer.o(.text.__NVIC_SetPriority), (66 bytes).
    Removing timer.o(.ARM.exidx.text.__NVIC_SetPriority), (8 bytes).
    Removing timer.o(.text.NVIC_EncodePriority), (108 bytes).
    Removing timer.o(.ARM.exidx.text.NVIC_EncodePriority), (8 bytes).
    Removing timer.o(.text.__NVIC_GetPriorityGrouping), (16 bytes).
    Removing timer.o(.ARM.exidx.text.__NVIC_GetPriorityGrouping), (8 bytes).
    Removing timer.o(.text.timer_enable), (14 bytes).
    Removing timer.o(.ARM.exidx.text.timer_enable), (8 bytes).
    Removing timer.o(.text.timer_disable), (18 bytes).
    Removing timer.o(.ARM.exidx.text.timer_disable), (8 bytes).
    Removing timer.o(.text.timer_set_callback), (20 bytes).
    Removing timer.o(.ARM.exidx.text.timer_set_callback), (8 bytes).
    Removing timer.o(.ARM.exidx.text.SysTick_Handler), (8 bytes).
    Removing timer.o(.bss.timer_period), (4 bytes).
    Removing uart.o(.text), (0 bytes).
    Removing uart.o(.text.uart_init), (138 bytes).
    Removing uart.o(.ARM.exidx.text.uart_init), (8 bytes).
    Removing uart.o(.text.uart_enable), (18 bytes).
    Removing uart.o(.ARM.exidx.text.uart_enable), (8 bytes).
    Removing uart.o(.text.uart_print), (34 bytes).
    Removing uart.o(.ARM.exidx.text.uart_print), (8 bytes).
    Removing uart.o(.text.uart_tx), (50 bytes).
    Removing uart.o(.ARM.exidx.text.uart_tx), (8 bytes).
    Removing uart.o(.text.uart_set_rx_callback), (62 bytes).
    Removing uart.o(.ARM.exidx.text.uart_set_rx_callback), (8 bytes).
    Removing uart.o(.text.__NVIC_SetPriority), (66 bytes).
    Removing uart.o(.ARM.exidx.text.__NVIC_SetPriority), (8 bytes).
    Removing uart.o(.ARM.exidx.text.__NVIC_ClearPendingIRQ), (8 bytes).
    Removing uart.o(.text.__NVIC_EnableIRQ), (48 bytes).
    Removing uart.o(.ARM.exidx.text.__NVIC_EnableIRQ), (8 bytes).
    Removing uart.o(.ARM.exidx.text.uart_rx), (8 bytes).
    Removing uart.o(.ARM.exidx.text.USART2_IRQHandler), (8 bytes).
    Removing delay.o(.text), (0 bytes).
    Removing delay.o(.ARM.exidx.text.delay_ms), (8 bytes).
    Removing delay.o(.ARM.exidx.text.delay_cycles), (8 bytes).
    Removing delay.o(.ARM.exidx.text.delay_us), (8 bytes).
    Removing foun5x7.o(.text), (0 bytes).
    Removing foun5x7.o(.rodata.Font5x7), (475 bytes).
    Removing foun5x7.o(.rodata.font_theta), (5 bytes).
    Removing foun5x7.o(.rodata.theta_15x24), (45 bytes).
    Removing foun5x7.o(.rodata.P_15x24), (45 bytes).
    Removing foun5x7.o(.rodata.font_tick), (5 bytes).
    Removing foun5x7.o(.rodata.font_cross), (5 bytes).
    Removing foun5x7.o(.rodata.font_degree), (5 bytes).
    Removing kalman.o(.text), (0 bytes).
    Removing kalman.o(.text.ScalarKalman_Init), (68 bytes).
    Removing kalman.o(.ARM.exidx.text.ScalarKalman_Init), (8 bytes).
    Removing kalman.o(.text.ScalarKalman_Update), (168 bytes).
    Removing kalman.o(.ARM.exidx.text.ScalarKalman_Update), (8 bytes).
    Removing kalman.o(.text.ScalarKalman_Reset), (48 bytes).
    Removing kalman.o(.ARM.exidx.text.ScalarKalman_Reset), (8 bytes).
    Removing mpu.o(.text), (0 bytes).
    Removing myfunc.o(.text), (0 bytes).
    Removing oled.o(.text), (0 bytes).
    Removing ow.o(.text), (0 bytes).
    Removing eventrecorder.o(.text), (0 bytes).
    Removing eventrecorder.o(.text.EventRecorderTimerSetup), (36 bytes).
    Removing eventrecorder.o(.ARM.exidx.text.EventRecorderTimerSetup), (8 bytes).
    Removing eventrecorder.o(.text.EventRecorderTimerGetFreq), (12 bytes).
    Removing eventrecorder.o(.ARM.exidx.text.EventRecorderTimerGetFreq), (8 bytes).
    Removing eventrecorder.o(.text.EventRecorderTimerGetCount), (12 bytes).
    Removing eventrecorder.o(.ARM.exidx.text.EventRecorderTimerGetCount), (8 bytes).
    Removing eventrecorder.o(.text.EventRecorderInitialize), (440 bytes).
    Removing eventrecorder.o(.ARM.exidx.text.EventRecorderInitialize), (8 bytes).
    Removing eventrecorder.o(.text.crc16_ccitt), (130 bytes).
    Removing eventrecorder.o(.ARM.exidx.text.crc16_ccitt), (8 bytes).
    Removing eventrecorder.o(.text.EventRecorderEnable), (146 bytes).
    Removing eventrecorder.o(.ARM.exidx.text.EventRecorderEnable), (8 bytes).
    Removing eventrecorder.o(.text.EventGetTS), (154 bytes).
    Removing eventrecorder.o(.ARM.exidx.text.EventGetTS), (8 bytes).
    Removing eventrecorder.o(.text.EventRecordItem), (240 bytes).
    Removing eventrecorder.o(.ARM.exidx.text.EventRecordItem), (8 bytes).
    Removing eventrecorder.o(.text.EventRecorderStart), (74 bytes).
    Removing eventrecorder.o(.ARM.exidx.text.EventRecorderStart), (8 bytes).
    Removing eventrecorder.o(.text.EventRecorderDisable), (146 bytes).
    Removing eventrecorder.o(.ARM.exidx.text.EventRecorderDisable), (8 bytes).
    Removing eventrecorder.o(.text.EventRecorderStop), (74 bytes).
    Removing eventrecorder.o(.ARM.exidx.text.EventRecorderStop), (8 bytes).
    Removing eventrecorder.o(.text.EventRecorderClockUpdate), (54 bytes).
    Removing eventrecorder.o(.ARM.exidx.text.EventRecorderClockUpdate), (8 bytes).
    Removing eventrecorder.o(.text.EventRecordData), (388 bytes).
    Removing eventrecorder.o(.ARM.exidx.text.EventRecordData), (8 bytes).
    Removing eventrecorder.o(.text.EventCheckFilter), (60 bytes).
    Removing eventrecorder.o(.ARM.exidx.text.EventCheckFilter), (8 bytes).
    Removing eventrecorder.o(.text.GetContext), (18 bytes).
    Removing eventrecorder.o(.ARM.exidx.text.GetContext), (8 bytes).
    Removing eventrecorder.o(.text.EventRecord2), (90 bytes).
    Removing eventrecorder.o(.ARM.exidx.text.EventRecord2), (8 bytes).
    Removing eventrecorder.o(.text.EventRecord4), (150 bytes).
    Removing eventrecorder.o(.ARM.exidx.text.EventRecord4), (8 bytes).
    Removing eventrecorder.o(.text.atomic_cmp_xch_32), (96 bytes).
    Removing eventrecorder.o(.ARM.exidx.text.atomic_cmp_xch_32), (8 bytes).
    Removing eventrecorder.o(.text.GetRecordIndex), (18 bytes).
    Removing eventrecorder.o(.ARM.exidx.text.GetRecordIndex), (8 bytes).
    Removing eventrecorder.o(.text.LockRecord), (140 bytes).
    Removing eventrecorder.o(.ARM.exidx.text.LockRecord), (8 bytes).
    Removing eventrecorder.o(.text.UnlockRecord), (86 bytes).
    Removing eventrecorder.o(.ARM.exidx.text.UnlockRecord), (8 bytes).
    Removing eventrecorder.o(.text.IncrementRecordsWritten), (18 bytes).
    Removing eventrecorder.o(.ARM.exidx.text.IncrementRecordsWritten), (8 bytes).
    Removing eventrecorder.o(.text.IncrementRecordsDumped), (18 bytes).
    Removing eventrecorder.o(.ARM.exidx.text.IncrementRecordsDumped), (8 bytes).
    Removing eventrecorder.o(.text.atomic_inc_32), (76 bytes).
    Removing eventrecorder.o(.ARM.exidx.text.atomic_inc_32), (8 bytes).
    Removing eventrecorder.o(.text.atomic_inc_8), (88 bytes).
    Removing eventrecorder.o(.ARM.exidx.text.atomic_inc_8), (8 bytes).
    Removing system_stm32f4xx.o(.text), (0 bytes).
    Removing system_stm32f4xx.o(.ARM.exidx.text.SystemInit), (8 bytes).
    Removing system_stm32f4xx.o(.text.SystemCoreClockUpdate), (302 bytes).
    Removing system_stm32f4xx.o(.ARM.exidx.text.SystemCoreClockUpdate), (8 bytes).
    Removing system_stm32f4xx.o(.rodata.AHBPrescTable), (16 bytes).
    Removing system_stm32f4xx.o(.rodata.APBPrescTable), (8 bytes).
    Removing lcd.o(.text), (0 bytes).
    Removing lcd.o(.ARM.exidx.text.lcd_init), (8 bytes).
    Removing lcd.o(.ARM.exidx.text.lcd_write_cmd), (8 bytes).
    Removing lcd.o(.text.lcd_set_cursor), (30 bytes).
    Removing lcd.o(.ARM.exidx.text.lcd_set_cursor), (8 bytes).
    Removing lcd.o(.text.lcd_set_cursor_visible), (14 bytes).
    Removing lcd.o(.ARM.exidx.text.lcd_set_cursor_visible), (8 bytes).
    Removing lcd.o(.text.lcd_write_4bit), (80 bytes).
    Removing lcd.o(.ARM.exidx.text.lcd_write_4bit), (8 bytes).
    Removing lcd.o(.ARM.exidx.text.lcd_clear), (8 bytes).
    Removing lcd.o(.ARM.exidx.text.lcd_put_char), (8 bytes).
    Removing lcd.o(.ARM.exidx.text.lcd_print), (8 bytes).

595 unused section(s) (total 22763 bytes) removed from the image.

==============================================================================

Image Symbol Table

    Local Symbols

    Symbol Name                              Value     Ov Type        Size  Object(Section)

    ../clib/angel/boardlib.s                 0x00000000   Number         0  boardinit1.o ABSOLUTE
    ../clib/angel/boardlib.s                 0x00000000   Number         0  boardinit2.o ABSOLUTE
    ../clib/angel/boardlib.s                 0x00000000   Number         0  boardinit3.o ABSOLUTE
    ../clib/angel/boardlib.s                 0x00000000   Number         0  boardshut.o ABSOLUTE
    ../clib/angel/handlers.s                 0x00000000   Number         0  __scatter_copy.o ABSOLUTE
    ../clib/angel/handlers.s                 0x00000000   Number         0  __scatter_zi.o ABSOLUTE
    ../clib/angel/kernel.s                   0x00000000   Number         0  __rtentry.o ABSOLUTE
    ../clib/angel/kernel.s                   0x00000000   Number         0  __rtentry2.o ABSOLUTE
    ../clib/angel/kernel.s                   0x00000000   Number         0  __rtentry4.o ABSOLUTE
    ../clib/angel/kernel.s                   0x00000000   Number         0  rtexit.o ABSOLUTE
    ../clib/angel/kernel.s                   0x00000000   Number         0  rtexit2.o ABSOLUTE
    ../clib/angel/rt.s                       0x00000000   Number         0  rt_raise.o ABSOLUTE
    ../clib/angel/scatter.s                  0x00000000   Number         0  __scatter.o ABSOLUTE
    ../clib/angel/startup.s                  0x00000000   Number         0  __main.o ABSOLUTE
    ../clib/angel/sys.s                      0x00000000   Number         0  sys_stackheap_outer.o ABSOLUTE
    ../clib/angel/sys.s                      0x00000000   Number         0  libspace.o ABSOLUTE
    ../clib/angel/sys.s                      0x00000000   Number         0  use_no_semi.o ABSOLUTE
    ../clib/angel/sys.s                      0x00000000   Number         0  indicate_semi.o ABSOLUTE
    ../clib/angel/sysapp.c                   0x00000000   Number         0  sys_exit.o ABSOLUTE
    ../clib/angel/sysapp.c                   0x00000000   Number         0  sys_exit_hlt.o ABSOLUTE
    ../clib/angel/sysapp.c                   0x00000000   Number         0  sys_command.o ABSOLUTE
    ../clib/angel/sysapp.c                   0x00000000   Number         0  sys_command_hlt.o ABSOLUTE
    ../clib/angel/sysapp.c                   0x00000000   Number         0  sys_wrch.o ABSOLUTE
    ../clib/angel/sysapp.c                   0x00000000   Number         0  sys_wrch_hlt.o ABSOLUTE
    ../clib/armsys.c                         0x00000000   Number         0  argv_veneer.o ABSOLUTE
    ../clib/armsys.c                         0x00000000   Number         0  argv_veneer.o ABSOLUTE
    ../clib/armsys.c                         0x00000000   Number         0  _get_argv_nomalloc.o ABSOLUTE
    ../clib/armsys.c                         0x00000000   Number         0  no_argv.o ABSOLUTE
    ../clib/heapalloc.c                      0x00000000   Number         0  hrguard.o ABSOLUTE
    ../clib/heapaux.c                        0x00000000   Number         0  heapauxi.o ABSOLUTE
    ../clib/libinit.s                        0x00000000   Number         0  libinit.o ABSOLUTE
    ../clib/libinit.s                        0x00000000   Number         0  libinit2.o ABSOLUTE
    ../clib/libinit.s                        0x00000000   Number         0  libshutdown.o ABSOLUTE
    ../clib/libinit.s                        0x00000000   Number         0  libshutdown2.o ABSOLUTE
    ../clib/memcpset.s                       0x00000000   Number         0  rt_memcpy_v6.o ABSOLUTE
    ../clib/memcpset.s                       0x00000000   Number         0  rt_memclr_w.o ABSOLUTE
    ../clib/memcpset.s                       0x00000000   Number         0  rt_memcpy_w.o ABSOLUTE
    ../clib/signal.c                         0x00000000   Number         0  defsig_rtmem_outer.o ABSOLUTE
    ../clib/signal.c                         0x00000000   Number         0  defsig_rtmem_formal.o ABSOLUTE
    ../clib/signal.c                         0x00000000   Number         0  defsig_exit.o ABSOLUTE
    ../clib/signal.c                         0x00000000   Number         0  defsig_rtmem_inner.o ABSOLUTE
    ../clib/signal.c                         0x00000000   Number         0  __raise.o ABSOLUTE
    ../clib/signal.c                         0x00000000   Number         0  defsig_general.o ABSOLUTE
    ../clib/signal.c                         0x00000000   Number         0  defsig_abrt_inner.o ABSOLUTE
    ../clib/signal.c                         0x00000000   Number         0  defsig_fpe_inner.o ABSOLUTE
    ../clib/signal.c                         0x00000000   Number         0  defsig_rtred_inner.o ABSOLUTE
    ../clib/signal.c                         0x00000000   Number         0  defsig_stak_inner.o ABSOLUTE
    ../clib/signal.c                         0x00000000   Number         0  defsig_pvfn_inner.o ABSOLUTE
    ../clib/signal.c                         0x00000000   Number         0  defsig_cppl_inner.o ABSOLUTE
    ../clib/signal.c                         0x00000000   Number         0  defsig_segv_inner.o ABSOLUTE
    ../clib/signal.c                         0x00000000   Number         0  defsig_other.o ABSOLUTE
    ../clib/signal.s                         0x00000000   Number         0  defsig.o ABSOLUTE
    ../clib/stdlib.c                         0x00000000   Number         0  exit.o ABSOLUTE
    ../fplib/ddiv.s                          0x00000000   Number         0  ddiv.o ABSOLUTE
    ../fplib/dfixu.s                         0x00000000   Number         0  dfixu.o ABSOLUTE
    ../fplib/dflt.s                          0x00000000   Number         0  dflt_clz.o ABSOLUTE
    ../fplib/dnaninf.s                       0x00000000   Number         0  dnaninf.o ABSOLUTE
    ../fplib/dretinf.s                       0x00000000   Number         0  dretinf.o ABSOLUTE
    ../fplib/fpinit.s                        0x00000000   Number         0  fpinit.o ABSOLUTE
    ../fplib/usenofp.s                       0x00000000   Number         0  usenofp.o ABSOLUTE
    EventRecorder.c                          0x00000000   Number         0  eventrecorder.o ABSOLUTE
    Kalman.c                                 0x00000000   Number         0  kalman.o ABSOLUTE
    MPU.c                                    0x00000000   Number         0  mpu.o ABSOLUTE
    OLED.c                                   0x00000000   Number         0  oled.o ABSOLUTE
    OW.c                                     0x00000000   Number         0  ow.o ABSOLUTE
    RTE/Device/STM32F401RETx/startup_stm32f401xe.s 0x00000000   Number         0  startup_stm32f401xe.o ABSOLUTE
    dc.s                                     0x00000000   Number         0  dc.o ABSOLUTE
    delay.c                                  0x00000000   Number         0  delay.o ABSOLUTE
    foun5x7.c                                0x00000000   Number         0  foun5x7.o ABSOLUTE
    gpio.c                                   0x00000000   Number         0  gpio.o ABSOLUTE
    i2c.c                                    0x00000000   Number         0  i2c.o ABSOLUTE
    lcd.c                                    0x00000000   Number         0  lcd.o ABSOLUTE
    main.c                                   0x00000000   Number         0  main.o ABSOLUTE
    myFunc.c                                 0x00000000   Number         0  myfunc.o ABSOLUTE
    stm32f4xx_adc.c                          0x00000000   Number         0  stm32f4xx_adc.o ABSOLUTE
    stm32f4xx_gpio.c                         0x00000000   Number         0  stm32f4xx_gpio.o ABSOLUTE
    stm32f4xx_i2c.c                          0x00000000   Number         0  stm32f4xx_i2c.o ABSOLUTE
    stm32f4xx_rcc.c                          0x00000000   Number         0  stm32f4xx_rcc.o ABSOLUTE
    stm32f4xx_usart.c                        0x00000000   Number         0  stm32f4xx_usart.o ABSOLUTE
    system_stm32f4xx.c                       0x00000000   Number         0  system_stm32f4xx.o ABSOLUTE
    timer.c                                  0x00000000   Number         0  timer.o ABSOLUTE
    uart.c                                   0x00000000   Number         0  uart.o ABSOLUTE
    RESET                                    0x08000000   Section      404  startup_stm32f401xe.o(RESET)
    !!!main                                  0x08000194   Section        8  __main.o(!!!main)
    !!!scatter                               0x0800019c   Section       92  __scatter.o(!!!scatter)
    !!handler_copy                           0x080001f8   Section       26  __scatter_copy.o(!!handler_copy)
    !!handler_null                           0x08000214   Section        2  __scatter.o(!!handler_null)
    !!handler_zi                             0x08000218   Section       28  __scatter_zi.o(!!handler_zi)
    .ARM.Collect$$libinit$$00000000          0x08000234   Section        2  libinit.o(.ARM.Collect$$libinit$$00000000)
    .ARM.Collect$$libinit$$00000001          0x08000236   Section        4  libinit2.o(.ARM.Collect$$libinit$$00000001)
    .ARM.Collect$$libinit$$00000004          0x0800023a   Section        0  libinit2.o(.ARM.Collect$$libinit$$00000004)
    .ARM.Collect$$libinit$$00000006          0x0800023a   Section        0  libinit2.o(.ARM.Collect$$libinit$$00000006)
    .ARM.Collect$$libinit$$0000000C          0x0800023a   Section        0  libinit2.o(.ARM.Collect$$libinit$$0000000C)
    .ARM.Collect$$libinit$$0000000E          0x0800023a   Section        0  libinit2.o(.ARM.Collect$$libinit$$0000000E)
    .ARM.Collect$$libinit$$00000010          0x0800023a   Section        0  libinit2.o(.ARM.Collect$$libinit$$00000010)
    .ARM.Collect$$libinit$$00000013          0x0800023a   Section        0  libinit2.o(.ARM.Collect$$libinit$$00000013)
    .ARM.Collect$$libinit$$00000015          0x0800023a   Section        0  libinit2.o(.ARM.Collect$$libinit$$00000015)
    .ARM.Collect$$libinit$$00000017          0x0800023a   Section        0  libinit2.o(.ARM.Collect$$libinit$$00000017)
    .ARM.Collect$$libinit$$00000019          0x0800023a   Section        0  libinit2.o(.ARM.Collect$$libinit$$00000019)
    .ARM.Collect$$libinit$$0000001B          0x0800023a   Section        0  libinit2.o(.ARM.Collect$$libinit$$0000001B)
    .ARM.Collect$$libinit$$0000001D          0x0800023a   Section        0  libinit2.o(.ARM.Collect$$libinit$$0000001D)
    .ARM.Collect$$libinit$$0000001F          0x0800023a   Section        0  libinit2.o(.ARM.Collect$$libinit$$0000001F)
    .ARM.Collect$$libinit$$00000021          0x0800023a   Section        0  libinit2.o(.ARM.Collect$$libinit$$00000021)
    .ARM.Collect$$libinit$$00000023          0x0800023a   Section        0  libinit2.o(.ARM.Collect$$libinit$$00000023)
    .ARM.Collect$$libinit$$00000025          0x0800023a   Section        0  libinit2.o(.ARM.Collect$$libinit$$00000025)
    .ARM.Collect$$libinit$$00000027          0x0800023a   Section        0  libinit2.o(.ARM.Collect$$libinit$$00000027)
    .ARM.Collect$$libinit$$0000002E          0x0800023a   Section        0  libinit2.o(.ARM.Collect$$libinit$$0000002E)
    .ARM.Collect$$libinit$$00000030          0x0800023a   Section        0  libinit2.o(.ARM.Collect$$libinit$$00000030)
    .ARM.Collect$$libinit$$00000032          0x0800023a   Section        0  libinit2.o(.ARM.Collect$$libinit$$00000032)
    .ARM.Collect$$libinit$$00000034          0x0800023a   Section        0  libinit2.o(.ARM.Collect$$libinit$$00000034)
    .ARM.Collect$$libinit$$00000035          0x0800023a   Section        2  libinit2.o(.ARM.Collect$$libinit$$00000035)
    .ARM.Collect$$libshutdown$$00000000      0x0800023c   Section        2  libshutdown.o(.ARM.Collect$$libshutdown$$00000000)
    .ARM.Collect$$libshutdown$$00000002      0x0800023e   Section        0  libshutdown2.o(.ARM.Collect$$libshutdown$$00000002)
    .ARM.Collect$$libshutdown$$00000004      0x0800023e   Section        0  libshutdown2.o(.ARM.Collect$$libshutdown$$00000004)
    .ARM.Collect$$libshutdown$$00000007      0x0800023e   Section        0  libshutdown2.o(.ARM.Collect$$libshutdown$$00000007)
    .ARM.Collect$$libshutdown$$0000000A      0x0800023e   Section        0  libshutdown2.o(.ARM.Collect$$libshutdown$$0000000A)
    .ARM.Collect$$libshutdown$$0000000C      0x0800023e   Section        0  libshutdown2.o(.ARM.Collect$$libshutdown$$0000000C)
    .ARM.Collect$$libshutdown$$0000000F      0x0800023e   Section        0  libshutdown2.o(.ARM.Collect$$libshutdown$$0000000F)
    .ARM.Collect$$libshutdown$$00000010      0x0800023e   Section        2  libshutdown2.o(.ARM.Collect$$libshutdown$$00000010)
    .ARM.Collect$$rtentry$$00000000          0x08000240   Section        0  __rtentry.o(.ARM.Collect$$rtentry$$00000000)
    .ARM.Collect$$rtentry$$00000002          0x08000240   Section        0  __rtentry2.o(.ARM.Collect$$rtentry$$00000002)
    .ARM.Collect$$rtentry$$00000004          0x08000240   Section        6  __rtentry4.o(.ARM.Collect$$rtentry$$00000004)
    .ARM.Collect$$rtentry$$00000009          0x08000246   Section        0  __rtentry2.o(.ARM.Collect$$rtentry$$00000009)
    .ARM.Collect$$rtentry$$0000000A          0x08000246   Section        4  __rtentry2.o(.ARM.Collect$$rtentry$$0000000A)
    .ARM.Collect$$rtentry$$0000000C          0x0800024a   Section        0  __rtentry2.o(.ARM.Collect$$rtentry$$0000000C)
    .ARM.Collect$$rtentry$$0000000D          0x0800024a   Section        8  __rtentry2.o(.ARM.Collect$$rtentry$$0000000D)
    .ARM.Collect$$rtexit$$00000000           0x08000252   Section        2  rtexit.o(.ARM.Collect$$rtexit$$00000000)
    .ARM.Collect$$rtexit$$00000002           0x08000254   Section        0  rtexit2.o(.ARM.Collect$$rtexit$$00000002)
    .ARM.Collect$$rtexit$$00000003           0x08000254   Section        4  rtexit2.o(.ARM.Collect$$rtexit$$00000003)
    .ARM.Collect$$rtexit$$00000004           0x08000258   Section        6  rtexit2.o(.ARM.Collect$$rtexit$$00000004)
    $v0                                      0x08000260   Number         0  startup_stm32f401xe.o(.text)
    .text                                    0x08000260   Section       64  startup_stm32f401xe.o(.text)
    .text                                    0x080002a0   Section        0  heapauxi.o(.text)
    .text                                    0x080002a6   Section       74  sys_stackheap_outer.o(.text)
    .text                                    0x080002f0   Section        0  exit.o(.text)
    .text                                    0x08000304   Section        8  libspace.o(.text)
    .text                                    0x0800030c   Section        0  sys_exit.o(.text)
    .text                                    0x08000318   Section        2  use_no_semi.o(.text)
    .text                                    0x0800031a   Section        0  indicate_semi.o(.text)
    [Anonymous Symbol]                       0x0800031c   Section        0  gpio.o(.text.EXTI0_IRQHandler)
    [Anonymous Symbol]                       0x080003a0   Section        0  gpio.o(.text.EXTI15_10_IRQHandler)
    [Anonymous Symbol]                       0x08000424   Section        0  gpio.o(.text.EXTI1_IRQHandler)
    [Anonymous Symbol]                       0x080004a8   Section        0  gpio.o(.text.EXTI2_IRQHandler)
    [Anonymous Symbol]                       0x0800052c   Section        0  gpio.o(.text.EXTI3_IRQHandler)
    [Anonymous Symbol]                       0x080005b0   Section        0  gpio.o(.text.EXTI4_IRQHandler)
    [Anonymous Symbol]                       0x08000634   Section        0  gpio.o(.text.EXTI9_5_IRQHandler)
    [Anonymous Symbol]                       0x080006b8   Section        0  timer.o(.text.SysTick_Handler)
    [Anonymous Symbol]                       0x080006c8   Section        0  system_stm32f4xx.o(.text.SystemInit)
    [Anonymous Symbol]                       0x080006e8   Section        0  main.o(.text.TIM2_IRQHandler)
    [Anonymous Symbol]                       0x08000764   Section        0  uart.o(.text.USART2_IRQHandler)
    [Anonymous Symbol]                       0x0800079c   Section        0  stm32f4xx_usart.o(.text.USART_GetFlagStatus)
    [Anonymous Symbol]                       0x080007e0   Section        0  stm32f4xx_usart.o(.text.USART_ReceiveData)
    __NVIC_ClearPendingIRQ                   0x080007f1   Thumb Code    48  gpio.o(.text.__NVIC_ClearPendingIRQ)
    [Anonymous Symbol]                       0x080007f0   Section        0  gpio.o(.text.__NVIC_ClearPendingIRQ)
    __NVIC_ClearPendingIRQ                   0x08000821   Thumb Code    48  uart.o(.text.__NVIC_ClearPendingIRQ)
    [Anonymous Symbol]                       0x08000820   Section        0  uart.o(.text.__NVIC_ClearPendingIRQ)
    [Anonymous Symbol]                       0x08000850   Section        0  delay.o(.text.delay_cycles)
    [Anonymous Symbol]                       0x0800085c   Section        0  delay.o(.text.delay_ms)
    [Anonymous Symbol]                       0x080008d4   Section        0  delay.o(.text.delay_us)
    [Anonymous Symbol]                       0x08000950   Section        0  gpio.o(.text.gpio_set)
    [Anonymous Symbol]                       0x08000988   Section        0  gpio.o(.text.gpio_set_mode)
    [Anonymous Symbol]                       0x08000acc   Section        0  lcd.o(.text.lcd_clear)
    [Anonymous Symbol]                       0x08000afc   Section        0  lcd.o(.text.lcd_init)
    [Anonymous Symbol]                       0x08000bbc   Section        0  lcd.o(.text.lcd_print)
    [Anonymous Symbol]                       0x08000c04   Section        0  lcd.o(.text.lcd_put_char)
    [Anonymous Symbol]                       0x08000c9c   Section        0  lcd.o(.text.lcd_write_cmd)
    [Anonymous Symbol]                       0x08000d30   Section        0  main.o(.text.main)
    [Anonymous Symbol]                       0x08000d70   Section        0  uart.o(.text.uart_rx)
    $v0                                      0x08000da2   Number         0  fpinit.o(x$fpl$fpinit)
    x$fpl$fpinit                             0x08000da2   Section       26  fpinit.o(x$fpl$fpinit)
    __tagsym$$used.0                         0x08000dbc   Number         0  eventrecorder.o(.rodata.EventRecorderInfo)
    .L.str                                   0x08000dd4   Data           8  main.o(.rodata.str1.1)
    [Anonymous Symbol]                       0x08000dd4   Section        0  main.o(.rodata.str1.1)
    .L.str.1                                 0x08000ddc   Data           6  main.o(.rodata.str1.1)
    .L.str.5                                 0x08000ddc   Data          25  main.o(.rodata.str1.1)
    .L.str.2                                 0x08000de2   Data           2  main.o(.rodata.str1.1)
    .L.str.3                                 0x08000de4   Data           2  main.o(.rodata.str1.1)
    .L.str.4                                 0x08000de6   Data           2  main.o(.rodata.str1.1)
    .L.str.6                                 0x08000dff   Data          25  main.o(.rodata.str1.1)
    .bss                                     0x20000040   Section       96  libspace.o(.bss)
    GPIO_callback                            0x200000a0   Data           4  gpio.o(.bss.GPIO_callback)
    [Anonymous Symbol]                       0x200000a0   Section        0  gpio.o(.bss.GPIO_callback)
    UART_callback                            0x200000b0   Data           4  uart.o(.bss.UART_callback)
    [Anonymous Symbol]                       0x200000b0   Section        0  uart.o(.bss.UART_callback)
    EventBuffer                              0x200000c0   Data        1024  eventrecorder.o(.bss.noinit)
    [Anonymous Symbol]                       0x200000c0   Section        0  eventrecorder.o(.bss.noinit)
    EventFilter                              0x200004c0   Data         128  eventrecorder.o(.bss.noinit)
    EventStatus                              0x20000540   Data          36  eventrecorder.o(.bss.noinit)
    timer_callback                           0x20000564   Data           4  timer.o(.bss.timer_callback)
    [Anonymous Symbol]                       0x20000564   Section        0  timer.o(.bss.timer_callback)
    Heap_Mem                                 0x20000568   Data         512  startup_stm32f401xe.o(HEAP)
    HEAP                                     0x20000568   Section      512  startup_stm32f401xe.o(HEAP)
    Stack_Mem                                0x20000768   Data        1024  startup_stm32f401xe.o(STACK)
    STACK                                    0x20000768   Section     1024  startup_stm32f401xe.o(STACK)
    __initial_sp                             0x20000b68   Data           0  startup_stm32f401xe.o(STACK)

    Global Symbols

    Symbol Name                              Value     Ov Type        Size  Object(Section)

    BuildAttributes$$THM_ISAv4$E$P$D$K$B$S$7EM$VFPi3$EXTD16$VFPS$VFMA$PE$A:L22UL41UL21$X:L11$S22US41US21$IEEE1$IW$~IW$USESV6$~STKCKD$USESV7$~SHL$OTIME$ROPI$EBA8$UX$STANDARDLIB$REQ8$PRES8$EABIv2 0x00000000   Number         0  anon$$obj.o ABSOLUTE
    __ARM_exceptions_init                     - Undefined Weak Reference
    __alloca_initialize                       - Undefined Weak Reference
    __arm_preinit_                            - Undefined Weak Reference
    __arm_relocate_pie_                       - Undefined Weak Reference
    __cpp_initialize__aeabi_                  - Undefined Weak Reference
    __cxa_finalize                            - Undefined Weak Reference
    __rt_locale                               - Undefined Weak Reference
    __sigvec_lookup                           - Undefined Weak Reference
    _atexit_init                              - Undefined Weak Reference
    _call_atexit_fns                          - Undefined Weak Reference
    _clock_init                               - Undefined Weak Reference
    _fp_trap_init                             - Undefined Weak Reference
    _fp_trap_shutdown                         - Undefined Weak Reference
    _get_lc_collate                           - Undefined Weak Reference
    _get_lc_ctype                             - Undefined Weak Reference
    _get_lc_monetary                          - Undefined Weak Reference
    _get_lc_numeric                           - Undefined Weak Reference
    _get_lc_time                              - Undefined Weak Reference
    _getenv_init                              - Undefined Weak Reference
    _handle_redirection                       - Undefined Weak Reference
    _init_alloc                               - Undefined Weak Reference
    _init_user_alloc                          - Undefined Weak Reference
    _initio                                   - Undefined Weak Reference
    _rand_init                                - Undefined Weak Reference
    _signal_finish                            - Undefined Weak Reference
    _signal_init                              - Undefined Weak Reference
    _terminate_alloc                          - Undefined Weak Reference
    _terminate_user_alloc                     - Undefined Weak Reference
    _terminateio                              - Undefined Weak Reference
    __Vectors_Size                           0x00000194   Number         0  startup_stm32f401xe.o ABSOLUTE
    __Vectors                                0x08000000   Data           4  startup_stm32f401xe.o(RESET)
    __Vectors_End                            0x08000194   Data           0  startup_stm32f401xe.o(RESET)
    __main                                   0x08000195   Thumb Code     8  __main.o(!!!main)
    __scatterload                            0x0800019d   Thumb Code     0  __scatter.o(!!!scatter)
    __scatterload_rt2                        0x0800019d   Thumb Code    84  __scatter.o(!!!scatter)
    __scatterload_rt2_thumb_only             0x0800019d   Thumb Code     0  __scatter.o(!!!scatter)
    __scatterload_loop                       0x080001a7   Thumb Code     0  __scatter.o(!!!scatter)
    __scatterload_copy                       0x080001f9   Thumb Code    26  __scatter_copy.o(!!handler_copy)
    __scatterload_null                       0x08000215   Thumb Code     2  __scatter.o(!!handler_null)
    __scatterload_zeroinit                   0x08000219   Thumb Code    28  __scatter_zi.o(!!handler_zi)
    __rt_lib_init                            0x08000235   Thumb Code     0  libinit.o(.ARM.Collect$$libinit$$00000000)
    __rt_lib_init_fp_1                       0x08000237   Thumb Code     0  libinit2.o(.ARM.Collect$$libinit$$00000001)
    __rt_lib_init_alloca_1                   0x0800023b   Thumb Code     0  libinit2.o(.ARM.Collect$$libinit$$00000030)
    __rt_lib_init_argv_1                     0x0800023b   Thumb Code     0  libinit2.o(.ARM.Collect$$libinit$$0000002E)
    __rt_lib_init_atexit_1                   0x0800023b   Thumb Code     0  libinit2.o(.ARM.Collect$$libinit$$0000001D)
    __rt_lib_init_clock_1                    0x0800023b   Thumb Code     0  libinit2.o(.ARM.Collect$$libinit$$00000023)
    __rt_lib_init_cpp_1                      0x0800023b   Thumb Code     0  libinit2.o(.ARM.Collect$$libinit$$00000034)
    __rt_lib_init_exceptions_1               0x0800023b   Thumb Code     0  libinit2.o(.ARM.Collect$$libinit$$00000032)
    __rt_lib_init_fp_trap_1                  0x0800023b   Thumb Code     0  libinit2.o(.ARM.Collect$$libinit$$00000021)
    __rt_lib_init_getenv_1                   0x0800023b   Thumb Code     0  libinit2.o(.ARM.Collect$$libinit$$00000025)
    __rt_lib_init_heap_1                     0x0800023b   Thumb Code     0  libinit2.o(.ARM.Collect$$libinit$$0000000C)
    __rt_lib_init_lc_collate_1               0x0800023b   Thumb Code     0  libinit2.o(.ARM.Collect$$libinit$$00000013)
    __rt_lib_init_lc_ctype_1                 0x0800023b   Thumb Code     0  libinit2.o(.ARM.Collect$$libinit$$00000015)
    __rt_lib_init_lc_monetary_1              0x0800023b   Thumb Code     0  libinit2.o(.ARM.Collect$$libinit$$00000017)
    __rt_lib_init_lc_numeric_1               0x0800023b   Thumb Code     0  libinit2.o(.ARM.Collect$$libinit$$00000019)
    __rt_lib_init_lc_time_1                  0x0800023b   Thumb Code     0  libinit2.o(.ARM.Collect$$libinit$$0000001B)
    __rt_lib_init_preinit_1                  0x0800023b   Thumb Code     0  libinit2.o(.ARM.Collect$$libinit$$00000006)
    __rt_lib_init_rand_1                     0x0800023b   Thumb Code     0  libinit2.o(.ARM.Collect$$libinit$$00000010)
    __rt_lib_init_relocate_pie_1             0x0800023b   Thumb Code     0  libinit2.o(.ARM.Collect$$libinit$$00000004)
    __rt_lib_init_return                     0x0800023b   Thumb Code     0  libinit2.o(.ARM.Collect$$libinit$$00000035)
    __rt_lib_init_signal_1                   0x0800023b   Thumb Code     0  libinit2.o(.ARM.Collect$$libinit$$0000001F)
    __rt_lib_init_stdio_1                    0x0800023b   Thumb Code     0  libinit2.o(.ARM.Collect$$libinit$$00000027)
    __rt_lib_init_user_alloc_1               0x0800023b   Thumb Code     0  libinit2.o(.ARM.Collect$$libinit$$0000000E)
    __rt_lib_shutdown                        0x0800023d   Thumb Code     0  libshutdown.o(.ARM.Collect$$libshutdown$$00000000)
    __rt_lib_shutdown_cpp_1                  0x0800023f   Thumb Code     0  libshutdown2.o(.ARM.Collect$$libshutdown$$00000002)
    __rt_lib_shutdown_fp_trap_1              0x0800023f   Thumb Code     0  libshutdown2.o(.ARM.Collect$$libshutdown$$00000007)
    __rt_lib_shutdown_heap_1                 0x0800023f   Thumb Code     0  libshutdown2.o(.ARM.Collect$$libshutdown$$0000000F)
    __rt_lib_shutdown_return                 0x0800023f   Thumb Code     0  libshutdown2.o(.ARM.Collect$$libshutdown$$00000010)
    __rt_lib_shutdown_signal_1               0x0800023f   Thumb Code     0  libshutdown2.o(.ARM.Collect$$libshutdown$$0000000A)
    __rt_lib_shutdown_stdio_1                0x0800023f   Thumb Code     0  libshutdown2.o(.ARM.Collect$$libshutdown$$00000004)
    __rt_lib_shutdown_user_alloc_1           0x0800023f   Thumb Code     0  libshutdown2.o(.ARM.Collect$$libshutdown$$0000000C)
    __rt_entry                               0x08000241   Thumb Code     0  __rtentry.o(.ARM.Collect$$rtentry$$00000000)
    __rt_entry_presh_1                       0x08000241   Thumb Code     0  __rtentry2.o(.ARM.Collect$$rtentry$$00000002)
    __rt_entry_sh                            0x08000241   Thumb Code     0  __rtentry4.o(.ARM.Collect$$rtentry$$00000004)
    __rt_entry_li                            0x08000247   Thumb Code     0  __rtentry2.o(.ARM.Collect$$rtentry$$0000000A)
    __rt_entry_postsh_1                      0x08000247   Thumb Code     0  __rtentry2.o(.ARM.Collect$$rtentry$$00000009)
    __rt_entry_main                          0x0800024b   Thumb Code     0  __rtentry2.o(.ARM.Collect$$rtentry$$0000000D)
    __rt_entry_postli_1                      0x0800024b   Thumb Code     0  __rtentry2.o(.ARM.Collect$$rtentry$$0000000C)
    __rt_exit                                0x08000253   Thumb Code     0  rtexit.o(.ARM.Collect$$rtexit$$00000000)
    __rt_exit_ls                             0x08000255   Thumb Code     0  rtexit2.o(.ARM.Collect$$rtexit$$00000003)
    __rt_exit_prels_1                        0x08000255   Thumb Code     0  rtexit2.o(.ARM.Collect$$rtexit$$00000002)
    __rt_exit_exit                           0x08000259   Thumb Code     0  rtexit2.o(.ARM.Collect$$rtexit$$00000004)
    Reset_Handler                            0x08000261   Thumb Code     8  startup_stm32f401xe.o(.text)
    NMI_Handler                              0x08000269   Thumb Code     2  startup_stm32f401xe.o(.text)
    HardFault_Handler                        0x0800026b   Thumb Code     2  startup_stm32f401xe.o(.text)
    MemManage_Handler                        0x0800026d   Thumb Code     2  startup_stm32f401xe.o(.text)
    BusFault_Handler                         0x0800026f   Thumb Code     2  startup_stm32f401xe.o(.text)
    UsageFault_Handler                       0x08000271   Thumb Code     2  startup_stm32f401xe.o(.text)
    SVC_Handler                              0x08000273   Thumb Code     2  startup_stm32f401xe.o(.text)
    DebugMon_Handler                         0x08000275   Thumb Code     2  startup_stm32f401xe.o(.text)
    PendSV_Handler                           0x08000277   Thumb Code     2  startup_stm32f401xe.o(.text)
    ADC_IRQHandler                           0x0800027b   Thumb Code     0  startup_stm32f401xe.o(.text)
    DMA1_Stream0_IRQHandler                  0x0800027b   Thumb Code     0  startup_stm32f401xe.o(.text)
    DMA1_Stream1_IRQHandler                  0x0800027b   Thumb Code     0  startup_stm32f401xe.o(.text)
    DMA1_Stream2_IRQHandler                  0x0800027b   Thumb Code     0  startup_stm32f401xe.o(.text)
    DMA1_Stream3_IRQHandler                  0x0800027b   Thumb Code     0  startup_stm32f401xe.o(.text)
    DMA1_Stream4_IRQHandler                  0x0800027b   Thumb Code     0  startup_stm32f401xe.o(.text)
    DMA1_Stream5_IRQHandler                  0x0800027b   Thumb Code     0  startup_stm32f401xe.o(.text)
    DMA1_Stream6_IRQHandler                  0x0800027b   Thumb Code     0  startup_stm32f401xe.o(.text)
    DMA1_Stream7_IRQHandler                  0x0800027b   Thumb Code     0  startup_stm32f401xe.o(.text)
    DMA2_Stream0_IRQHandler                  0x0800027b   Thumb Code     0  startup_stm32f401xe.o(.text)
    DMA2_Stream1_IRQHandler                  0x0800027b   Thumb Code     0  startup_stm32f401xe.o(.text)
    DMA2_Stream2_IRQHandler                  0x0800027b   Thumb Code     0  startup_stm32f401xe.o(.text)
    DMA2_Stream3_IRQHandler                  0x0800027b   Thumb Code     0  startup_stm32f401xe.o(.text)
    DMA2_Stream4_IRQHandler                  0x0800027b   Thumb Code     0  startup_stm32f401xe.o(.text)
    DMA2_Stream5_IRQHandler                  0x0800027b   Thumb Code     0  startup_stm32f401xe.o(.text)
    DMA2_Stream6_IRQHandler                  0x0800027b   Thumb Code     0  startup_stm32f401xe.o(.text)
    DMA2_Stream7_IRQHandler                  0x0800027b   Thumb Code     0  startup_stm32f401xe.o(.text)
    FLASH_IRQHandler                         0x0800027b   Thumb Code     0  startup_stm32f401xe.o(.text)
    FPU_IRQHandler                           0x0800027b   Thumb Code     0  startup_stm32f401xe.o(.text)
    I2C1_ER_IRQHandler                       0x0800027b   Thumb Code     0  startup_stm32f401xe.o(.text)
    I2C1_EV_IRQHandler                       0x0800027b   Thumb Code     0  startup_stm32f401xe.o(.text)
    I2C2_ER_IRQHandler                       0x0800027b   Thumb Code     0  startup_stm32f401xe.o(.text)
    I2C2_EV_IRQHandler                       0x0800027b   Thumb Code     0  startup_stm32f401xe.o(.text)
    I2C3_ER_IRQHandler                       0x0800027b   Thumb Code     0  startup_stm32f401xe.o(.text)
    I2C3_EV_IRQHandler                       0x0800027b   Thumb Code     0  startup_stm32f401xe.o(.text)
    OTG_FS_IRQHandler                        0x0800027b   Thumb Code     0  startup_stm32f401xe.o(.text)
    OTG_FS_WKUP_IRQHandler                   0x0800027b   Thumb Code     0  startup_stm32f401xe.o(.text)
    PVD_IRQHandler                           0x0800027b   Thumb Code     0  startup_stm32f401xe.o(.text)
    RCC_IRQHandler                           0x0800027b   Thumb Code     0  startup_stm32f401xe.o(.text)
    RTC_Alarm_IRQHandler                     0x0800027b   Thumb Code     0  startup_stm32f401xe.o(.text)
    RTC_WKUP_IRQHandler                      0x0800027b   Thumb Code     0  startup_stm32f401xe.o(.text)
    SDIO_IRQHandler                          0x0800027b   Thumb Code     0  startup_stm32f401xe.o(.text)
    SPI1_IRQHandler                          0x0800027b   Thumb Code     0  startup_stm32f401xe.o(.text)
    SPI2_IRQHandler                          0x0800027b   Thumb Code     0  startup_stm32f401xe.o(.text)
    SPI3_IRQHandler                          0x0800027b   Thumb Code     0  startup_stm32f401xe.o(.text)
    SPI4_IRQHandler                          0x0800027b   Thumb Code     0  startup_stm32f401xe.o(.text)
    TAMP_STAMP_IRQHandler                    0x0800027b   Thumb Code     0  startup_stm32f401xe.o(.text)
    TIM1_BRK_TIM9_IRQHandler                 0x0800027b   Thumb Code     0  startup_stm32f401xe.o(.text)
    TIM1_CC_IRQHandler                       0x0800027b   Thumb Code     0  startup_stm32f401xe.o(.text)
    TIM1_TRG_COM_TIM11_IRQHandler            0x0800027b   Thumb Code     0  startup_stm32f401xe.o(.text)
    TIM1_UP_TIM10_IRQHandler                 0x0800027b   Thumb Code     0  startup_stm32f401xe.o(.text)
    TIM3_IRQHandler                          0x0800027b   Thumb Code     0  startup_stm32f401xe.o(.text)
    TIM4_IRQHandler                          0x0800027b   Thumb Code     0  startup_stm32f401xe.o(.text)
    TIM5_IRQHandler                          0x0800027b   Thumb Code     0  startup_stm32f401xe.o(.text)
    USART1_IRQHandler                        0x0800027b   Thumb Code     0  startup_stm32f401xe.o(.text)
    USART6_IRQHandler                        0x0800027b   Thumb Code     0  startup_stm32f401xe.o(.text)
    WWDG_IRQHandler                          0x0800027b   Thumb Code     0  startup_stm32f401xe.o(.text)
    __user_initial_stackheap                 0x0800027d   Thumb Code     0  startup_stm32f401xe.o(.text)
    __use_two_region_memory                  0x080002a1   Thumb Code     2  heapauxi.o(.text)
    __rt_heap_escrow$2region                 0x080002a3   Thumb Code     2  heapauxi.o(.text)
    __rt_heap_expand$2region                 0x080002a5   Thumb Code     2  heapauxi.o(.text)
    __user_setup_stackheap                   0x080002a7   Thumb Code    74  sys_stackheap_outer.o(.text)
    exit                                     0x080002f1   Thumb Code    18  exit.o(.text)
    __user_libspace                          0x08000305   Thumb Code     8  libspace.o(.text)
    __user_perproc_libspace                  0x08000305   Thumb Code     0  libspace.o(.text)
    __user_perthread_libspace                0x08000305   Thumb Code     0  libspace.o(.text)
    _sys_exit                                0x0800030d   Thumb Code     8  sys_exit.o(.text)
    __I$use$semihosting                      0x08000319   Thumb Code     0  use_no_semi.o(.text)
    __use_no_semihosting_swi                 0x08000319   Thumb Code     2  use_no_semi.o(.text)
    __semihosting_library_function           0x0800031b   Thumb Code     0  indicate_semi.o(.text)
    EXTI0_IRQHandler                         0x0800031d   Thumb Code   132  gpio.o(.text.EXTI0_IRQHandler)
    EXTI15_10_IRQHandler                     0x080003a1   Thumb Code   132  gpio.o(.text.EXTI15_10_IRQHandler)
    EXTI1_IRQHandler                         0x08000425   Thumb Code   132  gpio.o(.text.EXTI1_IRQHandler)
    EXTI2_IRQHandler                         0x080004a9   Thumb Code   132  gpio.o(.text.EXTI2_IRQHandler)
    EXTI3_IRQHandler                         0x0800052d   Thumb Code   132  gpio.o(.text.EXTI3_IRQHandler)
    EXTI4_IRQHandler                         0x080005b1   Thumb Code   132  gpio.o(.text.EXTI4_IRQHandler)
    EXTI9_5_IRQHandler                       0x08000635   Thumb Code   132  gpio.o(.text.EXTI9_5_IRQHandler)
    SysTick_Handler                          0x080006b9   Thumb Code    16  timer.o(.text.SysTick_Handler)
    SystemInit                               0x080006c9   Thumb Code    32  system_stm32f4xx.o(.text.SystemInit)
    TIM2_IRQHandler                          0x080006e9   Thumb Code   124  main.o(.text.TIM2_IRQHandler)
    USART2_IRQHandler                        0x08000765   Thumb Code    54  uart.o(.text.USART2_IRQHandler)
    USART_GetFlagStatus                      0x0800079d   Thumb Code    66  stm32f4xx_usart.o(.text.USART_GetFlagStatus)
    USART_ReceiveData                        0x080007e1   Thumb Code    16  stm32f4xx_usart.o(.text.USART_ReceiveData)
    delay_cycles                             0x08000851   Thumb Code    12  delay.o(.text.delay_cycles)
    delay_ms                                 0x0800085d   Thumb Code   118  delay.o(.text.delay_ms)
    delay_us                                 0x080008d5   Thumb Code   122  delay.o(.text.delay_us)
    gpio_set                                 0x08000951   Thumb Code    54  gpio.o(.text.gpio_set)
    gpio_set_mode                            0x08000989   Thumb Code   322  gpio.o(.text.gpio_set_mode)
    lcd_clear                                0x08000acd   Thumb Code    46  lcd.o(.text.lcd_clear)
    lcd_init                                 0x08000afd   Thumb Code   190  lcd.o(.text.lcd_init)
    lcd_print                                0x08000bbd   Thumb Code    72  lcd.o(.text.lcd_print)
    lcd_put_char                             0x08000c05   Thumb Code   150  lcd.o(.text.lcd_put_char)
    lcd_write_cmd                            0x08000c9d   Thumb Code   146  lcd.o(.text.lcd_write_cmd)
    main                                     0x08000d31   Thumb Code    62  main.o(.text.main)
    uart_rx                                  0x08000d71   Thumb Code    50  uart.o(.text.uart_rx)
    _fp_init                                 0x08000da3   Thumb Code    26  fpinit.o(x$fpl$fpinit)
    __fplib_config_fpu_vfp                   0x08000dbb   Thumb Code     0  fpinit.o(x$fpl$fpinit)
    __fplib_config_pureend_doubles           0x08000dbb   Thumb Code     0  fpinit.o(x$fpl$fpinit)
    EventRecorderInfo                        0x08000dbc   Data          24  eventrecorder.o(.rodata.EventRecorderInfo)
    Region$$Table$$Base                      0x08000e18   Number         0  anon$$obj.o(Region$$Table)
    Region$$Table$$Limit                     0x08000e38   Number         0  anon$$obj.o(Region$$Table)
    P_LCD_DATA                               0x20000000   Data          16  lcd.o(.data.P_LCD_DATA)
    SystemCoreClock                          0x20000010   Data           4  system_stm32f4xx.o(.data.SystemCoreClock)
    __libspace_start                         0x20000040   Data          96  libspace.o(.bss)
    __temporary_stack_top$libspace           0x200000a0   Data           0  libspace.o(.bss)
    IRQ_pin_index                            0x200000a4   Data           4  gpio.o(.bss.IRQ_pin_index)
    IRQ_port_num                             0x200000a8   Data           4  gpio.o(.bss.IRQ_port_num)
    IRQ_status                               0x200000ac   Data           4  gpio.o(.bss.IRQ_status)
    char_num                                 0x200000b4   Data           4  lcd.o(.bss.char_num)
    ds18_busy                                0x200000b8   Data           1  main.o(.bss.ds18_busy)
    ds18_ready                               0x200000b9   Data           1  main.o(.bss.ds18_ready)
    ds18_timer                               0x200000ba   Data           2  main.o(.bss.ds18_timer)
    msTicks                                  0x200000bc   Data           4  main.o(.bss.msTicks)



==============================================================================

Memory Map of the image

  Image Entry point : 0x08000195

  Load Region LR_IROM1 (Base: 0x08000000, Size: 0x00000e80, Max: 0x00080000, ABSOLUTE)

    Execution Region ER_IROM1 (Exec base: 0x08000000, Load base: 0x08000000, Size: 0x00000e38, Max: 0x00080000, ABSOLUTE)

    Exec Addr    Load Addr    Size         Type   Attr      Idx    E Section Name        Object

    0x08000000   0x08000000   0x00000194   Data   RO          696    RESET               startup_stm32f401xe.o
    0x08000194   0x08000194   0x00000008   Code   RO          751  * !!!main             c_w.l(__main.o)
    0x0800019c   0x0800019c   0x0000005c   Code   RO          937    !!!scatter          c_w.l(__scatter.o)
    0x080001f8   0x080001f8   0x0000001a   Code   RO          941    !!handler_copy      c_w.l(__scatter_copy.o)
    0x08000212   0x08000212   0x00000002   PAD
    0x08000214   0x08000214   0x00000002   Code   RO          938    !!handler_null      c_w.l(__scatter.o)
    0x08000216   0x08000216   0x00000002   PAD
    0x08000218   0x08000218   0x0000001c   Code   RO          943    !!handler_zi        c_w.l(__scatter_zi.o)
    0x08000234   0x08000234   0x00000002   Code   RO          799    .ARM.Collect$$libinit$$00000000  c_w.l(libinit.o)
    0x08000236   0x08000236   0x00000004   Code   RO          805    .ARM.Collect$$libinit$$00000001  c_w.l(libinit2.o)
    0x0800023a   0x0800023a   0x00000000   Code   RO          808    .ARM.Collect$$libinit$$00000004  c_w.l(libinit2.o)
    0x0800023a   0x0800023a   0x00000000   Code   RO          810    .ARM.Collect$$libinit$$00000006  c_w.l(libinit2.o)
    0x0800023a   0x0800023a   0x00000000   Code   RO          813    .ARM.Collect$$libinit$$0000000C  c_w.l(libinit2.o)
    0x0800023a   0x0800023a   0x00000000   Code   RO          815    .ARM.Collect$$libinit$$0000000E  c_w.l(libinit2.o)
    0x0800023a   0x0800023a   0x00000000   Code   RO          817    .ARM.Collect$$libinit$$00000010  c_w.l(libinit2.o)
    0x0800023a   0x0800023a   0x00000000   Code   RO          820    .ARM.Collect$$libinit$$00000013  c_w.l(libinit2.o)
    0x0800023a   0x0800023a   0x00000000   Code   RO          822    .ARM.Collect$$libinit$$00000015  c_w.l(libinit2.o)
    0x0800023a   0x0800023a   0x00000000   Code   RO          824    .ARM.Collect$$libinit$$00000017  c_w.l(libinit2.o)
    0x0800023a   0x0800023a   0x00000000   Code   RO          826    .ARM.Collect$$libinit$$00000019  c_w.l(libinit2.o)
    0x0800023a   0x0800023a   0x00000000   Code   RO          828    .ARM.Collect$$libinit$$0000001B  c_w.l(libinit2.o)
    0x0800023a   0x0800023a   0x00000000   Code   RO          830    .ARM.Collect$$libinit$$0000001D  c_w.l(libinit2.o)
    0x0800023a   0x0800023a   0x00000000   Code   RO          832    .ARM.Collect$$libinit$$0000001F  c_w.l(libinit2.o)
    0x0800023a   0x0800023a   0x00000000   Code   RO          834    .ARM.Collect$$libinit$$00000021  c_w.l(libinit2.o)
    0x0800023a   0x0800023a   0x00000000   Code   RO          836    .ARM.Collect$$libinit$$00000023  c_w.l(libinit2.o)
    0x0800023a   0x0800023a   0x00000000   Code   RO          838    .ARM.Collect$$libinit$$00000025  c_w.l(libinit2.o)
    0x0800023a   0x0800023a   0x00000000   Code   RO          840    .ARM.Collect$$libinit$$00000027  c_w.l(libinit2.o)
    0x0800023a   0x0800023a   0x00000000   Code   RO          844    .ARM.Collect$$libinit$$0000002E  c_w.l(libinit2.o)
    0x0800023a   0x0800023a   0x00000000   Code   RO          846    .ARM.Collect$$libinit$$00000030  c_w.l(libinit2.o)
    0x0800023a   0x0800023a   0x00000000   Code   RO          848    .ARM.Collect$$libinit$$00000032  c_w.l(libinit2.o)
    0x0800023a   0x0800023a   0x00000000   Code   RO          850    .ARM.Collect$$libinit$$00000034  c_w.l(libinit2.o)
    0x0800023a   0x0800023a   0x00000002   Code   RO          851    .ARM.Collect$$libinit$$00000035  c_w.l(libinit2.o)
    0x0800023c   0x0800023c   0x00000002   Code   RO          873    .ARM.Collect$$libshutdown$$00000000  c_w.l(libshutdown.o)
    0x0800023e   0x0800023e   0x00000000   Code   RO          888    .ARM.Collect$$libshutdown$$00000002  c_w.l(libshutdown2.o)
    0x0800023e   0x0800023e   0x00000000   Code   RO          890    .ARM.Collect$$libshutdown$$00000004  c_w.l(libshutdown2.o)
    0x0800023e   0x0800023e   0x00000000   Code   RO          893    .ARM.Collect$$libshutdown$$00000007  c_w.l(libshutdown2.o)
    0x0800023e   0x0800023e   0x00000000   Code   RO          896    .ARM.Collect$$libshutdown$$0000000A  c_w.l(libshutdown2.o)
    0x0800023e   0x0800023e   0x00000000   Code   RO          898    .ARM.Collect$$libshutdown$$0000000C  c_w.l(libshutdown2.o)
    0x0800023e   0x0800023e   0x00000000   Code   RO          901    .ARM.Collect$$libshutdown$$0000000F  c_w.l(libshutdown2.o)
    0x0800023e   0x0800023e   0x00000002   Code   RO          902    .ARM.Collect$$libshutdown$$00000010  c_w.l(libshutdown2.o)
    0x08000240   0x08000240   0x00000000   Code   RO          767    .ARM.Collect$$rtentry$$00000000  c_w.l(__rtentry.o)
    0x08000240   0x08000240   0x00000000   Code   RO          776    .ARM.Collect$$rtentry$$00000002  c_w.l(__rtentry2.o)
    0x08000240   0x08000240   0x00000006   Code   RO          788    .ARM.Collect$$rtentry$$00000004  c_w.l(__rtentry4.o)
    0x08000246   0x08000246   0x00000000   Code   RO          778    .ARM.Collect$$rtentry$$00000009  c_w.l(__rtentry2.o)
    0x08000246   0x08000246   0x00000004   Code   RO          779    .ARM.Collect$$rtentry$$0000000A  c_w.l(__rtentry2.o)
    0x0800024a   0x0800024a   0x00000000   Code   RO          781    .ARM.Collect$$rtentry$$0000000C  c_w.l(__rtentry2.o)
    0x0800024a   0x0800024a   0x00000008   Code   RO          782    .ARM.Collect$$rtentry$$0000000D  c_w.l(__rtentry2.o)
    0x08000252   0x08000252   0x00000002   Code   RO          803    .ARM.Collect$$rtexit$$00000000  c_w.l(rtexit.o)
    0x08000254   0x08000254   0x00000000   Code   RO          853    .ARM.Collect$$rtexit$$00000002  c_w.l(rtexit2.o)
    0x08000254   0x08000254   0x00000004   Code   RO          854    .ARM.Collect$$rtexit$$00000003  c_w.l(rtexit2.o)
    0x08000258   0x08000258   0x00000006   Code   RO          855    .ARM.Collect$$rtexit$$00000004  c_w.l(rtexit2.o)
    0x0800025e   0x0800025e   0x00000002   PAD
    0x08000260   0x08000260   0x00000040   Code   RO          697    .text               startup_stm32f401xe.o
    0x080002a0   0x080002a0   0x00000006   Code   RO          749    .text               c_w.l(heapauxi.o)
    0x080002a6   0x080002a6   0x0000004a   Code   RO          790    .text               c_w.l(sys_stackheap_outer.o)
    0x080002f0   0x080002f0   0x00000012   Code   RO          792    .text               c_w.l(exit.o)
    0x08000302   0x08000302   0x00000002   PAD
    0x08000304   0x08000304   0x00000008   Code   RO          800    .text               c_w.l(libspace.o)
    0x0800030c   0x0800030c   0x0000000c   Code   RO          863    .text               c_w.l(sys_exit.o)
    0x08000318   0x08000318   0x00000002   Code   RO          878    .text               c_w.l(use_no_semi.o)
    0x0800031a   0x0800031a   0x00000000   Code   RO          880    .text               c_w.l(indicate_semi.o)
    0x0800031a   0x0800031a   0x00000002   PAD
    0x0800031c   0x0800031c   0x00000084   Code   RO          144    .text.EXTI0_IRQHandler  gpio.o
    0x080003a0   0x080003a0   0x00000084   Code   RO          158    .text.EXTI15_10_IRQHandler  gpio.o
    0x08000424   0x08000424   0x00000084   Code   RO          148    .text.EXTI1_IRQHandler  gpio.o
    0x080004a8   0x080004a8   0x00000084   Code   RO          150    .text.EXTI2_IRQHandler  gpio.o
    0x0800052c   0x0800052c   0x00000084   Code   RO          152    .text.EXTI3_IRQHandler  gpio.o
    0x080005b0   0x080005b0   0x00000084   Code   RO          154    .text.EXTI4_IRQHandler  gpio.o
    0x08000634   0x08000634   0x00000084   Code   RO          156    .text.EXTI9_5_IRQHandler  gpio.o
    0x080006b8   0x080006b8   0x00000010   Code   RO          555    .text.SysTick_Handler  timer.o
    0x080006c8   0x080006c8   0x00000020   Code   RO          704    .text.SystemInit    system_stm32f4xx.o
    0x080006e8   0x080006e8   0x0000007c   Code   RO            8    .text.TIM2_IRQHandler  main.o
    0x08000764   0x08000764   0x00000036   Code   RO          584    .text.USART2_IRQHandler  uart.o
    0x0800079a   0x0800079a   0x00000002   PAD
    0x0800079c   0x0800079c   0x00000042   Code   RO          524    .text.USART_GetFlagStatus  stm32f4xx_usart.o
    0x080007de   0x080007de   0x00000002   PAD
    0x080007e0   0x080007e0   0x00000010   Code   RO          494    .text.USART_ReceiveData  stm32f4xx_usart.o
    0x080007f0   0x080007f0   0x00000030   Code   RO          146    .text.__NVIC_ClearPendingIRQ  gpio.o
    0x08000820   0x08000820   0x00000030   Code   RO          578    .text.__NVIC_ClearPendingIRQ  uart.o
    0x08000850   0x08000850   0x0000000c   Code   RO          596    .text.delay_cycles  delay.o
    0x0800085c   0x0800085c   0x00000076   Code   RO          594    .text.delay_ms      delay.o
    0x080008d2   0x080008d2   0x00000002   PAD
    0x080008d4   0x080008d4   0x0000007a   Code   RO          598    .text.delay_us      delay.o
    0x0800094e   0x0800094e   0x00000002   PAD
    0x08000950   0x08000950   0x00000036   Code   RO          122    .text.gpio_set      gpio.o
    0x08000986   0x08000986   0x00000002   PAD
    0x08000988   0x08000988   0x00000142   Code   RO          130    .text.gpio_set_mode  gpio.o
    0x08000aca   0x08000aca   0x00000002   PAD
    0x08000acc   0x08000acc   0x0000002e   Code   RO          728    .text.lcd_clear     LCDFunctions.lib(lcd.o)
    0x08000afa   0x08000afa   0x00000002   PAD
    0x08000afc   0x08000afc   0x000000be   Code   RO          718    .text.lcd_init      LCDFunctions.lib(lcd.o)
    0x08000bba   0x08000bba   0x00000002   PAD
    0x08000bbc   0x08000bbc   0x00000048   Code   RO          732    .text.lcd_print     LCDFunctions.lib(lcd.o)
    0x08000c04   0x08000c04   0x00000096   Code   RO          730    .text.lcd_put_char  LCDFunctions.lib(lcd.o)
    0x08000c9a   0x08000c9a   0x00000002   PAD
    0x08000c9c   0x08000c9c   0x00000092   Code   RO          720    .text.lcd_write_cmd  LCDFunctions.lib(lcd.o)
    0x08000d2e   0x08000d2e   0x00000002   PAD
    0x08000d30   0x08000d30   0x0000003e   Code   RO           98    .text.main          main.o
    0x08000d6e   0x08000d6e   0x00000002   PAD
    0x08000d70   0x08000d70   0x00000032   Code   RO          582    .text.uart_rx       uart.o
    0x08000da2   0x08000da2   0x0000001a   Code   RO          861    x$fpl$fpinit        fz_wm.l(fpinit.o)
    0x08000dbc   0x08000dbc   0x00000018   Data   RO          687    .rodata.EventRecorderInfo  eventrecorder.o
    0x08000dd4   0x08000dd4   0x00000044   Data   RO          105    .rodata.str1.1      main.o
    0x08000e18   0x08000e18   0x00000020   Data   RO          936    Region$$Table       anon$$obj.o


    Execution Region RW_IRAM1 (Exec base: 0x20000000, Load base: 0x08000e40, Size: 0x00000b68, Max: 0x00018000, ABSOLUTE)

    Exec Addr    Load Addr    Size         Type   Attr      Idx    E Section Name        Object

    0x20000000   0x08000e40   0x00000010   Data   RW          734    .data.P_LCD_DATA    LCDFunctions.lib(lcd.o)
    0x20000010   0x08000e50   0x00000004   Data   RW          708    .data.SystemCoreClock  system_stm32f4xx.o
    0x20000014   0x08000e54   0x0000002c   PAD
    0x20000040        -       0x00000060   Zero   RW          801    .bss                c_w.l(libspace.o)
    0x200000a0        -       0x00000004   Zero   RW          164    .bss.GPIO_callback  gpio.o
    0x200000a4        -       0x00000004   Zero   RW          162    .bss.IRQ_pin_index  gpio.o
    0x200000a8        -       0x00000004   Zero   RW          161    .bss.IRQ_port_num   gpio.o
    0x200000ac        -       0x00000004   Zero   RW          160    .bss.IRQ_status     gpio.o
    0x200000b0        -       0x00000004   Zero   RW          586    .bss.UART_callback  uart.o
    0x200000b4        -       0x00000004   Zero   RW          735    .bss.char_num       LCDFunctions.lib(lcd.o)
    0x200000b8        -       0x00000001   Zero   RW          102    .bss.ds18_busy      main.o
    0x200000b9        -       0x00000001   Zero   RW          100    .bss.ds18_ready     main.o
    0x200000ba        -       0x00000002   Zero   RW          101    .bss.ds18_timer     main.o
    0x200000bc        -       0x00000004   Zero   RW          104    .bss.msTicks        main.o
    0x200000c0        -       0x000004a4   Zero   RW          686    .bss.noinit         eventrecorder.o
    0x20000564        -       0x00000004   Zero   RW          557    .bss.timer_callback  timer.o
    0x20000568        -       0x00000200   Zero   RW          695    HEAP                startup_stm32f401xe.o
    0x20000768        -       0x00000400   Zero   RW          694    STACK               startup_stm32f401xe.o


==============================================================================

Image component sizes


      Code (inc. data)   RO Data    RW Data    ZI Data      Debug   Object Name

       252          0          0          0          0       1012   delay.o
         0          0         24          0       1188       8498   eventrecorder.o
      1348          6          0          0         16       9957   gpio.o
       186          0         68          0          8      14461   main.o
        64         26        404          0       1536       1012   startup_stm32f401xe.o
        82          0          0          0          0       7165   stm32f4xx_usart.o
        32          0          0          4          0       2943   system_stm32f4xx.o
        16          0          0          0          4       4997   timer.o
       152          0          0          0          4       6319   uart.o

    ----------------------------------------------------------------------
      2146         32        528          4       2800      56364   Object Totals
         0          0         32          0          0          0   (incl. Generated)
        14          0          0          0         44          0   (incl. Padding)

    ----------------------------------------------------------------------

      Code (inc. data)   RO Data    RW Data    ZI Data      Debug   Library Member Name

       604          0          0         16          4       4542   lcd.o
         8          0          0          0          0         68   __main.o
         0          0          0          0          0          0   __rtentry.o
        12          0          0          0          0          0   __rtentry2.o
         6          0          0          0          0          0   __rtentry4.o
        94          8          0          0          0          0   __scatter.o
        26          0          0          0          0          0   __scatter_copy.o
        28          0          0          0          0          0   __scatter_zi.o
        18          0          0          0          0         80   exit.o
         6          0          0          0          0        152   heapauxi.o
         0          0          0          0          0          0   indicate_semi.o
         2          0          0          0          0          0   libinit.o
         6          0          0          0          0          0   libinit2.o
         2          0          0          0          0          0   libshutdown.o
         2          0          0          0          0          0   libshutdown2.o
         8          4          0          0         96         68   libspace.o
         2          0          0          0          0          0   rtexit.o
        10          0          0          0          0          0   rtexit2.o
        12          4          0          0          0         68   sys_exit.o
        74          0          0          0          0         80   sys_stackheap_outer.o
         2          0          0          0          0         68   use_no_semi.o
        26          0          0          0          0        116   fpinit.o

    ----------------------------------------------------------------------
       966         16          0         16        100       5242   Library Totals
        18          0          0          0          0          0   (incl. Padding)

    ----------------------------------------------------------------------

      Code (inc. data)   RO Data    RW Data    ZI Data      Debug   Library Name

       604          0          0         16          4       4542   LCDFunctions.lib
       318         16          0          0         96        584   c_w.l
        26          0          0          0          0        116   fz_wm.l

    ----------------------------------------------------------------------
       966         16          0         16        100       5242   Library Totals

    ----------------------------------------------------------------------

==============================================================================


      Code (inc. data)   RO Data    RW Data    ZI Data      Debug   

      3112         48        528         20       2900      61378   Grand Totals
      3112         48        528         20       2900      61378   ELF Image Totals
      3112         48        528         20          0          0   ROM Totals

==============================================================================

    Total RO  Size (Code + RO Data)                 3640 (   3.55kB)
    Total RW  Size (RW Data + ZI Data)              2920 (   2.85kB)
    Total ROM Size (Code + RO Data + RW Data)       3660 (   3.57kB)

==============================================================================

