Component: Arm Compiler for Embedded 6.24 Tool: armlink [5f371500]

==============================================================================

Section Cross References

    demo_main.o(.text.main) refers to timer_delay.o(.text.TIM2_Init_1ms) for TIM2_Init_1ms
    demo_main.o(.text.main) refers to system_stm32f4xx.o(.text.SystemCoreClockUpdate) for SystemCoreClockUpdate
    demo_main.o(.text.main) refers to i2c1_bus.o(.text.I2C1_Init) for I2C1_Init
    demo_main.o(.text.main) refers to oled.o(.text.OLED_Init) for OLED_Init
    demo_main.o(.text.main) refers to timer_delay.o(.text.DWT_Delay_Init) for DWT_Delay_Init
    demo_main.o(.text.main) refers to my_ds18s20.o(.text.OneWire_Init) for OneWire_Init
    demo_main.o(.text.main) refers to buttons.o(.text.Buttons_Init) for Buttons_Init
    demo_main.o(.text.main) refers to lcd.o(.text.lcd_init) for lcd_init
    demo_main.o(.text.main) refers to mpu6500.o(.text.MPU6500_Init) for MPU6500_Init
    demo_main.o(.text.main) refers to timer_delay.o(.text.delayMs) for delayMs
    demo_main.o(.text.main) refers to my_ds18s20.o(.text.DS18S20_StartConversion) for DS18S20_StartConversion
    demo_main.o(.text.main) refers to demo_main.o(.bss.main.app) for main.app
    demo_main.o(.text.main) refers to app_1.o(.text.App_Init) for App_Init
    demo_main.o(.text.main) refers to app_1.o(.text.App_Run) for App_Run
    demo_main.o(.ARM.exidx.text.main) refers to demo_main.o(.text.main) for [Anonymous Symbol]
    gpio.o(.text.gpio_toggle) refers to gpio.o(.text.gpio_get) for gpio_get
    gpio.o(.text.gpio_toggle) refers to gpio.o(.text.gpio_set) for gpio_set
    gpio.o(.ARM.exidx.text.gpio_toggle) refers to gpio.o(.text.gpio_toggle) for [Anonymous Symbol]
    gpio.o(.ARM.exidx.text.gpio_set) refers to gpio.o(.text.gpio_set) for [Anonymous Symbol]
    gpio.o(.ARM.exidx.text.gpio_get) refers to gpio.o(.text.gpio_get) for [Anonymous Symbol]
    gpio.o(.ARM.exidx.text.gpio_set_range) refers to gpio.o(.text.gpio_set_range) for [Anonymous Symbol]
    gpio.o(.ARM.exidx.text.gpio_get_range) refers to gpio.o(.text.gpio_get_range) for [Anonymous Symbol]
    gpio.o(.ARM.exidx.text.gpio_set_mode) refers to gpio.o(.text.gpio_set_mode) for [Anonymous Symbol]
    gpio.o(.ARM.exidx.text.gpio_set_trigger) refers to gpio.o(.text.gpio_set_trigger) for [Anonymous Symbol]
    gpio.o(.text.gpio_set_callback) refers to gpio.o(.bss.IRQ_status) for IRQ_status
    gpio.o(.text.gpio_set_callback) refers to gpio.o(.bss.IRQ_port_num) for IRQ_port_num
    gpio.o(.text.gpio_set_callback) refers to gpio.o(.bss.IRQ_pin_index) for IRQ_pin_index
    gpio.o(.text.gpio_set_callback) refers to gpio.o(.bss.EXTI_port_set) for EXTI_port_set
    gpio.o(.text.gpio_set_callback) refers to gpio.o(.bss.GPIO_callback) for GPIO_callback
    gpio.o(.text.gpio_set_callback) refers to gpio.o(.text.__NVIC_GetPriorityGrouping) for __NVIC_GetPriorityGrouping
    gpio.o(.text.gpio_set_callback) refers to gpio.o(.bss.prioritygroup) for prioritygroup
    gpio.o(.text.gpio_set_callback) refers to gpio.o(.text.NVIC_EncodePriority) for NVIC_EncodePriority
    gpio.o(.text.gpio_set_callback) refers to gpio.o(.bss.priority) for priority
    gpio.o(.text.gpio_set_callback) refers to gpio.o(.text.__NVIC_SetPriority) for __NVIC_SetPriority
    gpio.o(.text.gpio_set_callback) refers to gpio.o(.text.__NVIC_EnableIRQ) for __NVIC_EnableIRQ
    gpio.o(.ARM.exidx.text.gpio_set_callback) refers to gpio.o(.text.gpio_set_callback) for [Anonymous Symbol]
    gpio.o(.ARM.exidx.text.__NVIC_GetPriorityGrouping) refers to gpio.o(.text.__NVIC_GetPriorityGrouping) for [Anonymous Symbol]
    gpio.o(.ARM.exidx.text.NVIC_EncodePriority) refers to gpio.o(.text.NVIC_EncodePriority) for [Anonymous Symbol]
    gpio.o(.ARM.exidx.text.__NVIC_SetPriority) refers to gpio.o(.text.__NVIC_SetPriority) for [Anonymous Symbol]
    gpio.o(.ARM.exidx.text.__NVIC_EnableIRQ) refers to gpio.o(.text.__NVIC_EnableIRQ) for [Anonymous Symbol]
    gpio.o(.text.EXTI0_IRQHandler) refers to gpio.o(.bss.IRQ_port_num) for IRQ_port_num
    gpio.o(.text.EXTI0_IRQHandler) refers to gpio.o(.bss.IRQ_pin_index) for IRQ_pin_index
    gpio.o(.text.EXTI0_IRQHandler) refers to gpio.o(.bss.IRQ_status) for IRQ_status
    gpio.o(.text.EXTI0_IRQHandler) refers to gpio.o(.text.__NVIC_ClearPendingIRQ) for __NVIC_ClearPendingIRQ
    gpio.o(.text.EXTI0_IRQHandler) refers to gpio.o(.bss.GPIO_callback) for GPIO_callback
    gpio.o(.ARM.exidx.text.EXTI0_IRQHandler) refers to gpio.o(.text.EXTI0_IRQHandler) for [Anonymous Symbol]
    gpio.o(.ARM.exidx.text.__NVIC_ClearPendingIRQ) refers to gpio.o(.text.__NVIC_ClearPendingIRQ) for [Anonymous Symbol]
    gpio.o(.text.EXTI1_IRQHandler) refers to gpio.o(.bss.IRQ_port_num) for IRQ_port_num
    gpio.o(.text.EXTI1_IRQHandler) refers to gpio.o(.bss.IRQ_pin_index) for IRQ_pin_index
    gpio.o(.text.EXTI1_IRQHandler) refers to gpio.o(.bss.IRQ_status) for IRQ_status
[...]
    $v0                                      0x08000260   Number         0  startup_stm32f401xe.o(.text)
    .text                                    0x08000260   Section       64  startup_stm32f401xe.o(.text)
    .text                                    0x080002a0   Section       68  rt_memclr.o(.text)
    .text                                    0x080002e4   Section       78  rt_memclr_w.o(.text)
    .text                                    0x08000332   Section        0  heapauxi.o(.text)
    .text                                    0x08000338   Section        0  _rserrno.o(.text)
    .text                                    0x08000350   Section        8  rt_errno_addr_intlibspace.o(.text)
    .text                                    0x08000358   Section        8  libspace.o(.text)
    .text                                    0x08000360   Section       74  sys_stackheap_outer.o(.text)
    .text                                    0x080003aa   Section        0  exit.o(.text)
    .text                                    0x080003bc   Section        0  sys_exit.o(.text)
    .text                                    0x080003c8   Section        2  use_no_semi.o(.text)
    .text                                    0x080003ca   Section        0  indicate_semi.o(.text)
    [Anonymous Symbol]                       0x080003cc   Section        0  app_1.o(.text.App_Init)
    [Anonymous Symbol]                       0x08000498   Section        0  app_1.o(.text.App_Run)
    [Anonymous Symbol]                       0x08000f18   Section        0  buttons.o(.text.Button_AS_Pressed)
    [Anonymous Symbol]                       0x08000f30   Section        0  buttons.o(.text.Button_DOWN_Pressed)
    [Anonymous Symbol]                       0x08000f48   Section        0  buttons.o(.text.Button_Sharp_Pressed)
    [Anonymous Symbol]                       0x08000f60   Section        0  buttons.o(.text.Button_UP_Pressed)
    [Anonymous Symbol]                       0x08000f78   Section        0  buttons.o(.text.Buttons_Init)
    [Anonymous Symbol]                       0x08000fbc   Section        0  my_ds18s20.o(.text.DS18S20_ReadTemp_x10_Now)
    [Anonymous Symbol]                       0x08001028   Section        0  my_ds18s20.o(.text.DS18S20_StartConversion)
    [Anonymous Symbol]                       0x0800107c   Section        0  my_ds18s20.o(.text.DS18S20_Tick_1ms)
    [Anonymous Symbol]                       0x080010d4   Section        0  timer_delay.o(.text.DWT_Delay_Init)
    DrawCalibrateScreen                      0x080010f9   Thumb Code    94  app_1.o(.text.DrawCalibrateScreen)
    [Anonymous Symbol]                       0x080010f8   Section        0  app_1.o(.text.DrawCalibrateScreen)
    DrawDanger                               0x08001159   Thumb Code    56  snake_render_1.o(.text.DrawDanger)
    [Anonymous Symbol]                       0x08001158   Section        0  snake_render_1.o(.text.DrawDanger)
    DrawEnd                                  0x08001191   Thumb Code    56  snake_render_1.o(.text.DrawEnd)
    [Anonymous Symbol]                       0x08001190   Section        0  snake_render_1.o(.text.DrawEnd)
    DrawFood                                 0x080011c9   Thumb Code    56  snake_render_1.o(.text.DrawFood)
    [Anonymous Symbol]                       0x080011c8   Section        0  snake_render_1.o(.text.DrawFood)
    DrawGameOverScreen                       0x08001201   Thumb Code   156  app_1.o(.text.DrawGameOverScreen)
    [Anonymous Symbol]                       0x08001200   Section        0  app_1.o(.text.DrawGameOverScreen)
    DrawMainMenu                             0x0800129d   Thumb Code   144  app_1.o(.text.DrawMainMenu)
    [Anonymous Symbol]                       0x0800129c   Section        0  app_1.o(.text.DrawMainMenu)
    DrawMenuSelection                        0x0800132d   Thumb Code    70  app_1.o(.text.DrawMenuSelection)
    [Anonymous Symbol]                       0x0800132c   Section        0  app_1.o(.text.DrawMenuSelection)
    DrawPauseScreen                          0x08001375   Thumb Code    74  app_1.o(.text.DrawPauseScreen)
    [Anonymous Symbol]                       0x08001374   Section        0  app_1.o(.text.DrawPauseScreen)
    DrawSnakeBody                            0x080013c1   Thumb Code    56  snake_render_1.o(.text.DrawSnakeBody)
    [Anonymous Symbol]                       0x080013c0   Section        0  snake_render_1.o(.text.DrawSnakeBody)
    DrawSnakeHead                            0x080013f9   Thumb Code    56  snake_render_1.o(.text.DrawSnakeHead)
    [Anonymous Symbol]                       0x080013f8   Section        0  snake_render_1.o(.text.DrawSnakeHead)
    DrawWall                                 0x08001431   Thumb Code    56  snake_render_1.o(.text.DrawWall)
    [Anonymous Symbol]                       0x08001430   Section        0  snake_render_1.o(.text.DrawWall)
    [Anonymous Symbol]                       0x08001468   Section        0  gpio.o(.text.EXTI0_IRQHandler)
    [Anonymous Symbol]                       0x080014ec   Section        0  gpio.o(.text.EXTI15_10_IRQHandler)
    [Anonymous Symbol]                       0x08001570   Section        0  gpio.o(.text.EXTI1_IRQHandler)
    [Anonymous Symbol]                       0x080015f4   Section        0  gpio.o(.text.EXTI2_IRQHandler)
    [Anonymous Symbol]                       0x08001678   Section        0  gpio.o(.text.EXTI3_IRQHandler)
    [Anonymous Symbol]                       0x080016fc   Section        0  gpio.o(.text.EXTI4_IRQHandler)
    [Anonymous Symbol]                       0x08001780   Section        0  gpio.o(.text.EXTI9_5_IRQHandler)
    FB_Flush                                 0x08001805   Thumb Code   332  snake_render_1.o(.text.FB_Flush)
    [Anonymous Symbol]                       0x08001804   Section        0  snake_render_1.o(.text.FB_Flush)
    FB_Write                                 0x08001951   Thumb Code   104  snake_render_1.o(.text.FB_Write)
    [Anonymous Symbol]                       0x08001950   Section        0  snake_render_1.o(.text.FB_Write)
    [Anonymous Symbol]                       0x080019b8   Section        0  gesture_1.o(.text.Gesture_Calibrate)
    [Anonymous Symbol]                       0x08001a2c   Section        0  gesture_1.o(.text.Gesture_ComputePitch)
    [Anonymous Symbol]                       0x08001ab8   Section        0  gesture_1.o(.text.Gesture_ComputeRoll)
    [Anonymous Symbol]                       0x08001af0   Section        0  gesture_1.o(.text.Gesture_Init)
    [Anonymous Symbol]                       0x08001b2c   Section        0  gesture_1.o(.text.Gesture_Update)
    [Anonymous Symbol]                       0x08001d94   Section        0  i2c1_bus.o(.text.I2C1_Init)
    [Anonymous Symbol]                       0x08001e64   Section        0  i2c1_bus.o(.text.I2C1_ReadRegister)
    [Anonymous Symbol]                       0x08001fb4   Section        0  i2c1_bus.o(.text.I2C1_WriteControlData)
    [Anonymous Symbol]                       0x080020a4   Section        0  i2c1_bus.o(.text.I2C1_WriteRegister)
    IsCellOccupiedByItem                     0x08002195   Thumb Code   148  snake_game_1.o(.text.IsCellOccupiedByItem)
    [Anonymous Symbol]                       0x08002194   Section        0  snake_game_1.o(.text.IsCellOccupiedByItem)
    IsCellOccupiedBySnake                    0x08002229   Thumb Code   114  snake_game_1.o(.text.IsCellOccupiedBySnake)
    [Anonymous Symbol]                       0x08002228   Section        0  snake_game_1.o(.text.IsCellOccupiedBySnake)
    LCD_PrintTemp                            0x0800229d   Thumb Code   130  app_1.o(.text.LCD_PrintTemp)
    [Anonymous Symbol]                       0x0800229c   Section        0  app_1.o(.text.LCD_PrintTemp)
    [Anonymous Symbol]                       0x08002320   Section        0  mpu6500.o(.text.MPU6500_Init)
    [Anonymous Symbol]                       0x08002330   Section        0  mpu6500.o(.text.MPU6500_Read16)
    [Anonymous Symbol]                       0x08002370   Section        0  mpu6500.o(.text.MPU6500_ReadAccelRaw)
    [Anonymous Symbol]                       0x0800239c   Section        0  mpu6500.o(.text.MPU6500_ReadGyroRaw)
    [Anonymous Symbol]                       0x080023c8   Section        0  mpu6500.o(.text.MPU6500_ReadWhoAmI)
    [Anonymous Symbol]                       0x080023d4   Section        0  oled.o(.text.OLED_Clear)
    [Anonymous Symbol]                       0x08002430   Section        0  oled.o(.text.OLED_Command)
    [Anonymous Symbol]                       0x08002448   Section        0  oled.o(.text.OLED_Data)
    [Anonymous Symbol]                       0x08002460   Section        0  oled.o(.text.OLED_Init)
    [Anonymous Symbol]                       0x0800251c   Section        0  oled.o(.text.OLED_PrintChar)
    [Anonymous Symbol]                       0x08002550   Section        0  oled.o(.text.OLED_PrintCharASCII)
    [Anonymous Symbol]                       0x080025b8   Section        0  oled.o(.text.OLED_PrintString)
    [Anonymous Symbol]                       0x080025dc   Section        0  oled.o(.text.OLED_SetCursor)
    [Anonymous Symbol]                       0x08002610   Section        0  my_ds18s20.o(.text.OneWire_Init)
    PlaceObstacles                           0x08002645   Thumb Code   168  snake_game_1.o(.text.PlaceObstacles)
    [Anonymous Symbol]                       0x08002644   Section        0  snake_game_1.o(.text.PlaceObstacles)
    ProcessPlayingButtons                    0x080026ed   Thumb Code   114  app_1.o(.text.ProcessPlayingButtons)
    [Anonymous Symbol]                       0x080026ec   Section        0  app_1.o(.text.ProcessPlayingButtons)
    ProcessPlayingTilt                       0x08002761   Thumb Code    66  app_1.o(.text.ProcessPlayingTilt)
    [Anonymous Symbol]                       0x08002760   Section        0  app_1.o(.text.ProcessPlayingTilt)
    ReadButtonPresses                        0x080027a5   Thumb Code   210  app_1.o(.text.ReadButtonPresses)
    [Anonymous Symbol]                       0x080027a4   Section        0  app_1.o(.text.ReadButtonPresses)
    ReadButtonsHeld                          0x08002879   Thumb Code   106  app_1.o(.text.ReadButtonsHeld)
    [Anonymous Symbol]                       0x08002878   Section        0  app_1.o(.text.ReadButtonsHeld)
    ReadMPU                                  0x080028e5   Thumb Code    46  app_1.o(.text.ReadMPU)
    [Anonymous Symbol]                       0x080028e4   Section        0  app_1.o(.text.ReadMPU)
    ReadTemperature                          0x08002915   Thumb Code    56  app_1.o(.text.ReadTemperature)
    [Anonymous Symbol]                       0x08002914   Section        0  app_1.o(.text.ReadTemperature)
    [Anonymous Symbol]                       0x0800294c   Section        0  snake_game_1.o(.text.SnakeGame_GetSpeedMs)
    [Anonymous Symbol]                       0x0800298c   Section        0  snake_game_1.o(.text.SnakeGame_Init)
    [Anonymous Symbol]                       0x08002a44   Section        0  snake_game_1.o(.text.SnakeGame_IsObstacle)
    [Anonymous Symbol]                       0x08002ad4   Section        0  snake_game_1.o(.text.SnakeGame_IsPlayable)
    [Anonymous Symbol]                       0x08002b20   Section        0  snake_game_1.o(.text.SnakeGame_PlaceDanger)
    [Anonymous Symbol]                       0x08002c78   Section        0  snake_game_1.o(.text.SnakeGame_PlaceEnd)
    [Anonymous Symbol]                       0x08002dd0   Section        0  snake_game_1.o(.text.SnakeGame_PlaceFood)
    [Anonymous Symbol]                       0x08002f84   Section        0  snake_game_1.o(.text.SnakeGame_SetDirection)
    [Anonymous Symbol]                       0x08002ff8   Section        0  snake_game_1.o(.text.SnakeGame_Update)
    [Anonymous Symbol]                       0x0800327c   Section        0  snake_game_1.o(.text.SnakeGame_UpdateLevel)
    [Anonymous Symbol]                       0x080032bc   Section        0  snake_render_1.o(.text.SnakeRender_Draw)
    [Anonymous Symbol]                       0x080033ac   Section        0  snake_render_1.o(.text.SnakeRender_DrawBorder)
    [Anonymous Symbol]                       0x0800341c   Section        0  snake_render_1.o(.text.SnakeRender_Init)
    [Anonymous Symbol]                       0x08003444   Section        0  snake_render_1.o(.text.SnakeRender_Reset)
    [Anonymous Symbol]                       0x08003458   Section        0  timer.o(.text.SysTick_Handler)
    [Anonymous Symbol]                       0x08003468   Section        0  system_stm32f4xx.o(.text.SystemCoreClockUpdate)
    [Anonymous Symbol]                       0x08003598   Section        0  system_stm32f4xx.o(.text.SystemInit)
    [Anonymous Symbol]                       0x080035b8   Section        0  timer_delay.o(.text.TIM2_IRQHandler)
    [Anonymous Symbol]                       0x080035ec   Section        0  timer_delay.o(.text.TIM2_Init_1ms)
    [Anonymous Symbol]                       0x08003664   Section        0  uart.o(.text.USART2_IRQHandler)
    [Anonymous Symbol]                       0x0800369c   Section        0  stm32f4xx_usart.o(.text.USART_GetFlagStatus)
    [Anonymous Symbol]                       0x080036e0   Section        0  stm32f4xx_usart.o(.text.USART_ReceiveData)
    UpdateLCD                                0x080036f1   Thumb Code   430  app_1.o(.text.UpdateLCD)
    [Anonymous Symbol]                       0x080036f0   Section        0  app_1.o(.text.UpdateLCD)
    __NVIC_ClearPendingIRQ                   0x080038a1   Thumb Code    48  gpio.o(.text.__NVIC_ClearPendingIRQ)
    [Anonymous Symbol]                       0x080038a0   Section        0  gpio.o(.text.__NVIC_ClearPendingIRQ)
    __NVIC_ClearPendingIRQ                   0x080038d1   Thumb Code    48  uart.o(.text.__NVIC_ClearPendingIRQ)
    [Anonymous Symbol]                       0x080038d0   Section        0  uart.o(.text.__NVIC_ClearPendingIRQ)
    __NVIC_EnableIRQ                         0x08003901   Thumb Code    48  timer_delay.o(.text.__NVIC_EnableIRQ)
    [Anonymous Symbol]                       0x08003900   Section        0  timer_delay.o(.text.__NVIC_EnableIRQ)
    __NVIC_SetPriority                       0x08003931   Thumb Code    66  timer_delay.o(.text.__NVIC_SetPriority)
    [Anonymous Symbol]                       0x08003930   Section        0  timer_delay.o(.text.__NVIC_SetPriority)
    [Anonymous Symbol]                       0x08003974   Section        0  timer_delay.o(.text.delayMs)
    [Anonymous Symbol]                       0x080039a4   Section        0  delay.o(.text.delay_cycles)
    [Anonymous Symbol]                       0x080039b0   Section        0  delay.o(.text.delay_ms)
    [Anonymous Symbol]                       0x08003a08   Section        0  delay.o(.text.delay_us)
    [Anonymous Symbol]                       0x08003a64   Section        0  gpio.o(.text.gpio_set)
    [Anonymous Symbol]                       0x08003a9c   Section        0  gpio.o(.text.gpio_set_mode)
    [Anonymous Symbol]                       0x08003be0   Section        0  utils_1.o(.text.intToStr)
    [Anonymous Symbol]                       0x08003cc4   Section        0  lcd.o(.text.lcd_init)
    [Anonymous Symbol]                       0x08003d84   Section        0  lcd.o(.text.lcd_print)
    [Anonymous Symbol]                       0x08003dcc   Section        0  lcd.o(.text.lcd_put_char)
    [Anonymous Symbol]                       0x08003e64   Section        0  lcd.o(.text.lcd_set_cursor)
    [Anonymous Symbol]                       0x08003e84   Section        0  lcd.o(.text.lcd_write_cmd)
    [Anonymous Symbol]                       0x08003f18   Section        0  demo_main.o(.text.main)
    ow_delay_us                              0x08003f81   Thumb Code   138  my_ds18s20.o(.text.ow_delay_us)
    [Anonymous Symbol]                       0x08003f80   Section        0  my_ds18s20.o(.text.ow_delay_us)
    ow_pin_input                             0x0800400d   Thumb Code    30  my_ds18s20.o(.text.ow_pin_input)
    [Anonymous Symbol]                       0x0800400c   Section        0  my_ds18s20.o(.text.ow_pin_input)
    ow_pin_output_low                        0x0800402d   Thumb Code    50  my_ds18s20.o(.text.ow_pin_output_low)
    [Anonymous Symbol]                       0x0800402c   Section        0  my_ds18s20.o(.text.ow_pin_output_low)
    ow_read_bit                              0x08004061   Thumb Code    54  my_ds18s20.o(.text.ow_read_bit)
    [Anonymous Symbol]                       0x08004060   Section        0  my_ds18s20.o(.text.ow_read_bit)
    ow_read_byte                             0x08004099   Thumb Code    80  my_ds18s20.o(.text.ow_read_byte)
    [Anonymous Symbol]                       0x08004098   Section        0  my_ds18s20.o(.text.ow_read_byte)
    ow_reset                                 0x080040e9   Thumb Code    60  my_ds18s20.o(.text.ow_reset)
    [Anonymous Symbol]                       0x080040e8   Section        0  my_ds18s20.o(.text.ow_reset)
    ow_write_bit                             0x08004125   Thumb Code    64  my_ds18s20.o(.text.ow_write_bit)
    [Anonymous Symbol]                       0x08004124   Section        0  my_ds18s20.o(.text.ow_write_bit)
    ow_write_byte                            0x08004165   Thumb Code    66  my_ds18s20.o(.text.ow_write_byte)
    [Anonymous Symbol]                       0x08004164   Section        0  my_ds18s20.o(.text.ow_write_byte)
    simple_random                            0x080041a9   Thumb Code    38  snake_game_1.o(.text.simple_random)
    [Anonymous Symbol]                       0x080041a8   Section        0  snake_game_1.o(.text.simple_random)
    [Anonymous Symbol]                       0x080041d0   Section        0  uart.o(.text.uart_rx)
    i.__ARM_fpclassifyf                      0x08004202   Section        0  fpclassifyf.o(i.__ARM_fpclassifyf)
    i.__hardfp_atan2f                        0x08004228   Section        0  atan2f.o(i.__hardfp_atan2f)
    i.__hardfp_sqrtf                         0x080044d4   Section        0  sqrtf.o(i.__hardfp_sqrtf)
    i.__mathlib_flt_infnan2                  0x0800450e   Section        0  funder.o(i.__mathlib_flt_infnan2)
    i.__mathlib_flt_underflow                0x08004514   Section        0  funder.o(i.__mathlib_flt_underflow)
    $v0                                      0x08004524   Number         0  fpinit.o(x$fpl$fpinit)
    x$fpl$fpinit                             0x08004524   Section       26  fpinit.o(x$fpl$fpinit)
    x$fpl$usenofp                            0x0800453e   Section        0  usenofp.o(x$fpl$usenofp)
    __tagsym$$used.0                         0x08004550   Number         0  eventrecorder.o(.rodata.EventRecorderInfo)
    P_DANGER_EVEN                            0x08004743   Data           4  snake_render_1.o(.rodata.P_DANGER_EVEN)
    [Anonymous Symbol]                       0x08004743   Section        0  snake_render_1.o(.rodata.P_DANGER_EVEN)
    P_DANGER_ODD                             0x08004747   Data           4  snake_render_1.o(.rodata.P_DANGER_ODD)
    [Anonymous Symbol]                       0x08004747   Section        0  snake_render_1.o(.rodata.P_DANGER_ODD)
    P_END_EVEN                               0x0800474b   Data           4  snake_render_1.o(.rodata.P_END_EVEN)
    [Anonymous Symbol]                       0x0800474b   Section        0  snake_render_1.o(.rodata.P_END_EVEN)
    P_END_ODD                                0x0800474f   Data           4  snake_render_1.o(.rodata.P_END_ODD)
    [Anonymous Symbol]                       0x0800474f   Section        0  snake_render_1.o(.rodata.P_END_ODD)
    P_FOOD_EVEN                              0x08004753   Data           4  snake_render_1.o(.rodata.P_FOOD_EVEN)
    [Anonymous Symbol]                       0x08004753   Section        0  snake_render_1.o(.rodata.P_FOOD_EVEN)
    P_FOOD_ODD                               0x08004757   Data           4  snake_render_1.o(.rodata.P_FOOD_ODD)
    [Anonymous Symbol]                       0x08004757   Section        0  snake_render_1.o(.rodata.P_FOOD_ODD)
    P_HEAD_EVEN                              0x0800475b   Data           4  snake_render_1.o(.rodata.P_HEAD_EVEN)
    [Anonymous Symbol]                       0x0800475b   Section        0  snake_render_1.o(.rodata.P_HEAD_EVEN)
    P_HEAD_ODD                               0x0800475f   Data           4  snake_render_1.o(.rodata.P_HEAD_ODD)
    [Anonymous Symbol]                       0x0800475f   Section        0  snake_render_1.o(.rodata.P_HEAD_ODD)
    P_SNAKE_EVEN                             0x08004763   Data           4  snake_render_1.o(.rodata.P_SNAKE_EVEN)
    [Anonymous Symbol]                       0x08004763   Section        0  snake_render_1.o(.rodata.P_SNAKE_EVEN)
    P_SNAKE_ODD                              0x08004767   Data           4  snake_render_1.o(.rodata.P_SNAKE_ODD)
    [Anonymous Symbol]                       0x08004767   Section        0  snake_render_1.o(.rodata.P_SNAKE_ODD)
    P_WALL_EVEN                              0x0800476b   Data           4  snake_render_1.o(.rodata.P_WALL_EVEN)
    [Anonymous Symbol]                       0x0800476b   Section        0  snake_render_1.o(.rodata.P_WALL_EVEN)
    P_WALL_ODD                               0x0800476f   Data           4  snake_render_1.o(.rodata.P_WALL_ODD)
    [Anonymous Symbol]                       0x0800476f   Section        0  snake_render_1.o(.rodata.P_WALL_ODD)
    .L.str.29                                0x08004778   Data          17  app_1.o(.rodata.str1.1)
    [Anonymous Symbol]                       0x08004778   Section        0  app_1.o(.rodata.str1.1)
    .L.str.31                                0x08004789   Data          17  app_1.o(.rodata.str1.1)
    .L.str.25                                0x08004795   Data           5  app_1.o(.rodata.str1.1)
    .L.str.11                                0x08004796   Data           4  app_1.o(.rodata.str1.1)
    .L.str.26                                0x0800479a   Data          17  app_1.o(.rodata.str1.1)
    .L.str.48                                0x080047ab   Data           8  app_1.o(.rodata.str1.1)
    .L.str.4                                 0x080047b3   Data           6  app_1.o(.rodata.str1.1)
    .L.str.28                                0x080047b6   Data           3  app_1.o(.rodata.str1.1)
    .L.str.47                                0x080047b9   Data           8  app_1.o(.rodata.str1.1)
    .L.str.5                                 0x080047c1   Data           7  app_1.o(.rodata.str1.1)
    .L.str.6                                 0x080047c8   Data           7  app_1.o(.rodata.str1.1)
    .L.str.7                                 0x080047cf   Data           7  app_1.o(.rodata.str1.1)
    .L.str.8                                 0x080047d6   Data           7  app_1.o(.rodata.str1.1)
    .L.str                                   0x080047dd   Data           7  app_1.o(.rodata.str1.1)
    .L.str.38                                0x080047e2   Data           2  app_1.o(.rodata.str1.1)
    .L.str.12                                0x080047e4   Data          12  app_1.o(.rodata.str1.1)
    .L.str.33                                0x080047f0   Data          18  app_1.o(.rodata.str1.1)
    .L.str.34                                0x08004802   Data          15  app_1.o(.rodata.str1.1)
    .L.str.2                                 0x08004811   Data           2  app_1.o(.rodata.str1.1)
    .L.str.23                                0x08004864   Data           3  app_1.o(.rodata.str1.1)
    .L.str.27                                0x08004867   Data           4  app_1.o(.rodata.str1.1)
    .L.str.10                                0x0800486b   Data           4  app_1.o(.rodata.str1.1)
    .L.str.9                                 0x0800486f   Data           3  app_1.o(.rodata.str1.1)
    .L.str.30                                0x08004872   Data          12  app_1.o(.rodata.str1.1)
    .L.str.24                                0x0800487a   Data           4  app_1.o(.rodata.str1.1)
    .L.str.1                                 0x0800487e   Data          13  app_1.o(.rodata.str1.1)
    .L.str.43                                0x0800488b   Data          15  app_1.o(.rodata.str1.1)
    .L.str.32                                0x0800489a   Data          19  app_1.o(.rodata.str1.1)
    .L.str.46                                0x080048ad   Data          18  app_1.o(.rodata.str1.1)
    .L.str.37                                0x080048bf   Data           2  app_1.o(.rodata.str1.1)
    .L.str.3                                 0x080048c1   Data           2  app_1.o(.rodata.str1.1)
    .L.str.39                                0x080048c3   Data          14  app_1.o(.rodata.str1.1)
    .L.str.35                                0x080048d1   Data          16  app_1.o(.rodata.str1.1)
    .L.str.13                                0x080048e1   Data          17  app_1.o(.rodata.str1.1)
    .L.str.44                                0x080048f2   Data          11  app_1.o(.rodata.str1.1)
    .L.str.36                                0x080048fd   Data          17  app_1.o(.rodata.str1.1)
    .L.str.42                                0x0800490e   Data          19  app_1.o(.rodata.str1.1)
    .L.str.41                                0x08004921   Data          17  app_1.o(.rodata.str1.1)
    .L.str.40                                0x08004932   Data          17  app_1.o(.rodata.str1.1)
    .L.str.49                                0x08004943   Data          12  app_1.o(.rodata.str1.1)
    .L.str.45                                0x0800494f   Data           9  app_1.o(.rodata.str1.1)
    App_Run.startup_stage_drawn              0x20000000   Data           1  app_1.o(.data.App_Run.startup_stage_drawn)
    [Anonymous Symbol]                       0x20000000   Section        0  app_1.o(.data.App_Run.startup_stage_drawn)
    member_bupt_ids                          0x20000018   Data          12  app_1.o(.data.member_bupt_ids)
    [Anonymous Symbol]                       0x20000018   Section        0  app_1.o(.data.member_bupt_ids)
    member_names                             0x20000024   Data          12  app_1.o(.data.member_names)
    [Anonymous Symbol]                       0x20000024   Section        0  app_1.o(.data.member_names)
    member_qm_ids                            0x20000030   Data          12  app_1.o(.data.member_qm_ids)
    [Anonymous Symbol]                       0x20000030   Section        0  app_1.o(.data.member_qm_ids)
    .bss                                     0x20000040   Section       96  libspace.o(.bss)
    App_Run.k4_press_start                   0x200000a0   Data           4  app_1.o(.bss.App_Run.k4_press_start)
    [Anonymous Symbol]                       0x200000a0   Section        0  app_1.o(.bss.App_Run.k4_press_start)
    App_Run.k4_was_held                      0x200000a4   Data           1  app_1.o(.bss.App_Run.k4_was_held)
    [Anonymous Symbol]                       0x200000a4   Section        0  app_1.o(.bss.App_Run.k4_was_held)
    App_Run.prev_k1                          0x200000a5   Data           1  app_1.o(.bss.App_Run.prev_k1)
    [Anonymous Symbol]                       0x200000a5   Section        0  app_1.o(.bss.App_Run.prev_k1)
    App_Run.prev_k2                          0x200000a6   Data           1  app_1.o(.bss.App_Run.prev_k2)
    [Anonymous Symbol]                       0x200000a6   Section        0  app_1.o(.bss.App_Run.prev_k2)
    App_Run.prev_k3                          0x200000a7   Data           1  app_1.o(.bss.App_Run.prev_k3)
    [Anonymous Symbol]                       0x200000a7   Section        0  app_1.o(.bss.App_Run.prev_k3)
    App_Run.prev_k4                          0x200000a8   Data           1  app_1.o(.bss.App_Run.prev_k4)
    [Anonymous Symbol]                       0x200000a8   Section        0  app_1.o(.bss.App_Run.prev_k4)
    GPIO_callback                            0x200000ac   Data           4  gpio.o(.bss.GPIO_callback)
    [Anonymous Symbol]                       0x200000ac   Section        0  gpio.o(.bss.GPIO_callback)
    UART_callback                            0x200000bc   Data           4  uart.o(.bss.UART_callback)
    [Anonymous Symbol]                       0x200000bc   Section        0  uart.o(.bss.UART_callback)
    ds18_busy                                0x200000c4   Data           1  my_ds18s20.o(.bss.ds18_busy)
    [Anonymous Symbol]                       0x200000c4   Section        0  my_ds18s20.o(.bss.ds18_busy)
    ds18_timer                               0x200000cc   Data           2  my_ds18s20.o(.bss.ds18_timer)
    [Anonymous Symbol]                       0x200000cc   Section        0  my_ds18s20.o(.bss.ds18_timer)
    fb                                       0x200000ce   Data        1024  snake_render_1.o(.bss.fb)
    [Anonymous Symbol]                       0x200000ce   Section        0  snake_render_1.o(.bss.fb)
    fb_last                                  0x200004ce   Data        1024  snake_render_1.o(.bss.fb_last)
    [Anonymous Symbol]                       0x200004ce   Section        0  snake_render_1.o(.bss.fb_last)
    main.app                                 0x200008d0   Data         384  demo_main.o(.bss.main.app)
    [Anonymous Symbol]                       0x200008d0   Section        0  demo_main.o(.bss.main.app)
    EventBuffer                              0x20000a80   Data        1024  eventrecorder.o(.bss.noinit)
    [Anonymous Symbol]                       0x20000a80   Section        0  eventrecorder.o(.bss.noinit)
    EventFilter                              0x20000e80   Data         128  eventrecorder.o(.bss.noinit)
    EventStatus                              0x20000f00   Data          36  eventrecorder.o(.bss.noinit)
    timer_callback                           0x20000f24   Data           4  timer.o(.bss.timer_callback)
    [Anonymous Symbol]                       0x20000f24   Section        0  timer.o(.bss.timer_callback)
    Heap_Mem                                 0x20000f28   Data         512  startup_stm32f401xe.o(HEAP)
    HEAP                                     0x20000f28   Section      512  startup_stm32f401xe.o(HEAP)
    Stack_Mem                                0x20001128   Data        1024  startup_stm32f401xe.o(STACK)
    STACK                                    0x20001128   Section     1024  startup_stm32f401xe.o(STACK)
    __initial_sp                             0x20001528   Data           0  startup_stm32f401xe.o(STACK)

    Global Symbols

    Symbol Name                              Value     Ov Type        Size  Object(Section)

    BuildAttributes$$THM_ISAv4$E$P$D$K$B$S$7EM$VFPi3$EXTD16$VFPS$VFMA$PE$A:L22UL41UL21$X:L11$S22US41US21$IEEE1$IW$~IW$USESV6$~STKCKD$USESV7$~SHL$OTIME$ROPI$IEEEX$EBA8$UX$STANDARDLIB$REQ8$PRES8$EABIv2 0x00000000   Number         0  anon$$obj.o ABSOLUTE
    __ARM_exceptions_init                     - Undefined Weak Reference
    __alloca_initialize                       - Undefined Weak Reference
    __arm_preinit_                            - Undefined Weak Reference
    __arm_relocate_pie_                       - Undefined Weak Reference
    __cpp_initialize__aeabi_                  - Undefined Weak Reference
    __cxa_finalize                            - Undefined Weak Reference
    __rt_locale                               - Undefined Weak Reference
    __sigvec_lookup                           - Undefined Weak Reference
    _atexit_init                              - Undefined Weak Reference
    _call_atexit_fns                          - Undefined Weak Reference
    _clock_init                               - Undefined Weak Reference
    _fp_trap_init                             - Undefined Weak Reference
    _fp_trap_shutdown                         - Undefined Weak Reference
    _get_lc_collate                           - Undefined Weak Reference
    _get_lc_ctype                             - Undefined Weak Reference
    _get_lc_monetary                          - Undefined Weak Reference
    _get_lc_numeric                           - Undefined Weak Reference
    _get_lc_time                              - Undefined Weak Reference
    _getenv_init                              - Undefined Weak Reference
    _handle_redirection                       - Undefined Weak Reference
    _init_alloc                               - Undefined Weak Reference
    _init_user_alloc                          - Undefined Weak Reference
    _initio                                   - Undefined Weak Reference
    _rand_init                                - Undefined Weak Reference
    _signal_finish                            - Undefined Weak Reference
    _signal_init                              - Undefined Weak Reference
    _terminate_alloc                          - Undefined Weak Reference
    _terminate_user_alloc                     - Undefined Weak Reference
    _terminateio                              - Undefined Weak Reference
    __Vectors_Size                           0x00000194   Number         0  startup_stm32f401xe.o ABSOLUTE
    __Vectors                                0x08000000   Data           4  startup_stm32f401xe.o(RESET)
    __Vectors_End                            0x08000194   Data           0  startup_stm32f401xe.o(RESET)
    __main                                   0x08000195   Thumb Code     8  __main.o(!!!main)
    __scatterload                            0x0800019d   Thumb Code     0  __scatter.o(!!!scatter)
    __scatterload_rt2                        0x0800019d   Thumb Code    84  __scatter.o(!!!scatter)
    __scatterload_rt2_thumb_only             0x0800019d   Thumb Code     0  __scatter.o(!!!scatter)
    __scatterload_loop                       0x080001a7   Thumb Code     0  __scatter.o(!!!scatter)
    __scatterload_copy                       0x080001f9   Thumb Code    26  __scatter_copy.o(!!handler_copy)
    __scatterload_null                       0x08000215   Thumb Code     2  __scatter.o(!!handler_null)
    __scatterload_zeroinit                   0x08000219   Thumb Code    28  __scatter_zi.o(!!handler_zi)
    __rt_lib_init                            0x08000235   Thumb Code     0  libinit.o(.ARM.Collect$$libinit$$00000000)
    __rt_lib_init_fp_1                       0x08000237   Thumb Code     0  libinit2.o(.ARM.Collect$$libinit$$00000001)
    __rt_lib_init_alloca_1                   0x0800023b   Thumb Code     0  libinit2.o(.ARM.Collect$$libinit$$00000030)
    __rt_lib_init_argv_1                     0x0800023b   Thumb Code     0  libinit2.o(.ARM.Collect$$libinit$$0000002E)
    __rt_lib_init_atexit_1                   0x0800023b   Thumb Code     0  libinit2.o(.ARM.Collect$$libinit$$0000001D)
    __rt_lib_init_clock_1                    0x0800023b   Thumb Code     0  libinit2.o(.ARM.Collect$$libinit$$00000023)
    __rt_lib_init_cpp_1                      0x0800023b   Thumb Code     0  libinit2.o(.ARM.Collect$$libinit$$00000034)
    __rt_lib_init_exceptions_1               0x0800023b   Thumb Code     0  libinit2.o(.ARM.Collect$$libinit$$00000032)
    __rt_lib_init_fp_trap_1                  0x0800023b   Thumb Code     0  libinit2.o(.ARM.Collect$$libinit$$00000021)
    __rt_lib_init_getenv_1                   0x0800023b   Thumb Code     0  libinit2.o(.ARM.Collect$$libinit$$00000025)
    __rt_lib_init_heap_1                     0x0800023b   Thumb Code     0  libinit2.o(.ARM.Collect$$libinit$$0000000C)
    __rt_lib_init_lc_collate_1               0x0800023b   Thumb Code     0  libinit2.o(.ARM.Collect$$libinit$$00000013)
    __rt_lib_init_lc_ctype_1                 0x0800023b   Thumb Code     0  libinit2.o(.ARM.Collect$$libinit$$00000015)
    __rt_lib_init_lc_monetary_1              0x0800023b   Thumb Code     0  libinit2.o(.ARM.Collect$$libinit$$00000017)
    __rt_lib_init_lc_numeric_1               0x0800023b   Thumb Code     0  libinit2.o(.ARM.Collect$$libinit$$00000019)
    __rt_lib_init_lc_time_1                  0x0800023b   Thumb Code     0  libinit2.o(.ARM.Collect$$libinit$$0000001B)
    __rt_lib_init_preinit_1                  0x0800023b   Thumb Code     0  libinit2.o(.ARM.Collect$$libinit$$00000006)
    __rt_lib_init_rand_1                     0x0800023b   Thumb Code     0  libinit2.o(.ARM.Collect$$libinit$$00000010)
    __rt_lib_init_relocate_pie_1             0x0800023b   Thumb Code     0  libinit2.o(.ARM.Collect$$libinit$$00000004)
    __rt_lib_init_return                     0x0800023b   Thumb Code     0  libinit2.o(.ARM.Collect$$libinit$$00000035)
    __rt_lib_init_signal_1                   0x0800023b   Thumb Code     0  libinit2.o(.ARM.Collect$$libinit$$0000001F)
    __rt_lib_init_stdio_1                    0x0800023b   Thumb Code     0  libinit2.o(.ARM.Collect$$libinit$$00000027)
    __rt_lib_init_user_alloc_1               0x0800023b   Thumb Code     0  libinit2.o(.ARM.Collect$$libinit$$0000000E)
    __rt_lib_shutdown                        0x0800023d   Thumb Code     0  libshutdown.o(.ARM.Collect$$libshutdown$$00000000)
    __rt_lib_shutdown_cpp_1                  0x0800023f   Thumb Code     0  libshutdown2.o(.ARM.Collect$$libshutdown$$00000002)
    __rt_lib_shutdown_fp_trap_1              0x0800023f   Thumb Code     0  libshutdown2.o(.ARM.Collect$$libshutdown$$00000007)
    __rt_lib_shutdown_heap_1                 0x0800023f   Thumb Code     0  libshutdown2.o(.ARM.Collect$$libshutdown$$0000000F)
    __rt_lib_shutdown_return                 0x0800023f   Thumb Code     0  libshutdown2.o(.ARM.Collect$$libshutdown$$00000010)
    __rt_lib_shutdown_signal_1               0x0800023f   Thumb Code     0  libshutdown2.o(.ARM.Collect$$libshutdown$$0000000A)
    __rt_lib_shutdown_stdio_1                0x0800023f   Thumb Code     0  libshutdown2.o(.ARM.Collect$$libshutdown$$00000004)
    __rt_lib_shutdown_user_alloc_1           0x0800023f   Thumb Code     0  libshutdown2.o(.ARM.Collect$$libshutdown$$0000000C)
    __rt_entry                               0x08000241   Thumb Code     0  __rtentry.o(.ARM.Collect$$rtentry$$00000000)
    __rt_entry_presh_1                       0x08000241   Thumb Code     0  __rtentry2.o(.ARM.Collect$$rtentry$$00000002)
    __rt_entry_sh                            0x08000241   Thumb Code     0  __rtentry4.o(.ARM.Collect$$rtentry$$00000004)
    __rt_entry_li                            0x08000247   Thumb Code     0  __rtentry2.o(.ARM.Collect$$rtentry$$0000000A)
    __rt_entry_postsh_1                      0x08000247   Thumb Code     0  __rtentry2.o(.ARM.Collect$$rtentry$$00000009)
    __rt_entry_main                          0x0800024b   Thumb Code     0  __rtentry2.o(.ARM.Collect$$rtentry$$0000000D)
    __rt_entry_postli_1                      0x0800024b   Thumb Code     0  __rtentry2.o(.ARM.Collect$$rtentry$$0000000C)
    __rt_exit                                0x08000253   Thumb Code     0  rtexit.o(.ARM.Collect$$rtexit$$00000000)
    __rt_exit_ls                             0x08000255   Thumb Code     0  rtexit2.o(.ARM.Collect$$rtexit$$00000003)
    __rt_exit_prels_1                        0x08000255   Thumb Code     0  rtexit2.o(.ARM.Collect$$rtexit$$00000002)
    __rt_exit_exit                           0x08000259   Thumb Code     0  rtexit2.o(.ARM.Collect$$rtexit$$00000004)
    Reset_Handler                            0x08000261   Thumb Code     8  startup_stm32f401xe.o(.text)
    NMI_Handler                              0x08000269   Thumb Code     2  startup_stm32f401xe.o(.text)
    HardFault_Handler                        0x0800026b   Thumb Code     2  startup_stm32f401xe.o(.text)
    MemManage_Handler                        0x0800026d   Thumb Code     2  startup_stm32f401xe.o(.text)
    BusFault_Handler                         0x0800026f   Thumb Code     2  startup_stm32f401xe.o(.text)
    UsageFault_Handler                       0x08000271   Thumb Code     2  startup_stm32f401xe.o(.text)
    SVC_Handler                              0x08000273   Thumb Code     2  startup_stm32f401xe.o(.text)
    DebugMon_Handler                         0x08000275   Thumb Code     2  startup_stm32f401xe.o(.text)
    PendSV_Handler                           0x08000277   Thumb Code     2  startup_stm32f401xe.o(.text)
    ADC_IRQHandler                           0x0800027b   Thumb Code     0  startup_stm32f401xe.o(.text)
    DMA1_Stream0_IRQHandler                  0x0800027b   Thumb Code     0  startup_stm32f401xe.o(.text)
    DMA1_Stream1_IRQHandler                  0x0800027b   Thumb Code     0  startup_stm32f401xe.o(.text)
    DMA1_Stream2_IRQHandler                  0x0800027b   Thumb Code     0  startup_stm32f401xe.o(.text)
    DMA1_Stream3_IRQHandler                  0x0800027b   Thumb Code     0  startup_stm32f401xe.o(.text)
    DMA1_Stream4_IRQHandler                  0x0800027b   Thumb Code     0  startup_stm32f401xe.o(.text)
    DMA1_Stream5_IRQHandler                  0x0800027b   Thumb Code     0  startup_stm32f401xe.o(.text)
    DMA1_Stream6_IRQHandler                  0x0800027b   Thumb Code     0  startup_stm32f401xe.o(.text)
    DMA1_Stream7_IRQHandler                  0x0800027b   Thumb Code     0  startup_stm32f401xe.o(.text)
    DMA2_Stream0_IRQHandler                  0x0800027b   Thumb Code     0  startup_stm32f401xe.o(.text)
    DMA2_Stream1_IRQHandler                  0x0800027b   Thumb Code     0  startup_stm32f401xe.o(.text)
    DMA2_Stream2_IRQHandler                  0x0800027b   Thumb Code     0  startup_stm32f401xe.o(.text)
    DMA2_Stream3_IRQHandler                  0x0800027b   Thumb Code     0  startup_stm32f401xe.o(.text)
    DMA2_Stream4_IRQHandler                  0x0800027b   Thumb Code     0  startup_stm32f401xe.o(.text)
    DMA2_Stream5_IRQHandler                  0x0800027b   Thumb Code     0  startup_stm32f401xe.o(.text)
    DMA2_Stream6_IRQHandler                  0x0800027b   Thumb Code     0  startup_stm32f401xe.o(.text)
    DMA2_Stream7_IRQHandler                  0x0800027b   Thumb Code     0  startup_stm32f401xe.o(.text)
    FLASH_IRQHandler                         0x0800027b   Thumb Code     0  startup_stm32f401xe.o(.text)
    FPU_IRQHandler                           0x0800027b   Thumb Code     0  startup_stm32f401xe.o(.text)
    I2C1_ER_IRQHandler                       0x0800027b   Thumb Code     0  startup_stm32f401xe.o(.text)
    I2C1_EV_IRQHandler                       0x0800027b   Thumb Code     0  startup_stm32f401xe.o(.text)
    I2C2_ER_IRQHandler                       0x0800027b   Thumb Code     0  startup_stm32f401xe.o(.text)
    I2C2_EV_IRQHandler                       0x0800027b   Thumb Code     0  startup_stm32f401xe.o(.text)
    I2C3_ER_IRQHandler                       0x0800027b   Thumb Code     0  startup_stm32f401xe.o(.text)
    I2C3_EV_IRQHandler                       0x0800027b   Thumb Code     0  startup_stm32f401xe.o(.text)
    OTG_FS_IRQHandler                        0x0800027b   Thumb Code     0  startup_stm32f401xe.o(.text)
    OTG_FS_WKUP_IRQHandler                   0x0800027b   Thumb Code     0  startup_stm32f401xe.o(.text)
    PVD_IRQHandler                           0x0800027b   Thumb Code     0  startup_stm32f401xe.o(.text)
    RCC_IRQHandler                           0x0800027b   Thumb Code     0  startup_stm32f401xe.o(.text)
    RTC_Alarm_IRQHandler                     0x0800027b   Thumb Code     0  startup_stm32f401xe.o(.text)
    RTC_WKUP_IRQHandler                      0x0800027b   Thumb Code     0  startup_stm32f401xe.o(.text)
    SDIO_IRQHandler                          0x0800027b   Thumb Code     0  startup_stm32f401xe.o(.text)
    SPI1_IRQHandler                          0x0800027b   Thumb Code     0  startup_stm32f401xe.o(.text)
    SPI2_IRQHandler                          0x0800027b   Thumb Code     0  startup_stm32f401xe.o(.text)
    SPI3_IRQHandler                          0x0800027b   Thumb Code     0  startup_stm32f401xe.o(.text)
    SPI4_IRQHandler                          0x0800027b   Thumb Code     0  startup_stm32f401xe.o(.text)
    TAMP_STAMP_IRQHandler                    0x0800027b   Thumb Code     0  startup_stm32f401xe.o(.text)
    TIM1_BRK_TIM9_IRQHandler                 0x0800027b   Thumb Code     0  startup_stm32f401xe.o(.text)
    TIM1_CC_IRQHandler                       0x0800027b   Thumb Code     0  startup_stm32f401xe.o(.text)
    TIM1_TRG_COM_TIM11_IRQHandler            0x0800027b   Thumb Code     0  startup_stm32f401xe.o(.text)
    TIM1_UP_TIM10_IRQHandler                 0x0800027b   Thumb Code     0  startup_stm32f401xe.o(.text)
    TIM3_IRQHandler                          0x0800027b   Thumb Code     0  startup_stm32f401xe.o(.text)
    TIM4_IRQHandler                          0x0800027b   Thumb Code     0  startup_stm32f401xe.o(.text)
    TIM5_IRQHandler                          0x0800027b   Thumb Code     0  startup_stm32f401xe.o(.text)
    USART1_IRQHandler                        0x0800027b   Thumb Code     0  startup_stm32f401xe.o(.text)
    USART6_IRQHandler                        0x0800027b   Thumb Code     0  startup_stm32f401xe.o(.text)
    WWDG_IRQHandler                          0x0800027b   Thumb Code     0  startup_stm32f401xe.o(.text)
    __user_initial_stackheap                 0x0800027d   Thumb Code     0  startup_stm32f401xe.o(.text)
    __aeabi_memclr                           0x080002a1   Thumb Code     0  rt_memclr.o(.text)
    __rt_memclr                              0x080002a1   Thumb Code     0  rt_memclr.o(.text)
    _memset                                  0x080002a5   Thumb Code    64  rt_memclr.o(.text)
    __aeabi_memclr4                          0x080002e5   Thumb Code     0  rt_memclr_w.o(.text)
    __aeabi_memclr8                          0x080002e5   Thumb Code     0  rt_memclr_w.o(.text)
    __rt_memclr_w                            0x080002e5   Thumb Code     0  rt_memclr_w.o(.text)
    _memset_w                                0x080002e9   Thumb Code    74  rt_memclr_w.o(.text)
    __use_two_region_memory                  0x08000333   Thumb Code     2  heapauxi.o(.text)
    __rt_heap_escrow$2region                 0x08000335   Thumb Code     2  heapauxi.o(.text)
    __rt_heap_expand$2region                 0x08000337   Thumb Code     2  heapauxi.o(.text)
    __read_errno                             0x08000339   Thumb Code    10  _rserrno.o(.text)
    __set_errno                              0x08000343   Thumb Code    12  _rserrno.o(.text)
    __aeabi_errno_addr                       0x08000351   Thumb Code     8  rt_errno_addr_intlibspace.o(.text)
    __errno$intlibspace                      0x08000351   Thumb Code     0  rt_errno_addr_intlibspace.o(.text)
    __rt_errno_addr$intlibspace              0x08000351   Thumb Code     0  rt_errno_addr_intlibspace.o(.text)
    __user_libspace                          0x08000359   Thumb Code     8  libspace.o(.text)
    __user_perproc_libspace                  0x08000359   Thumb Code     0  libspace.o(.text)
    __user_perthread_libspace                0x08000359   Thumb Code     0  libspace.o(.text)
    __user_setup_stackheap                   0x08000361   Thumb Code    74  sys_stackheap_outer.o(.text)
    exit                                     0x080003ab   Thumb Code    18  exit.o(.text)
    _sys_exit                                0x080003bd   Thumb Code     8  sys_exit.o(.text)
    __I$use$semihosting                      0x080003c9   Thumb Code     0  use_no_semi.o(.text)
    __use_no_semihosting_swi                 0x080003c9   Thumb Code     2  use_no_semi.o(.text)
    __semihosting_library_function           0x080003cb   Thumb Code     0  indicate_semi.o(.text)
    App_Init                                 0x080003cd   Thumb Code   202  app_1.o(.text.App_Init)
    App_Run                                  0x08000499   Thumb Code  2686  app_1.o(.text.App_Run)
    Button_AS_Pressed                        0x08000f19   Thumb Code    22  buttons.o(.text.Button_AS_Pressed)
    Button_DOWN_Pressed                      0x08000f31   Thumb Code    22  buttons.o(.text.Button_DOWN_Pressed)
    Button_Sharp_Pressed                     0x08000f49   Thumb Code    22  buttons.o(.text.Button_Sharp_Pressed)
    Button_UP_Pressed                        0x08000f61   Thumb Code    22  buttons.o(.text.Button_UP_Pressed)
    Buttons_Init                             0x08000f79   Thumb Code    68  buttons.o(.text.Buttons_Init)
    DS18S20_ReadTemp_x10_Now                 0x08000fbd   Thumb Code   108  my_ds18s20.o(.text.DS18S20_ReadTemp_x10_Now)
    DS18S20_StartConversion                  0x08001029   Thumb Code    82  my_ds18s20.o(.text.DS18S20_StartConversion)
    DS18S20_Tick_1ms                         0x0800107d   Thumb Code    88  my_ds18s20.o(.text.DS18S20_Tick_1ms)
    DWT_Delay_Init                           0x080010d5   Thumb Code    34  timer_delay.o(.text.DWT_Delay_Init)
    EXTI0_IRQHandler                         0x08001469   Thumb Code   132  gpio.o(.text.EXTI0_IRQHandler)
    EXTI15_10_IRQHandler                     0x080014ed   Thumb Code   132  gpio.o(.text.EXTI15_10_IRQHandler)
    EXTI1_IRQHandler                         0x08001571   Thumb Code   132  gpio.o(.text.EXTI1_IRQHandler)
    EXTI2_IRQHandler                         0x080015f5   Thumb Code   132  gpio.o(.text.EXTI2_IRQHandler)
    EXTI3_IRQHandler                         0x08001679   Thumb Code   132  gpio.o(.text.EXTI3_IRQHandler)
    EXTI4_IRQHandler                         0x080016fd   Thumb Code   132  gpio.o(.text.EXTI4_IRQHandler)
    EXTI9_5_IRQHandler                       0x08001781   Thumb Code   132  gpio.o(.text.EXTI9_5_IRQHandler)
    Gesture_Calibrate                        0x080019b9   Thumb Code   114  gesture_1.o(.text.Gesture_Calibrate)
    Gesture_ComputePitch                     0x08001a2d   Thumb Code   132  gesture_1.o(.text.Gesture_ComputePitch)
    Gesture_ComputeRoll                      0x08001ab9   Thumb Code    52  gesture_1.o(.text.Gesture_ComputeRoll)
    Gesture_Init                             0x08001af1   Thumb Code    60  gesture_1.o(.text.Gesture_Init)
    Gesture_Update                           0x08001b2d   Thumb Code   616  gesture_1.o(.text.Gesture_Update)
    I2C1_Init                                0x08001d95   Thumb Code   206  i2c1_bus.o(.text.I2C1_Init)
    I2C1_ReadRegister                        0x08001e65   Thumb Code   336  i2c1_bus.o(.text.I2C1_ReadRegister)
    I2C1_WriteControlData                    0x08001fb5   Thumb Code   238  i2c1_bus.o(.text.I2C1_WriteControlData)
    I2C1_WriteRegister                       0x080020a5   Thumb Code   238  i2c1_bus.o(.text.I2C1_WriteRegister)
    MPU6500_Init                             0x08002321   Thumb Code    14  mpu6500.o(.text.MPU6500_Init)
    MPU6500_Read16                           0x08002331   Thumb Code    62  mpu6500.o(.text.MPU6500_Read16)
    MPU6500_ReadAccelRaw                     0x08002371   Thumb Code    44  mpu6500.o(.text.MPU6500_ReadAccelRaw)
    MPU6500_ReadGyroRaw                      0x0800239d   Thumb Code    44  mpu6500.o(.text.MPU6500_ReadGyroRaw)
    MPU6500_ReadWhoAmI                       0x080023c9   Thumb Code    12  mpu6500.o(.text.MPU6500_ReadWhoAmI)
    OLED_Clear                               0x080023d5   Thumb Code    90  oled.o(.text.OLED_Clear)
    OLED_Command                             0x08002431   Thumb Code    24  oled.o(.text.OLED_Command)
    OLED_Data                                0x08002449   Thumb Code    24  oled.o(.text.OLED_Data)
    OLED_Init                                0x08002461   Thumb Code   186  oled.o(.text.OLED_Init)
    OLED_PrintChar                           0x0800251d   Thumb Code    50  oled.o(.text.OLED_PrintChar)
    OLED_PrintCharASCII                      0x08002551   Thumb Code   102  oled.o(.text.OLED_PrintCharASCII)
    OLED_PrintString                         0x080025b9   Thumb Code    36  oled.o(.text.OLED_PrintString)
    OLED_SetCursor                           0x080025dd   Thumb Code    52  oled.o(.text.OLED_SetCursor)
    OneWire_Init                             0x08002611   Thumb Code    50  my_ds18s20.o(.text.OneWire_Init)
    SnakeGame_GetSpeedMs                     0x0800294d   Thumb Code    62  snake_game_1.o(.text.SnakeGame_GetSpeedMs)
    SnakeGame_Init                           0x0800298d   Thumb Code   184  snake_game_1.o(.text.SnakeGame_Init)
    SnakeGame_IsObstacle                     0x08002a45   Thumb Code   144  snake_game_1.o(.text.SnakeGame_IsObstacle)
    SnakeGame_IsPlayable                     0x08002ad5   Thumb Code    74  snake_game_1.o(.text.SnakeGame_IsPlayable)
    SnakeGame_PlaceDanger                    0x08002b21   Thumb Code   342  snake_game_1.o(.text.SnakeGame_PlaceDanger)
    SnakeGame_PlaceEnd                       0x08002c79   Thumb Code   342  snake_game_1.o(.text.SnakeGame_PlaceEnd)
    SnakeGame_PlaceFood                      0x08002dd1   Thumb Code   434  snake_game_1.o(.text.SnakeGame_PlaceFood)
    SnakeGame_SetDirection                   0x08002f85   Thumb Code   116  snake_game_1.o(.text.SnakeGame_SetDirection)
    SnakeGame_Update                         0x08002ff9   Thumb Code   644  snake_game_1.o(.text.SnakeGame_Update)
    SnakeGame_UpdateLevel                    0x0800327d   Thumb Code    64  snake_game_1.o(.text.SnakeGame_UpdateLevel)
    SnakeRender_Draw                         0x080032bd   Thumb Code   238  snake_render_1.o(.text.SnakeRender_Draw)
    SnakeRender_DrawBorder                   0x080033ad   Thumb Code   112  snake_render_1.o(.text.SnakeRender_DrawBorder)
    SnakeRender_Init                         0x0800341d   Thumb Code    40  snake_render_1.o(.text.SnakeRender_Init)
    SnakeRender_Reset                        0x08003445   Thumb Code    20  snake_render_1.o(.text.SnakeRender_Reset)
    SysTick_Handler                          0x08003459   Thumb Code    16  timer.o(.text.SysTick_Handler)
    SystemCoreClockUpdate                    0x08003469   Thumb Code   302  system_stm32f4xx.o(.text.SystemCoreClockUpdate)
    SystemInit                               0x08003599   Thumb Code    32  system_stm32f4xx.o(.text.SystemInit)
    TIM2_IRQHandler                          0x080035b9   Thumb Code    52  timer_delay.o(.text.TIM2_IRQHandler)
    TIM2_Init_1ms                            0x080035ed   Thumb Code   120  timer_delay.o(.text.TIM2_Init_1ms)
    USART2_IRQHandler                        0x08003665   Thumb Code    54  uart.o(.text.USART2_IRQHandler)
    USART_GetFlagStatus                      0x0800369d   Thumb Code    66  stm32f4xx_usart.o(.text.USART_GetFlagStatus)
    USART_ReceiveData                        0x080036e1   Thumb Code    16  stm32f4xx_usart.o(.text.USART_ReceiveData)
    delayMs                                  0x08003975   Thumb Code    48  timer_delay.o(.text.delayMs)
    delay_cycles                             0x080039a5   Thumb Code    12  delay.o(.text.delay_cycles)
    delay_ms                                 0x080039b1   Thumb Code    86  delay.o(.text.delay_ms)
    delay_us                                 0x08003a09   Thumb Code    90  delay.o(.text.delay_us)
    gpio_set                                 0x08003a65   Thumb Code    54  gpio.o(.text.gpio_set)
    gpio_set_mode                            0x08003a9d   Thumb Code   322  gpio.o(.text.gpio_set_mode)
    intToStr                                 0x08003be1   Thumb Code   228  utils_1.o(.text.intToStr)
    lcd_init                                 0x08003cc5   Thumb Code   190  lcd.o(.text.lcd_init)
    lcd_print                                0x08003d85   Thumb Code    72  lcd.o(.text.lcd_print)
    lcd_put_char                             0x08003dcd   Thumb Code   150  lcd.o(.text.lcd_put_char)
    lcd_set_cursor                           0x08003e65   Thumb Code    30  lcd.o(.text.lcd_set_cursor)
    lcd_write_cmd                            0x08003e85   Thumb Code   146  lcd.o(.text.lcd_write_cmd)
    main                                     0x08003f19   Thumb Code   102  demo_main.o(.text.main)
    uart_rx                                  0x080041d1   Thumb Code    50  uart.o(.text.uart_rx)
    __ARM_fpclassifyf                        0x08004203   Thumb Code    38  fpclassifyf.o(i.__ARM_fpclassifyf)
    __hardfp_atan2f                          0x08004229   Thumb Code   594  atan2f.o(i.__hardfp_atan2f)
    __hardfp_sqrtf                           0x080044d5   Thumb Code    58  sqrtf.o(i.__hardfp_sqrtf)
    __mathlib_flt_infnan2                    0x0800450f   Thumb Code     6  funder.o(i.__mathlib_flt_infnan2)
    __mathlib_flt_underflow                  0x08004515   Thumb Code    10  funder.o(i.__mathlib_flt_underflow)
    _fp_init                                 0x08004525   Thumb Code    26  fpinit.o(x$fpl$fpinit)
    __fplib_config_fpu_vfp                   0x0800453d   Thumb Code     0  fpinit.o(x$fpl$fpinit)
    __fplib_config_pureend_doubles           0x0800453d   Thumb Code     0  fpinit.o(x$fpl$fpinit)
    AHBPrescTable                            0x0800453e   Data          16  system_stm32f4xx.o(.rodata.AHBPrescTable)
    __I$use$fp                               0x0800453e   Number         0  usenofp.o(x$fpl$usenofp)
    EventRecorderInfo                        0x08004550   Data          24  eventrecorder.o(.rodata.EventRecorderInfo)
    Font5x7                                  0x08004568   Data         475  foun5x7.o(.rodata.Font5x7)
    font_degree                              0x08004773   Data           5  foun5x7.o(.rodata.font_degree)
    Region$$Table$$Base                      0x08004958   Number         0  anon$$obj.o(Region$$Table)
    Region$$Table$$Limit                     0x08004978   Number         0  anon$$obj.o(Region$$Table)
    P_LCD_DATA                               0x20000004   Data          16  lcd.o(.data.P_LCD_DATA)
    SystemCoreClock                          0x20000014   Data           4  system_stm32f4xx.o(.data.SystemCoreClock)
    __libspace_start                         0x20000040   Data          96  libspace.o(.bss)
    __temporary_stack_top$libspace           0x200000a0   Data           0  libspace.o(.bss)
    IRQ_pin_index                            0x200000b0   Data           4  gpio.o(.bss.IRQ_pin_index)
    IRQ_port_num                             0x200000b4   Data           4  gpio.o(.bss.IRQ_port_num)
    IRQ_status                               0x200000b8   Data           4  gpio.o(.bss.IRQ_status)
    char_num                                 0x200000c0   Data           4  lcd.o(.bss.char_num)
    ds18_ready                               0x200000c5   Data           1  my_ds18s20.o(.bss.ds18_ready)
    ds18_temp_x10                            0x200000c8   Data           4  my_ds18s20.o(.bss.ds18_temp_x10)
    msTicks                                  0x20000a50   Data           4  timer_delay.o(.bss.msTicks)



==============================================================================

Memory Map of the image

  Image Entry point : 0x08000195

  Load Region LR_IROM1 (Base: 0x08000000, Size: 0x000049c0, Max: 0x00080000, ABSOLUTE)

    Execution Region ER_IROM1 (Exec base: 0x08000000, Load base: 0x08000000, Size: 0x00004978, Max: 0x00080000, ABSOLUTE)

    Exec Addr    Load Addr    Size         Type   Attr      Idx    E Section Name        Object

    0x08000000   0x08000000   0x00000194   Data   RO          766    RESET               startup_stm32f401xe.o
    0x08000194   0x08000194   0x00000008   Code   RO          951  * !!!main             c_w.l(__main.o)
    0x0800019c   0x0800019c   0x0000005c   Code   RO         1172    !!!scatter          c_w.l(__scatter.o)
    0x080001f8   0x080001f8   0x0000001a   Code   RO         1176    !!handler_copy      c_w.l(__scatter_copy.o)
    0x08000212   0x08000212   0x00000002   PAD
    0x08000214   0x08000214   0x00000002   Code   RO         1173    !!handler_null      c_w.l(__scatter.o)
    0x08000216   0x08000216   0x00000002   PAD
    0x08000218   0x08000218   0x0000001c   Code   RO         1178    !!handler_zi        c_w.l(__scatter_zi.o)
    0x08000234   0x08000234   0x00000002   Code   RO         1037    .ARM.Collect$$libinit$$00000000  c_w.l(libinit.o)
    0x08000236   0x08000236   0x00000004   Code   RO         1040    .ARM.Collect$$libinit$$00000001  c_w.l(libinit2.o)
    0x0800023a   0x0800023a   0x00000000   Code   RO         1043    .ARM.Collect$$libinit$$00000004  c_w.l(libinit2.o)
    0x0800023a   0x0800023a   0x00000000   Code   RO         1045    .ARM.Collect$$libinit$$00000006  c_w.l(libinit2.o)
    0x0800023a   0x0800023a   0x00000000   Code   RO         1048    .ARM.Collect$$libinit$$0000000C  c_w.l(libinit2.o)
    0x0800023a   0x0800023a   0x00000000   Code   RO         1050    .ARM.Collect$$libinit$$0000000E  c_w.l(libinit2.o)
    0x0800023a   0x0800023a   0x00000000   Code   RO         1052    .ARM.Collect$$libinit$$00000010  c_w.l(libinit2.o)
    0x0800023a   0x0800023a   0x00000000   Code   RO         1055    .ARM.Collect$$libinit$$00000013  c_w.l(libinit2.o)
    0x0800023a   0x0800023a   0x00000000   Code   RO         1057    .ARM.Collect$$libinit$$00000015  c_w.l(libinit2.o)
    0x0800023a   0x0800023a   0x00000000   Code   RO         1059    .ARM.Collect$$libinit$$00000017  c_w.l(libinit2.o)
    0x0800023a   0x0800023a   0x00000000   Code   RO         1061    .ARM.Collect$$libinit$$00000019  c_w.l(libinit2.o)
    0x0800023a   0x0800023a   0x00000000   Code   RO         1063    .ARM.Collect$$libinit$$0000001B  c_w.l(libinit2.o)
    0x0800023a   0x0800023a   0x00000000   Code   RO         1065    .ARM.Collect$$libinit$$0000001D  c_w.l(libinit2.o)
    0x0800023a   0x0800023a   0x00000000   Code   RO         1067    .ARM.Collect$$libinit$$0000001F  c_w.l(libinit2.o)
    0x0800023a   0x0800023a   0x00000000   Code   RO         1069    .ARM.Collect$$libinit$$00000021  c_w.l(libinit2.o)
    0x0800023a   0x0800023a   0x00000000   Code   RO         1071    .ARM.Collect$$libinit$$00000023  c_w.l(libinit2.o)
    0x0800023a   0x0800023a   0x00000000   Code   RO         1073    .ARM.Collect$$libinit$$00000025  c_w.l(libinit2.o)
    0x0800023a   0x0800023a   0x00000000   Code   RO         1075    .ARM.Collect$$libinit$$00000027  c_w.l(libinit2.o)
    0x0800023a   0x0800023a   0x00000000   Code   RO         1079    .ARM.Collect$$libinit$$0000002E  c_w.l(libinit2.o)
    0x0800023a   0x0800023a   0x00000000   Code   RO         1081    .ARM.Collect$$libinit$$00000030  c_w.l(libinit2.o)
    0x0800023a   0x0800023a   0x00000000   Code   RO         1083    .ARM.Collect$$libinit$$00000032  c_w.l(libinit2.o)
    0x0800023a   0x0800023a   0x00000000   Code   RO         1085    .ARM.Collect$$libinit$$00000034  c_w.l(libinit2.o)
    0x0800023a   0x0800023a   0x00000002   Code   RO         1086    .ARM.Collect$$libinit$$00000035  c_w.l(libinit2.o)
    0x0800023c   0x0800023c   0x00000002   Code   RO         1108    .ARM.Collect$$libshutdown$$00000000  c_w.l(libshutdown.o)
    0x0800023e   0x0800023e   0x00000000   Code   RO         1123    .ARM.Collect$$libshutdown$$00000002  c_w.l(libshutdown2.o)
    0x0800023e   0x0800023e   0x00000000   Code   RO         1125    .ARM.Collect$$libshutdown$$00000004  c_w.l(libshutdown2.o)
    0x0800023e   0x0800023e   0x00000000   Code   RO         1128    .ARM.Collect$$libshutdown$$00000007  c_w.l(libshutdown2.o)
    0x0800023e   0x0800023e   0x00000000   Code   RO         1131    .ARM.Collect$$libshutdown$$0000000A  c_w.l(libshutdown2.o)
    0x0800023e   0x0800023e   0x00000000   Code   RO         1133    .ARM.Collect$$libshutdown$$0000000C  c_w.l(libshutdown2.o)
    0x0800023e   0x0800023e   0x00000000   Code   RO         1136    .ARM.Collect$$libshutdown$$0000000F  c_w.l(libshutdown2.o)
    0x0800023e   0x0800023e   0x00000002   Code   RO         1137    .ARM.Collect$$libshutdown$$00000010  c_w.l(libshutdown2.o)
    0x08000240   0x08000240   0x00000000   Code   RO          979    .ARM.Collect$$rtentry$$00000000  c_w.l(__rtentry.o)
    0x08000240   0x08000240   0x00000000   Code   RO         1006    .ARM.Collect$$rtentry$$00000002  c_w.l(__rtentry2.o)
    0x08000240   0x08000240   0x00000006   Code   RO         1018    .ARM.Collect$$rtentry$$00000004  c_w.l(__rtentry4.o)
    0x08000246   0x08000246   0x00000000   Code   RO         1008    .ARM.Collect$$rtentry$$00000009  c_w.l(__rtentry2.o)
    0x08000246   0x08000246   0x00000004   Code   RO         1009    .ARM.Collect$$rtentry$$0000000A  c_w.l(__rtentry2.o)
    0x0800024a   0x0800024a   0x00000000   Code   RO         1011    .ARM.Collect$$rtentry$$0000000C  c_w.l(__rtentry2.o)
    0x0800024a   0x0800024a   0x00000008   Code   RO         1012    .ARM.Collect$$rtentry$$0000000D  c_w.l(__rtentry2.o)
    0x08000252   0x08000252   0x00000002   Code   RO         1038    .ARM.Collect$$rtexit$$00000000  c_w.l(rtexit.o)
    0x08000254   0x08000254   0x00000000   Code   RO         1088    .ARM.Collect$$rtexit$$00000002  c_w.l(rtexit2.o)
    0x08000254   0x08000254   0x00000004   Code   RO         1089    .ARM.Collect$$rtexit$$00000003  c_w.l(rtexit2.o)
    0x08000258   0x08000258   0x00000006   Code   RO         1090    .ARM.Collect$$rtexit$$00000004  c_w.l(rtexit2.o)
    0x0800025e   0x0800025e   0x00000002   PAD
    0x08000260   0x08000260   0x00000040   Code   RO          767    .text               startup_stm32f401xe.o
    0x080002a0   0x080002a0   0x00000044   Code   RO          945    .text               c_w.l(rt_memclr.o)
    0x080002e4   0x080002e4   0x0000004e   Code   RO          947    .text               c_w.l(rt_memclr_w.o)
    0x08000332   0x08000332   0x00000006   Code   RO          949    .text               c_w.l(heapauxi.o)
    0x08000338   0x08000338   0x00000016   Code   RO          980    .text               c_w.l(_rserrno.o)
    0x0800034e   0x0800034e   0x00000002   PAD
    0x08000350   0x08000350   0x00000008   Code   RO         1023    .text               c_w.l(rt_errno_addr_intlibspace.o)
    0x08000358   0x08000358   0x00000008   Code   RO         1025    .text               c_w.l(libspace.o)
    0x08000360   0x08000360   0x0000004a   Code   RO         1028    .text               c_w.l(sys_stackheap_outer.o)
    0x080003aa   0x080003aa   0x00000012   Code   RO         1030    .text               c_w.l(exit.o)
    0x080003bc   0x080003bc   0x0000000c   Code   RO         1098    .text               c_w.l(sys_exit.o)
    0x080003c8   0x080003c8   0x00000002   Code   RO         1113    .text               c_w.l(use_no_semi.o)
    0x080003ca   0x080003ca   0x00000000   Code   RO         1115    .text               c_w.l(indicate_semi.o)
    0x080003ca   0x080003ca   0x00000002   PAD
    0x080003cc   0x080003cc   0x000000ca   Code   RO          510    .text.App_Init      app_1.o
    0x08000496   0x08000496   0x00000002   PAD
    0x08000498   0x08000498   0x00000a7e   Code   RO          512    .text.App_Run       app_1.o
    0x08000f16   0x08000f16   0x00000002   PAD
    0x08000f18   0x08000f18   0x00000016   Code   RO          816    .text.Button_AS_Pressed  Demo_mini_Project.lib(buttons.o)
    0x08000f2e   0x08000f2e   0x00000002   PAD
    0x08000f30   0x08000f30   0x00000016   Code   RO          822    .text.Button_DOWN_Pressed  Demo_mini_Project.lib(buttons.o)
    0x08000f46   0x08000f46   0x00000002   PAD
    0x08000f48   0x08000f48   0x00000016   Code   RO          820    .text.Button_Sharp_Pressed  Demo_mini_Project.lib(buttons.o)
    0x08000f5e   0x08000f5e   0x00000002   PAD
    0x08000f60   0x08000f60   0x00000016   Code   RO          818    .text.Button_UP_Pressed  Demo_mini_Project.lib(buttons.o)
    0x08000f76   0x08000f76   0x00000002   PAD
    0x08000f78   0x08000f78   0x00000044   Code   RO          814    .text.Buttons_Init  Demo_mini_Project.lib(buttons.o)
    0x08000fbc   0x08000fbc   0x0000006c   Code   RO          673    .text.DS18S20_ReadTemp_x10_Now  my_ds18s20.o
    0x08001028   0x08001028   0x00000052   Code   RO          667    .text.DS18S20_StartConversion  my_ds18s20.o
    0x0800107a   0x0800107a   0x00000002   PAD
    0x0800107c   0x0800107c   0x00000058   Code   RO          663    .text.DS18S20_Tick_1ms  my_ds18s20.o
    0x080010d4   0x080010d4   0x00000022   Code   RO          916    .text.DWT_Delay_Init  Demo_mini_Project.lib(timer_delay.o)
    0x080010f6   0x080010f6   0x00000002   PAD
    0x080010f8   0x080010f8   0x0000005e   Code   RO          524    .text.DrawCalibrateScreen  app_1.o
    0x08001156   0x08001156   0x00000002   PAD
    0x08001158   0x08001158   0x00000038   Code   RO          605    .text.DrawDanger    snake_render_1.o
    0x08001190   0x08001190   0x00000038   Code   RO          607    .text.DrawEnd       snake_render_1.o
    0x080011c8   0x080011c8   0x00000038   Code   RO          603    .text.DrawFood      snake_render_1.o
    0x08001200   0x08001200   0x0000009c   Code   RO          536    .text.DrawGameOverScreen  app_1.o
    0x0800129c   0x0800129c   0x00000090   Code   RO          518    .text.DrawMainMenu  app_1.o
    0x0800132c   0x0800132c   0x00000046   Code   RO          522    .text.DrawMenuSelection  app_1.o
    0x08001372   0x08001372   0x00000002   PAD
    0x08001374   0x08001374   0x0000004a   Code   RO          532    .text.DrawPauseScreen  app_1.o
    0x080013be   0x080013be   0x00000002   PAD
    0x080013c0   0x080013c0   0x00000038   Code   RO          611    .text.DrawSnakeBody  snake_render_1.o
    0x080013f8   0x080013f8   0x00000038   Code   RO          609    .text.DrawSnakeHead  snake_render_1.o
    0x08001430   0x08001430   0x00000038   Code   RO          599    .text.DrawWall      snake_render_1.o
    0x08001468   0x08001468   0x00000084   Code   RO           36    .text.EXTI0_IRQHandler  gpio.o
    0x080014ec   0x080014ec   0x00000084   Code   RO           50    .text.EXTI15_10_IRQHandler  gpio.o
    0x08001570   0x08001570   0x00000084   Code   RO           40    .text.EXTI1_IRQHandler  gpio.o
    0x080015f4   0x080015f4   0x00000084   Code   RO           42    .text.EXTI2_IRQHandler  gpio.o
    0x08001678   0x08001678   0x00000084   Code   RO           44    .text.EXTI3_IRQHandler  gpio.o
    0x080016fc   0x080016fc   0x00000084   Code   RO           46    .text.EXTI4_IRQHandler  gpio.o
    0x08001780   0x08001780   0x00000084   Code   RO           48    .text.EXTI9_5_IRQHandler  gpio.o
    0x08001804   0x08001804   0x0000014c   Code   RO          613    .text.FB_Flush      snake_render_1.o
    0x08001950   0x08001950   0x00000068   Code   RO          615    .text.FB_Write      snake_render_1.o
    0x080019b8   0x080019b8   0x00000072   Code   RO          644    .text.Gesture_Calibrate  gesture_1.o
    0x08001a2a   0x08001a2a   0x00000002   PAD
    0x08001a2c   0x08001a2c   0x0000008c   Code   RO          642    .text.Gesture_ComputePitch  gesture_1.o
    0x08001ab8   0x08001ab8   0x00000038   Code   RO          640    .text.Gesture_ComputeRoll  gesture_1.o
    0x08001af0   0x08001af0   0x0000003c   Code   RO          638    .text.Gesture_Init  gesture_1.o
    0x08001b2c   0x08001b2c   0x00000268   Code   RO          646    .text.Gesture_Update  gesture_1.o
    0x08001d94   0x08001d94   0x000000ce   Code   RO          843    .text.I2C1_Init     Demo_mini_Project.lib(i2c1_bus.o)
    0x08001e62   0x08001e62   0x00000002   PAD
    0x08001e64   0x08001e64   0x00000150   Code   RO          845    .text.I2C1_ReadRegister  Demo_mini_Project.lib(i2c1_bus.o)
    0x08001fb4   0x08001fb4   0x000000ee   Code   RO          849    .text.I2C1_WriteControlData  Demo_mini_Project.lib(i2c1_bus.o)
    0x080020a2   0x080020a2   0x00000002   PAD
    0x080020a4   0x080020a4   0x000000ee   Code   RO          847    .text.I2C1_WriteRegister  Demo_mini_Project.lib(i2c1_bus.o)
    0x08002192   0x08002192   0x00000002   PAD
    0x08002194   0x08002194   0x00000094   Code   RO          582    .text.IsCellOccupiedByItem  snake_game_1.o
    0x08002228   0x08002228   0x00000072   Code   RO          580    .text.IsCellOccupiedBySnake  snake_game_1.o
    0x0800229a   0x0800229a   0x00000002   PAD
    0x0800229c   0x0800229c   0x00000082   Code   RO          538    .text.LCD_PrintTemp  app_1.o
    0x0800231e   0x0800231e   0x00000002   PAD
    0x08002320   0x08002320   0x0000000e   Code   RO          858    .text.MPU6500_Init  Demo_mini_Project.lib(mpu6500.o)
    0x0800232e   0x0800232e   0x00000002   PAD
    0x08002330   0x08002330   0x0000003e   Code   RO          862    .text.MPU6500_Read16  Demo_mini_Project.lib(mpu6500.o)
    0x0800236e   0x0800236e   0x00000002   PAD
    0x08002370   0x08002370   0x0000002c   Code   RO          864    .text.MPU6500_ReadAccelRaw  Demo_mini_Project.lib(mpu6500.o)
    0x0800239c   0x0800239c   0x0000002c   Code   RO          866    .text.MPU6500_ReadGyroRaw  Demo_mini_Project.lib(mpu6500.o)
    0x080023c8   0x080023c8   0x0000000c   Code   RO          860    .text.MPU6500_ReadWhoAmI  Demo_mini_Project.lib(mpu6500.o)
    0x080023d4   0x080023d4   0x0000005a   Code   RO          885    .text.OLED_Clear    Demo_mini_Project.lib(oled.o)
    0x0800242e   0x0800242e   0x00000002   PAD
    0x08002430   0x08002430   0x00000018   Code   RO          875    .text.OLED_Command  Demo_mini_Project.lib(oled.o)
    0x08002448   0x08002448   0x00000018   Code   RO          877    .text.OLED_Data     Demo_mini_Project.lib(oled.o)
    0x08002460   0x08002460   0x000000ba   Code   RO          879    .text.OLED_Init     Demo_mini_Project.lib(oled.o)
    0x0800251a   0x0800251a   0x00000002   PAD
    0x0800251c   0x0800251c   0x00000032   Code   RO          883    .text.OLED_PrintChar  Demo_mini_Project.lib(oled.o)
    0x0800254e   0x0800254e   0x00000002   PAD
    0x08002550   0x08002550   0x00000066   Code   RO          887    .text.OLED_PrintCharASCII  Demo_mini_Project.lib(oled.o)
    0x080025b6   0x080025b6   0x00000002   PAD
    0x080025b8   0x080025b8   0x00000024   Code   RO          889    .text.OLED_PrintString  Demo_mini_Project.lib(oled.o)
    0x080025dc   0x080025dc   0x00000034   Code   RO          881    .text.OLED_SetCursor  Demo_mini_Project.lib(oled.o)
    0x08002610   0x08002610   0x00000032   Code   RO          665    .text.OneWire_Init  my_ds18s20.o
    0x08002642   0x08002642   0x00000002   PAD
    0x08002644   0x08002644   0x000000a8   Code   RO          560    .text.PlaceObstacles  snake_game_1.o
    0x080026ec   0x080026ec   0x00000072   Code   RO          534    .text.ProcessPlayingButtons  app_1.o
    0x0800275e   0x0800275e   0x00000002   PAD
    0x08002760   0x08002760   0x00000042   Code   RO          528    .text.ProcessPlayingTilt  app_1.o
    0x080027a2   0x080027a2   0x00000002   PAD
    0x080027a4   0x080027a4   0x000000d2   Code   RO          520    .text.ReadButtonPresses  app_1.o
    0x08002876   0x08002876   0x00000002   PAD
    0x08002878   0x08002878   0x0000006a   Code   RO          530    .text.ReadButtonsHeld  app_1.o
    0x080028e2   0x080028e2   0x00000002   PAD
    0x080028e4   0x080028e4   0x0000002e   Code   RO          526    .text.ReadMPU       app_1.o
    0x08002912   0x08002912   0x00000002   PAD
    0x08002914   0x08002914   0x00000038   Code   RO          514    .text.ReadTemperature  app_1.o
    0x0800294c   0x0800294c   0x0000003e   Code   RO          584    .text.SnakeGame_GetSpeedMs  snake_game_1.o
    0x0800298a   0x0800298a   0x00000002   PAD
    0x0800298c   0x0800298c   0x000000b8   Code   RO          558    .text.SnakeGame_Init  snake_game_1.o
    0x08002a44   0x08002a44   0x00000090   Code   RO          572    .text.SnakeGame_IsObstacle  snake_game_1.o
    0x08002ad4   0x08002ad4   0x0000004a   Code   RO          570    .text.SnakeGame_IsPlayable  snake_game_1.o
    0x08002b1e   0x08002b1e   0x00000002   PAD
    0x08002b20   0x08002b20   0x00000156   Code   RO          564    .text.SnakeGame_PlaceDanger  snake_game_1.o
    0x08002c76   0x08002c76   0x00000002   PAD
    0x08002c78   0x08002c78   0x00000156   Code   RO          566    .text.SnakeGame_PlaceEnd  snake_game_1.o
    0x08002dce   0x08002dce   0x00000002   PAD
    0x08002dd0   0x08002dd0   0x000001b2   Code   RO          562    .text.SnakeGame_PlaceFood  snake_game_1.o
    0x08002f82   0x08002f82   0x00000002   PAD
    0x08002f84   0x08002f84   0x00000074   Code   RO          568    .text.SnakeGame_SetDirection  snake_game_1.o
    0x08002ff8   0x08002ff8   0x00000284   Code   RO          574    .text.SnakeGame_Update  snake_game_1.o
    0x0800327c   0x0800327c   0x00000040   Code   RO          576    .text.SnakeGame_UpdateLevel  snake_game_1.o
    0x080032bc   0x080032bc   0x000000ee   Code   RO          601    .text.SnakeRender_Draw  snake_render_1.o
    0x080033aa   0x080033aa   0x00000002   PAD
    0x080033ac   0x080033ac   0x00000070   Code   RO          597    .text.SnakeRender_DrawBorder  snake_render_1.o
    0x0800341c   0x0800341c   0x00000028   Code   RO          593    .text.SnakeRender_Init  snake_render_1.o
    0x08003444   0x08003444   0x00000014   Code   RO          595    .text.SnakeRender_Reset  snake_render_1.o
    0x08003458   0x08003458   0x00000010   Code   RO          447    .text.SysTick_Handler  timer.o
    0x08003468   0x08003468   0x0000012e   Code   RO          776    .text.SystemCoreClockUpdate  system_stm32f4xx.o
    0x08003596   0x08003596   0x00000002   PAD
    0x08003598   0x08003598   0x00000020   Code   RO          774    .text.SystemInit    system_stm32f4xx.o
    0x080035b8   0x080035b8   0x00000034   Code   RO          910    .text.TIM2_IRQHandler  Demo_mini_Project.lib(timer_delay.o)
    0x080035ec   0x080035ec   0x00000078   Code   RO          904    .text.TIM2_Init_1ms  Demo_mini_Project.lib(timer_delay.o)
    0x08003664   0x08003664   0x00000036   Code   RO          476    .text.USART2_IRQHandler  uart.o
    0x0800369a   0x0800369a   0x00000002   PAD
    0x0800369c   0x0800369c   0x00000042   Code   RO          416    .text.USART_GetFlagStatus  stm32f4xx_usart.o
    0x080036de   0x080036de   0x00000002   PAD
    0x080036e0   0x080036e0   0x00000010   Code   RO          386    .text.USART_ReceiveData  stm32f4xx_usart.o
    0x080036f0   0x080036f0   0x000001ae   Code   RO          516    .text.UpdateLCD     app_1.o
    0x0800389e   0x0800389e   0x00000002   PAD
    0x080038a0   0x080038a0   0x00000030   Code   RO           38    .text.__NVIC_ClearPendingIRQ  gpio.o
    0x080038d0   0x080038d0   0x00000030   Code   RO          470    .text.__NVIC_ClearPendingIRQ  uart.o
    0x08003900   0x08003900   0x00000030   Code   RO          908    .text.__NVIC_EnableIRQ  Demo_mini_Project.lib(timer_delay.o)
    0x08003930   0x08003930   0x00000042   Code   RO          906    .text.__NVIC_SetPriority  Demo_mini_Project.lib(timer_delay.o)
    0x08003972   0x08003972   0x00000002   PAD
    0x08003974   0x08003974   0x00000030   Code   RO          914    .text.delayMs       Demo_mini_Project.lib(timer_delay.o)
    0x080039a4   0x080039a4   0x0000000c   Code   RO          930    .text.delay_cycles  LCDFunctions.lib(delay.o)
    0x080039b0   0x080039b0   0x00000056   Code   RO          928    .text.delay_ms      LCDFunctions.lib(delay.o)
    0x08003a06   0x08003a06   0x00000002   PAD
    0x08003a08   0x08003a08   0x0000005a   Code   RO          932    .text.delay_us      LCDFunctions.lib(delay.o)
    0x08003a62   0x08003a62   0x00000002   PAD
    0x08003a64   0x08003a64   0x00000036   Code   RO           14    .text.gpio_set      gpio.o
    0x08003a9a   0x08003a9a   0x00000002   PAD
    0x08003a9c   0x08003a9c   0x00000142   Code   RO           22    .text.gpio_set_mode  gpio.o
    0x08003bde   0x08003bde   0x00000002   PAD
    0x08003be0   0x08003be0   0x000000e4   Code   RO          486    .text.intToStr      utils_1.o
    0x08003cc4   0x08003cc4   0x000000be   Code   RO          788    .text.lcd_init      LCDFunctions.lib(lcd.o)
    0x08003d82   0x08003d82   0x00000002   PAD
    0x08003d84   0x08003d84   0x00000048   Code   RO          802    .text.lcd_print     LCDFunctions.lib(lcd.o)
    0x08003dcc   0x08003dcc   0x00000096   Code   RO          800    .text.lcd_put_char  LCDFunctions.lib(lcd.o)
    0x08003e62   0x08003e62   0x00000002   PAD
    0x08003e64   0x08003e64   0x0000001e   Code   RO          792    .text.lcd_set_cursor  LCDFunctions.lib(lcd.o)
    0x08003e82   0x08003e82   0x00000002   PAD
    0x08003e84   0x08003e84   0x00000092   Code   RO          790    .text.lcd_write_cmd  LCDFunctions.lib(lcd.o)
    0x08003f16   0x08003f16   0x00000002   PAD
    0x08003f18   0x08003f18   0x00000066   Code   RO            2    .text.main          demo_main.o
    0x08003f7e   0x08003f7e   0x00000002   PAD
    0x08003f80   0x08003f80   0x0000008a   Code   RO          679    .text.ow_delay_us   my_ds18s20.o
    0x0800400a   0x0800400a   0x00000002   PAD
    0x0800400c   0x0800400c   0x0000001e   Code   RO          689    .text.ow_pin_input  my_ds18s20.o
    0x0800402a   0x0800402a   0x00000002   PAD
    0x0800402c   0x0800402c   0x00000032   Code   RO          687    .text.ow_pin_output_low  my_ds18s20.o
    0x0800405e   0x0800405e   0x00000002   PAD
    0x08004060   0x08004060   0x00000036   Code   RO          693    .text.ow_read_bit   my_ds18s20.o
    0x08004096   0x08004096   0x00000002   PAD
    0x08004098   0x08004098   0x00000050   Code   RO          675    .text.ow_read_byte  my_ds18s20.o
    0x080040e8   0x080040e8   0x0000003c   Code   RO          669    .text.ow_reset      my_ds18s20.o
    0x08004124   0x08004124   0x00000040   Code   RO          691    .text.ow_write_bit  my_ds18s20.o
    0x08004164   0x08004164   0x00000042   Code   RO          671    .text.ow_write_byte  my_ds18s20.o
    0x080041a6   0x080041a6   0x00000002   PAD
    0x080041a8   0x080041a8   0x00000026   Code   RO          578    .text.simple_random  snake_game_1.o
    0x080041ce   0x080041ce   0x00000002   PAD
    0x080041d0   0x080041d0   0x00000032   Code   RO          474    .text.uart_rx       uart.o
    0x08004202   0x08004202   0x00000026   Code   RO          989    i.__ARM_fpclassifyf  m_wm.l(fpclassifyf.o)
    0x08004228   0x08004228   0x000002ac   Code   RO          967    i.__hardfp_atan2f   m_wm.l(atan2f.o)
    0x080044d4   0x080044d4   0x0000003a   Code   RO          973    i.__hardfp_sqrtf    m_wm.l(sqrtf.o)
    0x0800450e   0x0800450e   0x00000006   Code   RO          993    i.__mathlib_flt_infnan2  m_wm.l(funder.o)
    0x08004514   0x08004514   0x00000010   Code   RO          997    i.__mathlib_flt_underflow  m_wm.l(funder.o)
    0x08004524   0x08004524   0x0000001a   Code   RO         1096    x$fpl$fpinit        fz_wm.l(fpinit.o)
    0x0800453e   0x0800453e   0x00000000   Code   RO          988    x$fpl$usenofp       fz_wm.l(usenofp.o)
    0x0800453e   0x0800453e   0x00000010   Data   RO          779    .rodata.AHBPrescTable  system_stm32f4xx.o
    0x0800454e   0x0800454e   0x00000002   PAD
    0x08004550   0x08004550   0x00000018   Data   RO          757    .rodata.EventRecorderInfo  eventrecorder.o
    0x08004568   0x08004568   0x000001db   Data   RO          831    .rodata.Font5x7     Demo_mini_Project.lib(foun5x7.o)
    0x08004743   0x08004743   0x00000004   Data   RO          624    .rodata.P_DANGER_EVEN  snake_render_1.o
    0x08004747   0x08004747   0x00000004   Data   RO          623    .rodata.P_DANGER_ODD  snake_render_1.o
    0x0800474b   0x0800474b   0x00000004   Data   RO          626    .rodata.P_END_EVEN  snake_render_1.o
    0x0800474f   0x0800474f   0x00000004   Data   RO          625    .rodata.P_END_ODD   snake_render_1.o
    0x08004753   0x08004753   0x00000004   Data   RO          622    .rodata.P_FOOD_EVEN  snake_render_1.o
    0x08004757   0x08004757   0x00000004   Data   RO          621    .rodata.P_FOOD_ODD  snake_render_1.o
    0x0800475b   0x0800475b   0x00000004   Data   RO          628    .rodata.P_HEAD_EVEN  snake_render_1.o
    0x0800475f   0x0800475f   0x00000004   Data   RO          627    .rodata.P_HEAD_ODD  snake_render_1.o
    0x08004763   0x08004763   0x00000004   Data   RO          630    .rodata.P_SNAKE_EVEN  snake_render_1.o
    0x08004767   0x08004767   0x00000004   Data   RO          629    .rodata.P_SNAKE_ODD  snake_render_1.o
    0x0800476b   0x0800476b   0x00000004   Data   RO          620    .rodata.P_WALL_EVEN  snake_render_1.o
    0x0800476f   0x0800476f   0x00000004   Data   RO          619    .rodata.P_WALL_ODD  snake_render_1.o
    0x08004773   0x08004773   0x00000005   Data   RO          837    .rodata.font_degree  Demo_mini_Project.lib(foun5x7.o)
    0x08004778   0x08004778   0x000001e0   Data   RO          545    .rodata.str1.1      app_1.o
    0x08004958   0x08004958   0x00000020   Data   RO         1171    Region$$Table       anon$$obj.o


    Execution Region RW_IRAM1 (Exec base: 0x20000000, Load base: 0x08004980, Size: 0x00001528, Max: 0x00018000, ABSOLUTE)

    Exec Addr    Load Addr    Size         Type   Attr      Idx    E Section Name        Object

    0x20000000   0x08004980   0x00000001   Data   RW          544    .data.App_Run.startup_stage_drawn  app_1.o
    0x20000001   0x08004981   0x00000003   PAD
    0x20000004   0x08004984   0x00000010   Data   RW          804    .data.P_LCD_DATA    LCDFunctions.lib(lcd.o)
    0x20000014   0x08004994   0x00000004   Data   RW          778    .data.SystemCoreClock  system_stm32f4xx.o
    0x20000018   0x08004998   0x0000000c   Data   RW          547    .data.member_bupt_ids  app_1.o
    0x20000024   0x080049a4   0x0000000c   Data   RW          546    .data.member_names  app_1.o
    0x20000030   0x080049b0   0x0000000c   Data   RW          548    .data.member_qm_ids  app_1.o
    0x2000003c   0x080049bc   0x00000004   PAD
    0x20000040        -       0x00000060   Zero   RW         1026    .bss                c_w.l(libspace.o)
    0x200000a0        -       0x00000004   Zero   RW          549    .bss.App_Run.k4_press_start  app_1.o
    0x200000a4        -       0x00000001   Zero   RW          550    .bss.App_Run.k4_was_held  app_1.o
    0x200000a5        -       0x00000001   Zero   RW          540    .bss.App_Run.prev_k1  app_1.o
    0x200000a6        -       0x00000001   Zero   RW          541    .bss.App_Run.prev_k2  app_1.o
    0x200000a7        -       0x00000001   Zero   RW          542    .bss.App_Run.prev_k3  app_1.o
    0x200000a8        -       0x00000001   Zero   RW          543    .bss.App_Run.prev_k4  app_1.o
    0x200000a9   0x080049bc   0x00000003   PAD
    0x200000ac        -       0x00000004   Zero   RW           56    .bss.GPIO_callback  gpio.o
    0x200000b0        -       0x00000004   Zero   RW           54    .bss.IRQ_pin_index  gpio.o
    0x200000b4        -       0x00000004   Zero   RW           53    .bss.IRQ_port_num   gpio.o
    0x200000b8        -       0x00000004   Zero   RW           52    .bss.IRQ_status     gpio.o
    0x200000bc        -       0x00000004   Zero   RW          478    .bss.UART_callback  uart.o
    0x200000c0        -       0x00000004   Zero   RW          805    .bss.char_num       LCDFunctions.lib(lcd.o)
    0x200000c4        -       0x00000001   Zero   RW          697    .bss.ds18_busy      my_ds18s20.o
    0x200000c5        -       0x00000001   Zero   RW          695    .bss.ds18_ready     my_ds18s20.o
    0x200000c6   0x080049bc   0x00000002   PAD
    0x200000c8        -       0x00000004   Zero   RW          696    .bss.ds18_temp_x10  my_ds18s20.o
    0x200000cc        -       0x00000002   Zero   RW          698    .bss.ds18_timer     my_ds18s20.o
    0x200000ce        -       0x00000400   Zero   RW          617    .bss.fb             snake_render_1.o
    0x200004ce        -       0x00000400   Zero   RW          618    .bss.fb_last        snake_render_1.o
    0x200008ce   0x080049bc   0x00000002   PAD
    0x200008d0        -       0x00000180   Zero   RW            4    .bss.main.app       demo_main.o
    0x20000a50        -       0x00000004   Zero   RW          920    .bss.msTicks        Demo_mini_Project.lib(timer_delay.o)
    0x20000a54   0x080049bc   0x0000002c   PAD
    0x20000a80        -       0x000004a4   Zero   RW          756    .bss.noinit         eventrecorder.o
    0x20000f24        -       0x00000004   Zero   RW          449    .bss.timer_callback  timer.o
    0x20000f28        -       0x00000200   Zero   RW          765    HEAP                startup_stm32f401xe.o
    0x20001128        -       0x00000400   Zero   RW          764    STACK               startup_stm32f401xe.o


==============================================================================

Image component sizes


      Code (inc. data)   RO Data    RW Data    ZI Data      Debug   Object Name

      4584         18        480         37          9       9579   app_1.o
       102          0          0          0        384       3469   demo_main.o
         0          0         24          0       1188       8372   eventrecorder.o
       986         12          0          0          0       3271   gesture_1.o
      1348          6          0          0         16       9820   gpio.o
       870          0          0          0          8       5206   my_ds18s20.o
      2874          4          0          0          0       5864   snake_game_1.o
      1182          0         48          0       2048       4073   snake_render_1.o
        64         26        404          0       1536        908   startup_stm32f401xe.o
        82          0          0          0          0       7039   stm32f4xx_usart.o
       334          0         16          4          0       2806   system_stm32f4xx.o
        16          0          0          0          4       4860   timer.o
       152          0          0          0          4       6182   uart.o
       228          0          0          0          0        804   utils_1.o

    ----------------------------------------------------------------------
     12890         66       1006         44       5208      72253   Object Totals
         0          0         32          0          0          0   (incl. Generated)
        68          0          2          3         11          0   (incl. Padding)

    ----------------------------------------------------------------------

      Code (inc. data)   RO Data    RW Data    ZI Data      Debug   Library Member Name

       156          0          0          0          0       2279   buttons.o
         0          0        480          0          0        814   foun5x7.o
      1018          0          0          0          0       3255   i2c1_bus.o
       176          0          0          0          0       1430   mpu6500.o
       564          0          0          0          0       2579   oled.o
       368          0          0          0          4       6177   timer_delay.o
       188          0          0          0          0       1156   delay.o
       588          0          0         16          4       4542   lcd.o
         8          0          0          0          0         68   __main.o
         0          0          0          0          0          0   __rtentry.o
        12          0          0          0          0          0   __rtentry2.o
         6          0          0          0          0          0   __rtentry4.o
        94          8          0          0          0          0   __scatter.o
        26          0          0          0          0          0   __scatter_copy.o
        28          0          0          0          0          0   __scatter_zi.o
        22          0          0          0          0        100   _rserrno.o
        18          0          0          0          0         80   exit.o
         6          0          0          0          0        152   heapauxi.o
         0          0          0          0          0          0   indicate_semi.o
         2          0          0          0          0          0   libinit.o
         6          0          0          0          0          0   libinit2.o
         2          0          0          0          0          0   libshutdown.o
         2          0          0          0          0          0   libshutdown2.o
         8          4          0          0         96         68   libspace.o
         8          4          0          0          0         68   rt_errno_addr_intlibspace.o
        68          0          0          0          0         68   rt_memclr.o
        78          0          0          0          0         80   rt_memclr_w.o
         2          0          0          0          0          0   rtexit.o
        10          0          0          0          0          0   rtexit2.o
        12          4          0          0          0         68   sys_exit.o
        74          0          0          0          0         80   sys_stackheap_outer.o
         2          0          0          0          0         68   use_no_semi.o
        26          0          0          0          0        116   fpinit.o
         0          0          0          0          0          0   usenofp.o
       684         90          0          0          0        208   atan2f.o
        38          0          0          0          0        116   fpclassifyf.o
        22          6          0          0          0        232   funder.o
        58          0          0          0          0        136   sqrtf.o

    ----------------------------------------------------------------------
      4432        116        480         16        148      23940   Library Totals
        52          0          0          0         44          0   (incl. Padding)

    ----------------------------------------------------------------------

      Code (inc. data)   RO Data    RW Data    ZI Data      Debug   Library Name

      2282          0        480          0          4      16534   Demo_mini_Project.lib
       776          0          0         16          4       5698   LCDFunctions.lib
       494         20          0          0         96        900   c_w.l
        26          0          0          0          0        116   fz_wm.l
       802         96          0          0          0        692   m_wm.l

    ----------------------------------------------------------------------
      4432        116        480         16        148      23940   Library Totals

    ----------------------------------------------------------------------

==============================================================================


      Code (inc. data)   RO Data    RW Data    ZI Data      Debug   

     17322        182       1486         60       5356      95137   Grand Totals
     17322        182       1486         60       5356      95137   ELF Image Totals
     17322        182       1486         60          0          0   ROM Totals

==============================================================================

    Total RO  Size (Code + RO Data)                18808 (  18.37kB)
    Total RW  Size (RW Data + ZI Data)              5416 (   5.29kB)
    Total ROM Size (Code + RO Data + RW Data)      18868 (  18.43kB)

==============================================================================

